WARNING: A restricted method in java.lang.System has been called
WARNING: java.lang.System::load has been called by org.fusesource.jansi.internal.JansiLoader in an unnamed module (file:/Users/quimeymunoz/.m2/wrapper/dists/apache-maven-3.9.6/a53741d1/lib/jansi-2.4.0.jar)
WARNING: Use --enable-native-access=ALL-UNNAMED to avoid a warning for callers in this module
WARNING: Restricted methods will be blocked in a future release unless native access is enabled

Apache Maven 3.9.6 (bc0240f3c744dd6b6ec2920b3cd08dcc295161ae)
Maven home: /Users/quimeymunoz/.m2/wrapper/dists/apache-maven-3.9.6/a53741d1
Java version: 25.0.1, vendor: Oracle Corporation, runtime: /Library/Java/JavaVirtualMachines/jdk-25.jdk/Contents/Home
Default locale: sv_SE, platform encoding: UTF-8
OS name: "mac os x", version: "26.4.1", arch: "aarch64", family: "mac"
WARNING: A terminally deprecated method in sun.misc.Unsafe has been called
WARNING: sun.misc.Unsafe::objectFieldOffset has been called by com.google.common.util.concurrent.AbstractFuture$UnsafeAtomicHelper (file:/Users/quimeymunoz/.m2/wrapper/dists/apache-maven-3.9.6/a53741d1/lib/guava-32.0.1-jre.jar)
WARNING: Please consider reporting this to the maintainers of class com.google.common.util.concurrent.AbstractFuture$UnsafeAtomicHelper
WARNING: sun.misc.Unsafe::objectFieldOffset will be removed in a future release
[DEBUG] Created new class realm maven.api
[DEBUG] Importing foreign packages into class realm maven.api
[DEBUG]   Imported: javax.annotation.* < plexus.core
[DEBUG]   Imported: javax.annotation.security.* < plexus.core
[DEBUG]   Imported: javax.inject.* < plexus.core
[DEBUG]   Imported: org.apache.maven.* < plexus.core
[DEBUG]   Imported: org.apache.maven.artifact < plexus.core
[DEBUG]   Imported: org.apache.maven.classrealm < plexus.core
[DEBUG]   Imported: org.apache.maven.cli < plexus.core
[DEBUG]   Imported: org.apache.maven.configuration < plexus.core
[DEBUG]   Imported: org.apache.maven.exception < plexus.core
[DEBUG]   Imported: org.apache.maven.execution < plexus.core
[DEBUG]   Imported: org.apache.maven.execution.scope < plexus.core
[DEBUG]   Imported: org.apache.maven.graph < plexus.core
[DEBUG]   Imported: org.apache.maven.lifecycle < plexus.core
[DEBUG]   Imported: org.apache.maven.model < plexus.core
[DEBUG]   Imported: org.apache.maven.monitor < plexus.core
[DEBUG]   Imported: org.apache.maven.plugin < plexus.core
[DEBUG]   Imported: org.apache.maven.profiles < plexus.core
[DEBUG]   Imported: org.apache.maven.project < plexus.core
[DEBUG]   Imported: org.apache.maven.reporting < plexus.core
[DEBUG]   Imported: org.apache.maven.repository < plexus.core
[DEBUG]   Imported: org.apache.maven.rtinfo < plexus.core
[DEBUG]   Imported: org.apache.maven.settings < plexus.core
[DEBUG]   Imported: org.apache.maven.toolchain < plexus.core
[DEBUG]   Imported: org.apache.maven.usability < plexus.core
[DEBUG]   Imported: org.apache.maven.wagon.* < plexus.core
[DEBUG]   Imported: org.apache.maven.wagon.authentication < plexus.core
[DEBUG]   Imported: org.apache.maven.wagon.authorization < plexus.core
[DEBUG]   Imported: org.apache.maven.wagon.events < plexus.core
[DEBUG]   Imported: org.apache.maven.wagon.observers < plexus.core
[DEBUG]   Imported: org.apache.maven.wagon.proxy < plexus.core
[DEBUG]   Imported: org.apache.maven.wagon.repository < plexus.core
[DEBUG]   Imported: org.apache.maven.wagon.resource < plexus.core
[DEBUG]   Imported: org.codehaus.classworlds < plexus.core
[DEBUG]   Imported: org.codehaus.plexus.* < plexus.core
[DEBUG]   Imported: org.codehaus.plexus.classworlds < plexus.core
[DEBUG]   Imported: org.codehaus.plexus.component < plexus.core
[DEBUG]   Imported: org.codehaus.plexus.configuration < plexus.core
[DEBUG]   Imported: org.codehaus.plexus.container < plexus.core
[DEBUG]   Imported: org.codehaus.plexus.context < plexus.core
[DEBUG]   Imported: org.codehaus.plexus.lifecycle < plexus.core
[DEBUG]   Imported: org.codehaus.plexus.logging < plexus.core
[DEBUG]   Imported: org.codehaus.plexus.personality < plexus.core
[DEBUG]   Imported: org.codehaus.plexus.util.xml.Xpp3Dom < plexus.core
[DEBUG]   Imported: org.codehaus.plexus.util.xml.pull.XmlPullParser < plexus.core
[DEBUG]   Imported: org.codehaus.plexus.util.xml.pull.XmlPullParserException < plexus.core
[DEBUG]   Imported: org.codehaus.plexus.util.xml.pull.XmlSerializer < plexus.core
[DEBUG]   Imported: org.eclipse.aether.* < plexus.core
[DEBUG]   Imported: org.eclipse.aether.artifact < plexus.core
[DEBUG]   Imported: org.eclipse.aether.collection < plexus.core
[DEBUG]   Imported: org.eclipse.aether.deployment < plexus.core
[DEBUG]   Imported: org.eclipse.aether.graph < plexus.core
[DEBUG]   Imported: org.eclipse.aether.impl < plexus.core
[DEBUG]   Imported: org.eclipse.aether.installation < plexus.core
[DEBUG]   Imported: org.eclipse.aether.internal.impl < plexus.core
[DEBUG]   Imported: org.eclipse.aether.metadata < plexus.core
[DEBUG]   Imported: org.eclipse.aether.repository < plexus.core
[DEBUG]   Imported: org.eclipse.aether.resolution < plexus.core
[DEBUG]   Imported: org.eclipse.aether.spi < plexus.core
[DEBUG]   Imported: org.eclipse.aether.transfer < plexus.core
[DEBUG]   Imported: org.eclipse.aether.util < plexus.core
[DEBUG]   Imported: org.eclipse.aether.version < plexus.core
[DEBUG]   Imported: org.fusesource.jansi.* < plexus.core
[DEBUG]   Imported: org.slf4j.* < plexus.core
[DEBUG]   Imported: org.slf4j.event.* < plexus.core
[DEBUG]   Imported: org.slf4j.helpers.* < plexus.core
[DEBUG]   Imported: org.slf4j.spi.* < plexus.core
[DEBUG] Populating class realm maven.api
[DEBUG] Created adapter factory; available factories [file-lock, rwlock-local, semaphore-local, noop]; available name mappers [discriminating, file-gav, file-hgav, file-static, gav, static]
[INFO] Error stacktraces are turned on.
[DEBUG] Message scheme: color
[DEBUG] Message styles: debug info warning error success failure strong mojo project
[DEBUG] Reading global settings from /Users/quimeymunoz/.m2/wrapper/dists/apache-maven-3.9.6/a53741d1/conf/settings.xml
[DEBUG] Reading user settings from /Users/quimeymunoz/.m2/settings.xml
[DEBUG] Reading global toolchains from /Users/quimeymunoz/.m2/wrapper/dists/apache-maven-3.9.6/a53741d1/conf/toolchains.xml
[DEBUG] Reading user toolchains from /Users/quimeymunoz/.m2/toolchains.xml
[DEBUG] Using local repository at /Users/quimeymunoz/.m2/repository
[DEBUG] Using manager EnhancedLocalRepositoryManager with priority 10.0 for /Users/quimeymunoz/.m2/repository
[INFO] Scanning for projects...
[DEBUG] Extension realms for project se.su.inlupp:inlupp:pom:1.0-SNAPSHOT: (none)
[DEBUG] Looking up lifecycle mappings for packaging pom from ClassRealm[plexus.core, parent: null]
[DEBUG] Creating adapter using nameMapper 'gav' and factory 'rwlock-local'
[DEBUG] Extension realms for project se.su.inlupp:backend:jar:1.0-SNAPSHOT: (none)
[DEBUG] Looking up lifecycle mappings for packaging jar from ClassRealm[plexus.core, parent: null]
[DEBUG] Extension realms for project se.su.inlupp:gui:jar:1.0-SNAPSHOT: (none)
[DEBUG] Looking up lifecycle mappings for packaging jar from ClassRealm[plexus.core, parent: null]
[INFO] ------------------------------------------------------------------------
[INFO] Reactor Build Order:
[INFO] 
[INFO] inlupp                                                             [pom]
[INFO] backend                                                            [jar]
[INFO] gui                                                                [jar]
[DEBUG] === REACTOR BUILD PLAN ================================================
[DEBUG] Project: se.su.inlupp:inlupp:pom:1.0-SNAPSHOT
[DEBUG] Tasks:   [clean, package]
[DEBUG] Style:   Regular
[DEBUG] -----------------------------------------------------------------------
[DEBUG] Project: se.su.inlupp:backend:jar:1.0-SNAPSHOT
[DEBUG] Tasks:   [clean, package]
[DEBUG] Style:   Regular
[DEBUG] -----------------------------------------------------------------------
[DEBUG] Project: se.su.inlupp:gui:jar:1.0-SNAPSHOT
[DEBUG] Tasks:   [clean, package]
[DEBUG] Style:   Regular
[DEBUG] =======================================================================
[INFO] 
[INFO] ------------------------< se.su.inlupp:inlupp >-------------------------
[INFO] Building inlupp 1.0-SNAPSHOT                                       [1/3]
[INFO]   from pom.xml
[INFO] --------------------------------[ pom ]---------------------------------
[DEBUG] Lifecycle clean -> [pre-clean, clean, post-clean]
[DEBUG] Lifecycle default -> [validate, initialize, generate-sources, process-sources, generate-resources, process-resources, compile, process-classes, generate-test-sources, process-test-sources, generate-test-resources, process-test-resources, test-compile, process-test-classes, test, prepare-package, package, pre-integration-test, integration-test, post-integration-test, verify, install, deploy]
[DEBUG] Lifecycle site -> [pre-site, site, post-site, site-deploy]
[DEBUG] Lifecycle clean -> [pre-clean, clean, post-clean]
[DEBUG] Lifecycle default -> [validate, initialize, generate-sources, process-sources, generate-resources, process-resources, compile, process-classes, generate-test-sources, process-test-sources, generate-test-resources, process-test-resources, test-compile, process-test-classes, test, prepare-package, package, pre-integration-test, integration-test, post-integration-test, verify, install, deploy]
[DEBUG] Lifecycle site -> [pre-site, site, post-site, site-deploy]
[DEBUG] Lifecycle clean -> [pre-clean, clean, post-clean]
[DEBUG] Lifecycle default -> [validate, initialize, generate-sources, process-sources, generate-resources, process-resources, compile, process-classes, generate-test-sources, process-test-sources, generate-test-resources, process-test-resources, test-compile, process-test-classes, test, prepare-package, package, pre-integration-test, integration-test, post-integration-test, verify, install, deploy]
[DEBUG] Lifecycle site -> [pre-site, site, post-site, site-deploy]
[DEBUG] === PROJECT BUILD PLAN ================================================
[DEBUG] Project:       se.su.inlupp:inlupp:1.0-SNAPSHOT
[DEBUG] Dependencies (collect): []
[DEBUG] Dependencies (resolve): []
[DEBUG] Repositories (dependencies): [central (https://repo.maven.apache.org/maven2, default, releases)]
[DEBUG] Repositories (plugins)     : [central (https://repo.maven.apache.org/maven2, default, releases)]
[DEBUG] -----------------------------------------------------------------------
[DEBUG] Goal:          org.apache.maven.plugins:maven-clean-plugin:3.4.0:clean (default-clean)
[DEBUG] Style:         Regular
[DEBUG] Configuration: <?xml version="1.0" encoding="UTF-8"?>
<configuration>
  <directory default-value="${project.build.directory}"/>
  <excludeDefaultDirectories default-value="false">${maven.clean.excludeDefaultDirectories}</excludeDefaultDirectories>
  <failOnError default-value="true">${maven.clean.failOnError}</failOnError>
  <fast default-value="false">${maven.clean.fast}</fast>
  <fastDir>${maven.clean.fastDir}</fastDir>
  <fastMode default-value="background">${maven.clean.fastMode}</fastMode>
  <followSymLinks default-value="false">${maven.clean.followSymLinks}</followSymLinks>
  <outputDirectory default-value="${project.build.outputDirectory}"/>
  <reportDirectory default-value="${project.build.outputDirectory}"/>
  <retryOnError default-value="true">${maven.clean.retryOnError}</retryOnError>
  <session default-value="${session}"/>
  <skip default-value="false">${maven.clean.skip}</skip>
  <testOutputDirectory default-value="${project.build.testOutputDirectory}"/>
  <verbose>${maven.clean.verbose}</verbose>
</configuration>
[DEBUG] =======================================================================
[INFO] 
[INFO] --- clean:3.4.0:clean (default-clean) @ inlupp ---
[DEBUG] Dependency collection stats {ConflictMarker.analyzeTime=154625, ConflictMarker.markTime=48584, ConflictMarker.nodeCount=2, ConflictIdSorter.graphTime=92166, ConflictIdSorter.topsortTime=87334, ConflictIdSorter.conflictIdCount=2, ConflictIdSorter.conflictIdCycleCount=0, ConflictResolver.totalTime=907625, ConflictResolver.conflictItemCount=2, DfDependencyCollector.collectTime=9466875, DfDependencyCollector.transformTime=1815167}
[DEBUG] org.apache.maven.plugins:maven-clean-plugin:jar:3.4.0
[DEBUG]    org.codehaus.plexus:plexus-utils:jar:4.0.1:compile
[DEBUG] Created new class realm plugin>org.apache.maven.plugins:maven-clean-plugin:3.4.0
[DEBUG] Importing foreign packages into class realm plugin>org.apache.maven.plugins:maven-clean-plugin:3.4.0
[DEBUG]   Imported:  < maven.api
[DEBUG] Populating class realm plugin>org.apache.maven.plugins:maven-clean-plugin:3.4.0
[DEBUG]   Included: org.apache.maven.plugins:maven-clean-plugin:jar:3.4.0
[DEBUG]   Included: org.codehaus.plexus:plexus-utils:jar:4.0.1
[DEBUG] Loading mojo org.apache.maven.plugins:maven-clean-plugin:3.4.0:clean from plugin realm ClassRealm[plugin>org.apache.maven.plugins:maven-clean-plugin:3.4.0, parent: jdk.internal.loader.ClassLoaders$AppClassLoader@7a8c5397]
[DEBUG] Configuring mojo execution 'org.apache.maven.plugins:maven-clean-plugin:3.4.0:clean:default-clean' with basic configurator -->
[DEBUG]   (f) directory = /Users/quimeymunoz/DSV/PROG2/prog2-inlupp-template/target
[DEBUG]   (f) excludeDefaultDirectories = false
[DEBUG]   (f) failOnError = true
[DEBUG]   (f) fast = false
[DEBUG]   (f) fastMode = background
[DEBUG]   (f) followSymLinks = false
[DEBUG]   (f) outputDirectory = /Users/quimeymunoz/DSV/PROG2/prog2-inlupp-template/target/classes
[DEBUG]   (f) reportDirectory = /Users/quimeymunoz/DSV/PROG2/prog2-inlupp-template/target/classes
[DEBUG]   (f) retryOnError = true
[DEBUG]   (f) session = org.apache.maven.execution.MavenSession@138caeca
[DEBUG]   (f) skip = false
[DEBUG]   (f) testOutputDirectory = /Users/quimeymunoz/DSV/PROG2/prog2-inlupp-template/target/test-classes
[DEBUG] -- end configuration --
[DEBUG] Skipping non-existing directory /Users/quimeymunoz/DSV/PROG2/prog2-inlupp-template/target
[DEBUG] Skipping non-existing directory /Users/quimeymunoz/DSV/PROG2/prog2-inlupp-template/target/classes
[DEBUG] Skipping non-existing directory /Users/quimeymunoz/DSV/PROG2/prog2-inlupp-template/target/test-classes
[DEBUG] Skipping non-existing directory /Users/quimeymunoz/DSV/PROG2/prog2-inlupp-template/target/classes
[INFO] 
[INFO] ------------------------< se.su.inlupp:backend >------------------------
[INFO] Building backend 1.0-SNAPSHOT                                      [2/3]
[INFO]   from backend/pom.xml
[INFO] --------------------------------[ jar ]---------------------------------
[DEBUG] Lifecycle clean -> [pre-clean, clean, post-clean]
[DEBUG] Lifecycle default -> [validate, initialize, generate-sources, process-sources, generate-resources, process-resources, compile, process-classes, generate-test-sources, process-test-sources, generate-test-resources, process-test-resources, test-compile, process-test-classes, test, prepare-package, package, pre-integration-test, integration-test, post-integration-test, verify, install, deploy]
[DEBUG] Lifecycle site -> [pre-site, site, post-site, site-deploy]
[DEBUG] Lifecycle clean -> [pre-clean, clean, post-clean]
[DEBUG] Lifecycle default -> [validate, initialize, generate-sources, process-sources, generate-resources, process-resources, compile, process-classes, generate-test-sources, process-test-sources, generate-test-resources, process-test-resources, test-compile, process-test-classes, test, prepare-package, package, pre-integration-test, integration-test, post-integration-test, verify, install, deploy]
[DEBUG] Lifecycle site -> [pre-site, site, post-site, site-deploy]
[DEBUG] Lifecycle clean -> [pre-clean, clean, post-clean]
[DEBUG] Lifecycle default -> [validate, initialize, generate-sources, process-sources, generate-resources, process-resources, compile, process-classes, generate-test-sources, process-test-sources, generate-test-resources, process-test-resources, test-compile, process-test-classes, test, prepare-package, package, pre-integration-test, integration-test, post-integration-test, verify, install, deploy]
[DEBUG] Lifecycle site -> [pre-site, site, post-site, site-deploy]
[DEBUG] Lifecycle clean -> [pre-clean, clean, post-clean]
[DEBUG] Lifecycle default -> [validate, initialize, generate-sources, process-sources, generate-resources, process-resources, compile, process-classes, generate-test-sources, process-test-sources, generate-test-resources, process-test-resources, test-compile, process-test-classes, test, prepare-package, package, pre-integration-test, integration-test, post-integration-test, verify, install, deploy]
[DEBUG] Lifecycle site -> [pre-site, site, post-site, site-deploy]
[DEBUG] Lifecycle clean -> [pre-clean, clean, post-clean]
[DEBUG] Lifecycle default -> [validate, initialize, generate-sources, process-sources, generate-resources, process-resources, compile, process-classes, generate-test-sources, process-test-sources, generate-test-resources, process-test-resources, test-compile, process-test-classes, test, prepare-package, package, pre-integration-test, integration-test, post-integration-test, verify, install, deploy]
[DEBUG] Lifecycle site -> [pre-site, site, post-site, site-deploy]
[DEBUG] Lifecycle clean -> [pre-clean, clean, post-clean]
[DEBUG] Lifecycle default -> [validate, initialize, generate-sources, process-sources, generate-resources, process-resources, compile, process-classes, generate-test-sources, process-test-sources, generate-test-resources, process-test-resources, test-compile, process-test-classes, test, prepare-package, package, pre-integration-test, integration-test, post-integration-test, verify, install, deploy]
[DEBUG] Lifecycle site -> [pre-site, site, post-site, site-deploy]
[DEBUG] Lifecycle clean -> [pre-clean, clean, post-clean]
[DEBUG] Lifecycle default -> [validate, initialize, generate-sources, process-sources, generate-resources, process-resources, compile, process-classes, generate-test-sources, process-test-sources, generate-test-resources, process-test-resources, test-compile, process-test-classes, test, prepare-package, package, pre-integration-test, integration-test, post-integration-test, verify, install, deploy]
[DEBUG] Lifecycle site -> [pre-site, site, post-site, site-deploy]
[DEBUG] Lifecycle clean -> [pre-clean, clean, post-clean]
[DEBUG] Lifecycle default -> [validate, initialize, generate-sources, process-sources, generate-resources, process-resources, compile, process-classes, generate-test-sources, process-test-sources, generate-test-resources, process-test-resources, test-compile, process-test-classes, test, prepare-package, package, pre-integration-test, integration-test, post-integration-test, verify, install, deploy]
[DEBUG] Lifecycle site -> [pre-site, site, post-site, site-deploy]
[DEBUG] Lifecycle clean -> [pre-clean, clean, post-clean]
[DEBUG] Lifecycle default -> [validate, initialize, generate-sources, process-sources, generate-resources, process-resources, compile, process-classes, generate-test-sources, process-test-sources, generate-test-resources, process-test-resources, test-compile, process-test-classes, test, prepare-package, package, pre-integration-test, integration-test, post-integration-test, verify, install, deploy]
[DEBUG] Lifecycle site -> [pre-site, site, post-site, site-deploy]
[DEBUG] === PROJECT BUILD PLAN ================================================
[DEBUG] Project:       se.su.inlupp:backend:1.0-SNAPSHOT
[DEBUG] Dependencies (collect): []
[DEBUG] Dependencies (resolve): [compile, runtime, test]
[DEBUG] Repositories (dependencies): [central (https://repo.maven.apache.org/maven2, default, releases)]
[DEBUG] Repositories (plugins)     : [central (https://repo.maven.apache.org/maven2, default, releases)]
[DEBUG] -----------------------------------------------------------------------
[DEBUG] Goal:          org.apache.maven.plugins:maven-clean-plugin:3.4.0:clean (default-clean)
[DEBUG] Style:         Regular
[DEBUG] Configuration: <?xml version="1.0" encoding="UTF-8"?>
<configuration>
  <directory default-value="${project.build.directory}"/>
  <excludeDefaultDirectories default-value="false">${maven.clean.excludeDefaultDirectories}</excludeDefaultDirectories>
  <failOnError default-value="true">${maven.clean.failOnError}</failOnError>
  <fast default-value="false">${maven.clean.fast}</fast>
  <fastDir>${maven.clean.fastDir}</fastDir>
  <fastMode default-value="background">${maven.clean.fastMode}</fastMode>
  <followSymLinks default-value="false">${maven.clean.followSymLinks}</followSymLinks>
  <outputDirectory default-value="${project.build.outputDirectory}"/>
  <reportDirectory default-value="${project.build.outputDirectory}"/>
  <retryOnError default-value="true">${maven.clean.retryOnError}</retryOnError>
  <session default-value="${session}"/>
  <skip default-value="false">${maven.clean.skip}</skip>
  <testOutputDirectory default-value="${project.build.testOutputDirectory}"/>
  <verbose>${maven.clean.verbose}</verbose>
</configuration>
[DEBUG] -----------------------------------------------------------------------
[DEBUG] Goal:          org.apache.maven.plugins:maven-resources-plugin:3.3.1:resources (default-resources)
[DEBUG] Style:         Regular
[DEBUG] Configuration: <?xml version="1.0" encoding="UTF-8"?>
<configuration>
  <addDefaultExcludes default-value="true"/>
  <buildFilters default-value="${project.build.filters}"/>
  <encoding default-value="${project.build.sourceEncoding}"/>
  <escapeWindowsPaths default-value="true"/>
  <fileNameFiltering default-value="false"/>
  <includeEmptyDirs default-value="false"/>
  <outputDirectory default-value="${project.build.outputDirectory}"/>
  <overwrite default-value="false"/>
  <project default-value="${project}"/>
  <resources default-value="${project.resources}"/>
  <session default-value="${session}"/>
  <skip default-value="false">${maven.resources.skip}</skip>
  <supportMultiLineFiltering default-value="false"/>
  <useBuildFilters default-value="true"/>
  <useDefaultDelimiters default-value="true"/>
</configuration>
[DEBUG] -----------------------------------------------------------------------
[DEBUG] Goal:          org.apache.maven.plugins:maven-compiler-plugin:3.13.0:compile (default-compile)
[DEBUG] Style:         Regular
[DEBUG] Configuration: <?xml version="1.0" encoding="UTF-8"?>
<configuration>
  <annotationProcessorPathsUseDepMgmt default-value="false"/>
  <basedir default-value="${basedir}"/>
  <buildDirectory default-value="${project.build.directory}"/>
  <compilePath default-value="${project.compileClasspathElements}"/>
  <compileSourceRoots default-value="${project.compileSourceRoots}"/>
  <compilerId default-value="javac">${maven.compiler.compilerId}</compilerId>
  <compilerReuseStrategy default-value="${reuseCreated}">${maven.compiler.compilerReuseStrategy}</compilerReuseStrategy>
  <compilerVersion>${maven.compiler.compilerVersion}</compilerVersion>
  <createMissingPackageInfoClass default-value="true">${maven.compiler.createMissingPackageInfoClass}</createMissingPackageInfoClass>
  <debug default-value="true">${maven.compiler.debug}</debug>
  <debugFileName default-value="javac"/>
  <debuglevel>${maven.compiler.debuglevel}</debuglevel>
  <enablePreview default-value="false">${maven.compiler.enablePreview}</enablePreview>
  <encoding default-value="${project.build.sourceEncoding}">${encoding}</encoding>
  <executable>${maven.compiler.executable}</executable>
  <failOnError default-value="true">${maven.compiler.failOnError}</failOnError>
  <failOnWarning default-value="false">${maven.compiler.failOnWarning}</failOnWarning>
  <fileExtensions default-value="class,jar"/>
  <forceJavacCompilerUse default-value="false">${maven.compiler.forceJavacCompilerUse}</forceJavacCompilerUse>
  <forceLegacyJavacApi default-value="false">${maven.compiler.forceLegacyJavacApi}</forceLegacyJavacApi>
  <fork default-value="false">${maven.compiler.fork}</fork>
  <generatedSourcesDirectory default-value="${project.build.directory}/generated-sources/annotations"/>
  <implicit>${maven.compiler.implicit}</implicit>
  <maxmem>${maven.compiler.maxmem}</maxmem>
  <meminitial>${maven.compiler.meminitial}</meminitial>
  <mojoExecution default-value="${mojoExecution}"/>
  <optimize default-value="false">${maven.compiler.optimize}</optimize>
  <outputDirectory default-value="${project.build.outputDirectory}">${maven.compiler.outputDirectory}</outputDirectory>
  <outputTimestamp default-value="${project.build.outputTimestamp}"/>
  <parameters default-value="false">${maven.compiler.parameters}</parameters>
  <proc>${maven.compiler.proc}</proc>
  <project default-value="${project}"/>
  <projectArtifact default-value="${project.artifact}"/>
  <release>${maven.compiler.release}</release>
  <session default-value="${session}"/>
  <showCompilationChanges default-value="false">${maven.compiler.showCompilationChanges}</showCompilationChanges>
  <showDeprecation default-value="false">${maven.compiler.showDeprecation}</showDeprecation>
  <showWarnings default-value="true">${maven.compiler.showWarnings}</showWarnings>
  <skipMain>${maven.main.skip}</skipMain>
  <skipMultiThreadWarning default-value="false">${maven.compiler.skipMultiThreadWarning}</skipMultiThreadWarning>
  <source default-value="1.8">${maven.compiler.source}</source>
  <staleMillis default-value="0">${lastModGranularityMs}</staleMillis>
  <target default-value="1.8">${maven.compiler.target}</target>
  <useIncrementalCompilation default-value="true">${maven.compiler.useIncrementalCompilation}</useIncrementalCompilation>
  <verbose default-value="false">${maven.compiler.verbose}</verbose>
</configuration>
[DEBUG] -----------------------------------------------------------------------
[DEBUG] Goal:          org.apache.maven.plugins:maven-resources-plugin:3.3.1:testResources (default-testResources)
[DEBUG] Style:         Regular
[DEBUG] Configuration: <?xml version="1.0" encoding="UTF-8"?>
<configuration>
  <addDefaultExcludes default-value="true"/>
  <buildFilters default-value="${project.build.filters}"/>
  <encoding default-value="${project.build.sourceEncoding}"/>
  <escapeWindowsPaths default-value="true"/>
  <fileNameFiltering default-value="false"/>
  <includeEmptyDirs default-value="false"/>
  <outputDirectory default-value="${project.build.testOutputDirectory}"/>
  <overwrite default-value="false"/>
  <project default-value="${project}"/>
  <resources default-value="${project.testResources}"/>
  <session default-value="${session}"/>
  <skip default-value="false">${maven.test.skip}</skip>
  <supportMultiLineFiltering default-value="false"/>
  <useBuildFilters default-value="true"/>
  <useDefaultDelimiters default-value="true"/>
</configuration>
[DEBUG] -----------------------------------------------------------------------
[DEBUG] Goal:          org.apache.maven.plugins:maven-compiler-plugin:3.13.0:testCompile (default-testCompile)
[DEBUG] Style:         Regular
[DEBUG] Configuration: <?xml version="1.0" encoding="UTF-8"?>
<configuration>
  <annotationProcessorPathsUseDepMgmt default-value="false"/>
  <basedir default-value="${basedir}"/>
  <buildDirectory default-value="${project.build.directory}"/>
  <compileSourceRoots default-value="${project.testCompileSourceRoots}"/>
  <compilerId default-value="javac">${maven.compiler.compilerId}</compilerId>
  <compilerReuseStrategy default-value="${reuseCreated}">${maven.compiler.compilerReuseStrategy}</compilerReuseStrategy>
  <compilerVersion>${maven.compiler.compilerVersion}</compilerVersion>
  <createMissingPackageInfoClass default-value="true">${maven.compiler.createMissingPackageInfoClass}</createMissingPackageInfoClass>
  <debug default-value="true">${maven.compiler.debug}</debug>
  <debugFileName default-value="javac-test"/>
  <debuglevel>${maven.compiler.debuglevel}</debuglevel>
  <enablePreview default-value="false">${maven.compiler.enablePreview}</enablePreview>
  <encoding default-value="${project.build.sourceEncoding}">${encoding}</encoding>
  <executable>${maven.compiler.executable}</executable>
  <failOnError default-value="true">${maven.compiler.failOnError}</failOnError>
  <failOnWarning default-value="false">${maven.compiler.failOnWarning}</failOnWarning>
  <fileExtensions default-value="class,jar"/>
  <forceJavacCompilerUse default-value="false">${maven.compiler.forceJavacCompilerUse}</forceJavacCompilerUse>
  <forceLegacyJavacApi default-value="false">${maven.compiler.forceLegacyJavacApi}</forceLegacyJavacApi>
  <fork default-value="false">${maven.compiler.fork}</fork>
  <generatedTestSourcesDirectory default-value="${project.build.directory}/generated-test-sources/test-annotations"/>
  <implicit>${maven.compiler.implicit}</implicit>
  <maxmem>${maven.compiler.maxmem}</maxmem>
  <meminitial>${maven.compiler.meminitial}</meminitial>
  <mojoExecution default-value="${mojoExecution}"/>
  <optimize default-value="false">${maven.compiler.optimize}</optimize>
  <outputDirectory default-value="${project.build.testOutputDirectory}"/>
  <outputTimestamp default-value="${project.build.outputTimestamp}"/>
  <parameters default-value="false">${maven.compiler.parameters}</parameters>
  <proc>${maven.compiler.proc}</proc>
  <project default-value="${project}"/>
  <release>${maven.compiler.release}</release>
  <session default-value="${session}"/>
  <showCompilationChanges default-value="false">${maven.compiler.showCompilationChanges}</showCompilationChanges>
  <showDeprecation default-value="false">${maven.compiler.showDeprecation}</showDeprecation>
  <showWarnings default-value="true">${maven.compiler.showWarnings}</showWarnings>
  <skip>${maven.test.skip}</skip>
  <skipMultiThreadWarning default-value="false">${maven.compiler.skipMultiThreadWarning}</skipMultiThreadWarning>
  <source default-value="1.8">${maven.compiler.source}</source>
  <staleMillis default-value="0">${lastModGranularityMs}</staleMillis>
  <target default-value="1.8">${maven.compiler.target}</target>
  <testPath default-value="${project.testClasspathElements}"/>
  <testRelease>${maven.compiler.testRelease}</testRelease>
  <testSource>${maven.compiler.testSource}</testSource>
  <testTarget>${maven.compiler.testTarget}</testTarget>
  <useIncrementalCompilation default-value="true">${maven.compiler.useIncrementalCompilation}</useIncrementalCompilation>
  <useModulePath default-value="true"/>
  <verbose default-value="false">${maven.compiler.verbose}</verbose>
</configuration>
[DEBUG] -----------------------------------------------------------------------
[DEBUG] Goal:          org.apache.maven.plugins:maven-surefire-plugin:3.1.2:test (default-test)
[DEBUG] Style:         Regular
[DEBUG] Configuration: <?xml version="1.0" encoding="UTF-8"?>
<configuration>
  <additionalClasspathElements>${maven.test.additionalClasspath}</additionalClasspathElements>
  <argLine>${argLine}</argLine>
  <basedir default-value="${basedir}"/>
  <childDelegation default-value="false">${childDelegation}</childDelegation>
  <classesDirectory default-value="${project.build.outputDirectory}"/>
  <classpathDependencyExcludes>${maven.test.dependency.excludes}</classpathDependencyExcludes>
  <debugForkedProcess>${maven.surefire.debug}</debugForkedProcess>
  <dependenciesToScan>${dependenciesToScan}</dependenciesToScan>
  <disableXmlReport default-value="false">${disableXmlReport}</disableXmlReport>
  <enableAssertions default-value="true">${enableAssertions}</enableAssertions>
  <enableProcessChecker>${surefire.enableProcessChecker}</enableProcessChecker>
  <encoding default-value="${project.reporting.outputEncoding}">${surefire.encoding}</encoding>
  <excludeJUnit5Engines>${surefire.excludeJUnit5Engines}</excludeJUnit5Engines>
  <excludedEnvironmentVariables>${surefire.excludedEnvironmentVariables}</excludedEnvironmentVariables>
  <excludedGroups>${excludedGroups}</excludedGroups>
  <excludes>${surefire.excludes}</excludes>
  <excludesFile>${surefire.excludesFile}</excludesFile>
  <failIfNoSpecifiedTests default-value="true">${surefire.failIfNoSpecifiedTests}</failIfNoSpecifiedTests>
  <failIfNoTests default-value="false">${failIfNoTests}</failIfNoTests>
  <failOnFlakeCount default-value="0">${surefire.failOnFlakeCount}</failOnFlakeCount>
  <forkCount default-value="1">${forkCount}</forkCount>
  <forkNode>${surefire.forkNode}</forkNode>
  <forkedProcessExitTimeoutInSeconds default-value="30">${surefire.exitTimeout}</forkedProcessExitTimeoutInSeconds>
  <forkedProcessTimeoutInSeconds>${surefire.timeout}</forkedProcessTimeoutInSeconds>
  <groups>${groups}</groups>
  <includeJUnit5Engines>${surefire.includeJUnit5Engines}</includeJUnit5Engines>
  <includes>${surefire.includes}</includes>
  <includesFile>${surefire.includesFile}</includesFile>
  <junitArtifactName default-value="junit:junit">${junitArtifactName}</junitArtifactName>
  <jvm>${jvm}</jvm>
  <objectFactory>${objectFactory}</objectFactory>
  <parallel>${parallel}</parallel>
  <parallelMavenExecution default-value="${session.parallel}"/>
  <parallelOptimized default-value="true">${parallelOptimized}</parallelOptimized>
  <parallelTestsTimeoutForcedInSeconds>${surefire.parallel.forcedTimeout}</parallelTestsTimeoutForcedInSeconds>
  <parallelTestsTimeoutInSeconds>${surefire.parallel.timeout}</parallelTestsTimeoutInSeconds>
  <perCoreThreadCount default-value="true">${perCoreThreadCount}</perCoreThreadCount>
  <pluginArtifactMap>${plugin.artifactMap}</pluginArtifactMap>
  <pluginDescriptor default-value="${plugin}"/>
  <printSummary default-value="true">${surefire.printSummary}</printSummary>
  <project default-value="${project}"/>
  <projectArtifactMap>${project.artifactMap}</projectArtifactMap>
  <projectBuildDirectory default-value="${project.build.directory}"/>
  <redirectTestOutputToFile default-value="false">${maven.test.redirectTestOutputToFile}</redirectTestOutputToFile>
  <reportFormat default-value="brief">${surefire.reportFormat}</reportFormat>
  <reportNameSuffix default-value="">${surefire.reportNameSuffix}</reportNameSuffix>
  <reportsDirectory default-value="${project.build.directory}/surefire-reports"/>
  <rerunFailingTestsCount default-value="0">${surefire.rerunFailingTestsCount}</rerunFailingTestsCount>
  <reuseForks default-value="true">${reuseForks}</reuseForks>
  <runOrder default-value="filesystem">${surefire.runOrder}</runOrder>
  <runOrderRandomSeed>${surefire.runOrder.random.seed}</runOrderRandomSeed>
  <session default-value="${session}"/>
  <shutdown default-value="exit">${surefire.shutdown}</shutdown>
  <skip default-value="false">${maven.test.skip}</skip>
  <skipAfterFailureCount default-value="0">${surefire.skipAfterFailureCount}</skipAfterFailureCount>
  <skipExec>${maven.test.skip.exec}</skipExec>
  <skipTests default-value="false">${skipTests}</skipTests>
  <suiteXmlFiles>${surefire.suiteXmlFiles}</suiteXmlFiles>
  <systemPropertiesFile>${surefire.systemPropertiesFile}</systemPropertiesFile>
  <tempDir default-value="surefire">${tempDir}</tempDir>
  <test>${test}</test>
  <testClassesDirectory default-value="${project.build.testOutputDirectory}"/>
  <testFailureIgnore default-value="false">${maven.test.failure.ignore}</testFailureIgnore>
  <testNGArtifactName default-value="org.testng:testng">${testNGArtifactName}</testNGArtifactName>
  <testSourceDirectory default-value="${project.build.testSourceDirectory}"/>
  <threadCount>${threadCount}</threadCount>
  <threadCountClasses default-value="0">${threadCountClasses}</threadCountClasses>
  <threadCountMethods default-value="0">${threadCountMethods}</threadCountMethods>
  <threadCountSuites default-value="0">${threadCountSuites}</threadCountSuites>
  <trimStackTrace default-value="false">${trimStackTrace}</trimStackTrace>
  <useFile default-value="true">${surefire.useFile}</useFile>
  <useManifestOnlyJar default-value="true">${surefire.useManifestOnlyJar}</useManifestOnlyJar>
  <useModulePath default-value="true">false</useModulePath>
  <useSystemClassLoader default-value="true">${surefire.useSystemClassLoader}</useSystemClassLoader>
  <useUnlimitedThreads default-value="false">${useUnlimitedThreads}</useUnlimitedThreads>
  <workingDirectory>${basedir}</workingDirectory>
</configuration>
[DEBUG] -----------------------------------------------------------------------
[DEBUG] Goal:          org.apache.maven.plugins:maven-jar-plugin:3.4.2:jar (default-jar)
[DEBUG] Style:         Regular
[DEBUG] Configuration: <?xml version="1.0" encoding="UTF-8"?>
<configuration>
  <addDefaultExcludes default-value="true"/>
  <classesDirectory default-value="${project.build.outputDirectory}"/>
  <detectMultiReleaseJar default-value="true">${maven.jar.detectMultiReleaseJar}</detectMultiReleaseJar>
  <finalName default-value="${project.build.finalName}"/>
  <forceCreation default-value="false">${maven.jar.forceCreation}</forceCreation>
  <outputDirectory default-value="${project.build.directory}"/>
  <outputTimestamp default-value="${project.build.outputTimestamp}"/>
  <project default-value="${project}"/>
  <session default-value="${session}"/>
  <skipIfEmpty default-value="false"/>
  <useDefaultManifestFile default-value="false">${jar.useDefaultManifestFile}</useDefaultManifestFile>
</configuration>
[DEBUG] =======================================================================
[DEBUG] Dependency collection stats {ConflictMarker.analyzeTime=36208, ConflictMarker.markTime=34792, ConflictMarker.nodeCount=16, ConflictIdSorter.graphTime=22917, ConflictIdSorter.topsortTime=7916, ConflictIdSorter.conflictIdCount=7, ConflictIdSorter.conflictIdCycleCount=0, ConflictResolver.totalTime=295583, ConflictResolver.conflictItemCount=15, DfDependencyCollector.collectTime=8703791, DfDependencyCollector.transformTime=421000}
[DEBUG] se.su.inlupp:backend:jar:1.0-SNAPSHOT
[DEBUG]    org.junit.jupiter:junit-jupiter-engine:jar:5.11.0:test
[DEBUG]       org.junit.platform:junit-platform-engine:jar:1.11.0:test (version managed from 1.11.0)
[DEBUG]       org.apiguardian:apiguardian-api:jar:1.1.2:test
[DEBUG]    org.junit.jupiter:junit-jupiter-api:jar:5.11.0:test
[DEBUG]       org.opentest4j:opentest4j:jar:1.3.0:test
[DEBUG]       org.junit.platform:junit-platform-commons:jar:1.11.0:test (version managed from 1.11.0)
[DEBUG]    org.junit.jupiter:junit-jupiter-params:jar:5.11.0:test
[INFO] 
[INFO] --- clean:3.4.0:clean (default-clean) @ backend ---
[DEBUG] Loading mojo org.apache.maven.plugins:maven-clean-plugin:3.4.0:clean from plugin realm ClassRealm[plugin>org.apache.maven.plugins:maven-clean-plugin:3.4.0, parent: jdk.internal.loader.ClassLoaders$AppClassLoader@7a8c5397]
[DEBUG] Configuring mojo execution 'org.apache.maven.plugins:maven-clean-plugin:3.4.0:clean:default-clean' with basic configurator -->
[DEBUG]   (f) directory = /Users/quimeymunoz/DSV/PROG2/prog2-inlupp-template/backend/target
[DEBUG]   (f) excludeDefaultDirectories = false
[DEBUG]   (f) failOnError = true
[DEBUG]   (f) fast = false
[DEBUG]   (f) fastMode = background
[DEBUG]   (f) followSymLinks = false
[DEBUG]   (f) outputDirectory = /Users/quimeymunoz/DSV/PROG2/prog2-inlupp-template/backend/target/classes
[DEBUG]   (f) reportDirectory = /Users/quimeymunoz/DSV/PROG2/prog2-inlupp-template/backend/target/classes
[DEBUG]   (f) retryOnError = true
[DEBUG]   (f) session = org.apache.maven.execution.MavenSession@138caeca
[DEBUG]   (f) skip = false
[DEBUG]   (f) testOutputDirectory = /Users/quimeymunoz/DSV/PROG2/prog2-inlupp-template/backend/target/test-classes
[DEBUG] -- end configuration --
[INFO] Deleting /Users/quimeymunoz/DSV/PROG2/prog2-inlupp-template/backend/target
[INFO] Deleting file /Users/quimeymunoz/DSV/PROG2/prog2-inlupp-template/backend/target/backend-1.0-SNAPSHOT.jar
[INFO] Deleting file /Users/quimeymunoz/DSV/PROG2/prog2-inlupp-template/backend/target/maven-archiver/pom.properties
[INFO] Deleting directory /Users/quimeymunoz/DSV/PROG2/prog2-inlupp-template/backend/target/maven-archiver
[INFO] Deleting file /Users/quimeymunoz/DSV/PROG2/prog2-inlupp-template/backend/target/maven-status/maven-compiler-plugin/compile/default-compile/createdFiles.lst
[INFO] Deleting file /Users/quimeymunoz/DSV/PROG2/prog2-inlupp-template/backend/target/maven-status/maven-compiler-plugin/compile/default-compile/inputFiles.lst
[INFO] Deleting directory /Users/quimeymunoz/DSV/PROG2/prog2-inlupp-template/backend/target/maven-status/maven-compiler-plugin/compile/default-compile
[INFO] Deleting directory /Users/quimeymunoz/DSV/PROG2/prog2-inlupp-template/backend/target/maven-status/maven-compiler-plugin/compile
[INFO] Deleting directory /Users/quimeymunoz/DSV/PROG2/prog2-inlupp-template/backend/target/maven-status/maven-compiler-plugin
[INFO] Deleting directory /Users/quimeymunoz/DSV/PROG2/prog2-inlupp-template/backend/target/maven-status
[INFO] Deleting file /Users/quimeymunoz/DSV/PROG2/prog2-inlupp-template/backend/target/classes/se/su/inlupp/ListGraph$ListEdge.class
[INFO] Deleting file /Users/quimeymunoz/DSV/PROG2/prog2-inlupp-template/backend/target/classes/se/su/inlupp/PathFinder.class
[INFO] Deleting file /Users/quimeymunoz/DSV/PROG2/prog2-inlupp-template/backend/target/classes/se/su/inlupp/ListGraph.class
[INFO] Deleting file /Users/quimeymunoz/DSV/PROG2/prog2-inlupp-template/backend/target/classes/se/su/inlupp/MyPath.class
[INFO] Deleting file /Users/quimeymunoz/DSV/PROG2/prog2-inlupp-template/backend/target/classes/se/su/inlupp/Path.class
[INFO] Deleting file /Users/quimeymunoz/DSV/PROG2/prog2-inlupp-template/backend/target/classes/se/su/inlupp/Graph.class
[INFO] Deleting file /Users/quimeymunoz/DSV/PROG2/prog2-inlupp-template/backend/target/classes/se/su/inlupp/BFSPathFinder.class
[INFO] Deleting file /Users/quimeymunoz/DSV/PROG2/prog2-inlupp-template/backend/target/classes/se/su/inlupp/DFSPathFinder.class
[INFO] Deleting file /Users/quimeymunoz/DSV/PROG2/prog2-inlupp-template/backend/target/classes/se/su/inlupp/Edge.class
[INFO] Deleting directory /Users/quimeymunoz/DSV/PROG2/prog2-inlupp-template/backend/target/classes/se/su/inlupp
[INFO] Deleting directory /Users/quimeymunoz/DSV/PROG2/prog2-inlupp-template/backend/target/classes/se/su
[INFO] Deleting directory /Users/quimeymunoz/DSV/PROG2/prog2-inlupp-template/backend/target/classes/se
[INFO] Deleting directory /Users/quimeymunoz/DSV/PROG2/prog2-inlupp-template/backend/target/classes
[INFO] Deleting directory /Users/quimeymunoz/DSV/PROG2/prog2-inlupp-template/backend/target/generated-sources/annotations
[INFO] Deleting directory /Users/quimeymunoz/DSV/PROG2/prog2-inlupp-template/backend/target/generated-sources
[INFO] Deleting directory /Users/quimeymunoz/DSV/PROG2/prog2-inlupp-template/backend/target
[DEBUG] Skipping non-existing directory /Users/quimeymunoz/DSV/PROG2/prog2-inlupp-template/backend/target/classes
[DEBUG] Skipping non-existing directory /Users/quimeymunoz/DSV/PROG2/prog2-inlupp-template/backend/target/test-classes
[DEBUG] Skipping non-existing directory /Users/quimeymunoz/DSV/PROG2/prog2-inlupp-template/backend/target/classes
[INFO] 
[INFO] --- resources:3.3.1:resources (default-resources) @ backend ---
[DEBUG] Dependency collection stats {ConflictMarker.analyzeTime=26333, ConflictMarker.markTime=33042, ConflictMarker.nodeCount=13, ConflictIdSorter.graphTime=13833, ConflictIdSorter.topsortTime=7625, ConflictIdSorter.conflictIdCount=9, ConflictIdSorter.conflictIdCycleCount=0, ConflictResolver.totalTime=168458, ConflictResolver.conflictItemCount=13, DfDependencyCollector.collectTime=32451792, DfDependencyCollector.transformTime=258083}
[DEBUG] org.apache.maven.plugins:maven-resources-plugin:jar:3.3.1
[DEBUG]    org.codehaus.plexus:plexus-interpolation:jar:1.26:runtime
[DEBUG]    org.codehaus.plexus:plexus-utils:jar:3.5.1:compile
[DEBUG]    org.apache.maven.shared:maven-filtering:jar:3.3.1:compile
[DEBUG]       javax.inject:javax.inject:jar:1:compile
[DEBUG]       org.slf4j:slf4j-api:jar:1.7.36:compile
[DEBUG]       org.sonatype.plexus:plexus-build-api:jar:0.0.7:compile
[DEBUG]    commons-io:commons-io:jar:2.11.0:compile
[DEBUG]    org.apache.commons:commons-lang3:jar:3.12.0:compile
[DEBUG] Created new class realm plugin>org.apache.maven.plugins:maven-resources-plugin:3.3.1
[DEBUG] Importing foreign packages into class realm plugin>org.apache.maven.plugins:maven-resources-plugin:3.3.1
[DEBUG]   Imported:  < maven.api
[DEBUG] Populating class realm plugin>org.apache.maven.plugins:maven-resources-plugin:3.3.1
[DEBUG]   Included: org.apache.maven.plugins:maven-resources-plugin:jar:3.3.1
[DEBUG]   Included: org.codehaus.plexus:plexus-interpolation:jar:1.26
[DEBUG]   Included: org.codehaus.plexus:plexus-utils:jar:3.5.1
[DEBUG]   Included: org.apache.maven.shared:maven-filtering:jar:3.3.1
[DEBUG]   Included: org.sonatype.plexus:plexus-build-api:jar:0.0.7
[DEBUG]   Included: commons-io:commons-io:jar:2.11.0
[DEBUG]   Included: org.apache.commons:commons-lang3:jar:3.12.0
[DEBUG] Loading mojo org.apache.maven.plugins:maven-resources-plugin:3.3.1:resources from plugin realm ClassRealm[plugin>org.apache.maven.plugins:maven-resources-plugin:3.3.1, parent: jdk.internal.loader.ClassLoaders$AppClassLoader@7a8c5397]
[DEBUG] Configuring mojo execution 'org.apache.maven.plugins:maven-resources-plugin:3.3.1:resources:default-resources' with basic configurator -->
[DEBUG]   (f) addDefaultExcludes = true
[DEBUG]   (f) buildFilters = []
[DEBUG]   (f) encoding = UTF-8
[DEBUG]   (f) escapeWindowsPaths = true
[DEBUG]   (f) fileNameFiltering = false
[DEBUG]   (s) includeEmptyDirs = false
[DEBUG]   (s) outputDirectory = /Users/quimeymunoz/DSV/PROG2/prog2-inlupp-template/backend/target/classes
[DEBUG]   (s) overwrite = false
[DEBUG]   (f) project = MavenProject: se.su.inlupp:backend:1.0-SNAPSHOT @ /Users/quimeymunoz/DSV/PROG2/prog2-inlupp-template/backend/pom.xml
[DEBUG]   (s) resources = [Resource {targetPath: null, filtering: false, FileSet {directory: /Users/quimeymunoz/DSV/PROG2/prog2-inlupp-template/backend/src/main/resources, PatternSet [includes: {}, excludes: {}]}}]
[DEBUG]   (f) session = org.apache.maven.execution.MavenSession@138caeca
[DEBUG]   (f) skip = false
[DEBUG]   (f) supportMultiLineFiltering = false
[DEBUG]   (f) useBuildFilters = true
[DEBUG]   (s) useDefaultDelimiters = true
[DEBUG] -- end configuration --
[DEBUG] properties used:
[DEBUG] apple.awt.application.name: Launcher
[DEBUG] classworlds.conf: /Users/quimeymunoz/.m2/wrapper/dists/apache-maven-3.9.6/a53741d1/bin/m2.conf
[DEBUG] env.COLORTERM: truecolor
[DEBUG] env.COMMAND_MODE: unix2003
[DEBUG] env.GIT_ASKPASS: /Applications/Visual Studio Code.app/Contents/Resources/app/extensions/git/dist/askpass.sh
[DEBUG] env.GIT_EDITOR: :
[DEBUG] env.GIT_MERGE_AUTOEDIT: no
[DEBUG] env.GIT_PAGER: cat
[DEBUG] env.GK_GL_ADDR: http://127.0.0.1:62074
[DEBUG] env.GK_GL_PATH: /var/folders/k8/h3jqtm314zxdpc48qz5xy3f40000gn/T/gitkraken/gitlens/gitlens-ipc-server-57954-62074.json
[DEBUG] env.HOME: /Users/quimeymunoz
[DEBUG] env.LANG: C.UTF-8
[DEBUG] env.LOCAL_GIT_DIRECTORY: /Applications/GitHub Desktop.app/Contents/Resources/app/git
[DEBUG] env.LOGNAME: quimeymunoz
[DEBUG] env.MAVEN_CMD_LINE_ARGS:  clean package -Dmaven.test.skip -X
[DEBUG] env.MAVEN_PROJECTBASEDIR: /Users/quimeymunoz/DSV/PROG2/prog2-inlupp-template
[DEBUG] env.MallocNanoZone: 0
[DEBUG] env.OLDPWD: /Users/quimeymunoz/DSV/PROG2/prog2-inlupp-template
[DEBUG] env.OSLogRateLimit: 64
[DEBUG] env.PATH: /Users/quimeymunoz/Library/Application Support/Code/User/globalStorage/github.copilot-chat/debugCommand:/Users/quimeymunoz/Library/Application Support/Code/User/globalStorage/github.copilot-chat/copilotCli:/usr/local/bin:/System/Cryptexes/App/usr/bin:/usr/bin:/bin:/usr/sbin:/sbin:/var/run/com.apple.security.cryptexd/codex.system/bootstrap/usr/local/bin:/var/run/com.apple.security.cryptexd/codex.system/bootstrap/usr/bin:/var/run/com.apple.security.cryptexd/codex.system/bootstrap/usr/appleinternal/bin:/opt/pkg/env/active/bin:/opt/pmk/env/global/bin:/Library/Apple/usr/bin:/Users/quimeymunoz/Library/Application Support/Code/User/globalStorage/github.copilot-chat/debugCommand:/Users/quimeymunoz/Library/Application Support/Code/User/globalStorage/github.copilot-chat/copilotCli:/Users/quimeymunoz/.vscode/extensions/vscjava.vscode-java-debug-0.59.0/bundled/scripts/noConfigScripts
[DEBUG] env.PWD: /Users/quimeymunoz/DSV/PROG2/prog2-inlupp-template
[DEBUG] env.SHELL: /bin/zsh
[DEBUG] env.SHLVL: 1
[DEBUG] env.SSH_AUTH_SOCK: /var/run/com.apple.launchd.i2PHuEtGpG/Listeners
[DEBUG] env.TERM: xterm-256color
[DEBUG] env.TERM_PROGRAM: vscode
[DEBUG] env.TERM_PROGRAM_VERSION: 1.120.0
[DEBUG] env.TMPDIR: /var/folders/k8/h3jqtm314zxdpc48qz5xy3f40000gn/T/
[DEBUG] env.USER: quimeymunoz
[DEBUG] env.USER_ZDOTDIR: /Users/quimeymunoz
[DEBUG] env.VSCODE_GIT_ASKPASS_EXTRA_ARGS: 
[DEBUG] env.VSCODE_GIT_ASKPASS_MAIN: /Applications/Visual Studio Code.app/Contents/Resources/app/extensions/git/dist/askpass-main.js
[DEBUG] env.VSCODE_GIT_ASKPASS_NODE: /Applications/Visual Studio Code.app/Contents/Frameworks/Code Helper (Plugin).app/Contents/MacOS/Code Helper (Plugin)
[DEBUG] env.VSCODE_GIT_IPC_HANDLE: /var/folders/k8/h3jqtm314zxdpc48qz5xy3f40000gn/T/vscode-git-13d005bb7d.sock
[DEBUG] env.VSCODE_INJECTION: 1
[DEBUG] env.VSCODE_JAVA_EXEC: /Library/Java/JavaVirtualMachines/jdk-25.jdk/Contents/Home/bin/java
[DEBUG] env.VSCODE_JDWP_ADAPTER_ENDPOINTS: /Users/quimeymunoz/.vscode/extensions/vscjava.vscode-java-debug-0.59.0/.noConfigDebugAdapterEndpoints/endpoint-b1997728689d2b0e.txt
[DEBUG] env.VSCODE_LOGIN_INITIALIZED: 1
[DEBUG] env.VSCODE_PROFILE_INITIALIZED: 1
[DEBUG] env.VSCODE_PYTHON_AUTOACTIVATE_GUARD: 1
[DEBUG] env.XPC_FLAGS: 0x0
[DEBUG] env.XPC_SERVICE_NAME: 0
[DEBUG] env.ZDOTDIR: /Users/quimeymunoz
[DEBUG] env.__CFBundleIdentifier: com.microsoft.VSCode
[DEBUG] env.__CF_USER_TEXT_ENCODING: 0x1F5:0x0:0x7
[DEBUG] file.encoding: UTF-8
[DEBUG] file.separator: /
[DEBUG] ftp.nonProxyHosts: local|*.local|169.254/16|*.169.254/16
[DEBUG] http.nonProxyHosts: local|*.local|169.254/16|*.169.254/16
[DEBUG] java.class.path: /Users/quimeymunoz/.m2/wrapper/dists/apache-maven-3.9.6/a53741d1/boot/plexus-classworlds-2.7.0.jar
[DEBUG] java.class.version: 69.0
[DEBUG] java.home: /Library/Java/JavaVirtualMachines/jdk-25.jdk/Contents/Home
[DEBUG] java.io.tmpdir: /var/folders/k8/h3jqtm314zxdpc48qz5xy3f40000gn/T/
[DEBUG] java.library.path: /Users/quimeymunoz/Library/Java/Extensions:/Library/Java/Extensions:/Network/Library/Java/Extensions:/System/Library/Java/Extensions:/usr/lib/java:.
[DEBUG] java.runtime.name: Java(TM) SE Runtime Environment
[DEBUG] java.runtime.version: 25.0.1+8-LTS-27
[DEBUG] java.specification.name: Java Platform API Specification
[DEBUG] java.specification.vendor: Oracle Corporation
[DEBUG] java.specification.version: 25
[DEBUG] java.vendor: Oracle Corporation
[DEBUG] java.vendor.url: https://java.oracle.com/
[DEBUG] java.vendor.url.bug: https://bugreport.java.com/bugreport/
[DEBUG] java.version: 25.0.1
[DEBUG] java.version.date: 2025-10-21
[DEBUG] java.vm.compressedOopsMode: Zero based
[DEBUG] java.vm.info: mixed mode, sharing
[DEBUG] java.vm.name: Java HotSpot(TM) 64-Bit Server VM
[DEBUG] java.vm.specification.name: Java Virtual Machine Specification
[DEBUG] java.vm.specification.vendor: Oracle Corporation
[DEBUG] java.vm.specification.version: 25
[DEBUG] java.vm.vendor: Oracle Corporation
[DEBUG] java.vm.version: 25.0.1+8-LTS-27
[DEBUG] jdk.debug: release
[DEBUG] library.jansi.path: /Users/quimeymunoz/.m2/wrapper/dists/apache-maven-3.9.6/a53741d1/lib/jansi-native
[DEBUG] line.separator: 

[DEBUG] maven.build.timestamp: 2026-05-21T07:22:43Z
[DEBUG] maven.build.version: Apache Maven 3.9.6 (bc0240f3c744dd6b6ec2920b3cd08dcc295161ae)
[DEBUG] maven.compiler.release: 21
[DEBUG] maven.conf: /Users/quimeymunoz/.m2/wrapper/dists/apache-maven-3.9.6/a53741d1/conf
[DEBUG] maven.home: /Users/quimeymunoz/.m2/wrapper/dists/apache-maven-3.9.6/a53741d1
[DEBUG] maven.multiModuleProjectDirectory: /Users/quimeymunoz/DSV/PROG2/prog2-inlupp-template
[DEBUG] maven.test.skip: true
[DEBUG] maven.version: 3.9.6
[DEBUG] native.encoding: UTF-8
[DEBUG] os.arch: aarch64
[DEBUG] os.name: Mac OS X
[DEBUG] os.version: 26.4.1
[DEBUG] path.separator: :
[DEBUG] project.baseUri: file:/Users/quimeymunoz/DSV/PROG2/prog2-inlupp-template/backend/
[DEBUG] project.build.sourceEncoding: UTF-8
[DEBUG] socksNonProxyHosts: local|*.local|169.254/16|*.169.254/16
[DEBUG] stderr.encoding: UTF-8
[DEBUG] stdin.encoding: UTF-8
[DEBUG] stdout.encoding: UTF-8
[DEBUG] sun.arch.data.model: 64
[DEBUG] sun.boot.library.path: /Library/Java/JavaVirtualMachines/jdk-25.jdk/Contents/Home/lib
[DEBUG] sun.cpu.endian: little
[DEBUG] sun.io.unicode.encoding: UnicodeBig
[DEBUG] sun.java.command: org.codehaus.plexus.classworlds.launcher.Launcher clean package -Dmaven.test.skip -X
[DEBUG] sun.java.launcher: SUN_STANDARD
[DEBUG] sun.jnu.encoding: UTF-8
[DEBUG] sun.management.compiler: HotSpot 64-Bit Tiered Compilers
[DEBUG] user.country: SE
[DEBUG] user.dir: /Users/quimeymunoz/DSV/PROG2/prog2-inlupp-template
[DEBUG] user.home: /Users/quimeymunoz
[DEBUG] user.language: sv
[DEBUG] user.name: quimeymunoz
[DEBUG] Using 'UTF-8' encoding to copy filtered resources.
[DEBUG] Using 'UTF-8' encoding to copy filtered properties files.
[DEBUG] resource with targetPath null
directory /Users/quimeymunoz/DSV/PROG2/prog2-inlupp-template/backend/src/main/resources
excludes []
includes []
[INFO] skip non existing resourceDirectory /Users/quimeymunoz/DSV/PROG2/prog2-inlupp-template/backend/src/main/resources
[DEBUG] no user filter components
[INFO] 
[INFO] --- compiler:3.13.0:compile (default-compile) @ backend ---
[DEBUG] Using mirror maven-default-http-blocker (http://0.0.0.0/) for apache.snapshots (http://repository.apache.org/snapshots).
[DEBUG] Dependency collection stats {ConflictMarker.analyzeTime=36334, ConflictMarker.markTime=39541, ConflictMarker.nodeCount=22, ConflictIdSorter.graphTime=16458, ConflictIdSorter.topsortTime=10083, ConflictIdSorter.conflictIdCount=14, ConflictIdSorter.conflictIdCycleCount=0, ConflictResolver.totalTime=386333, ConflictResolver.conflictItemCount=22, DfDependencyCollector.collectTime=37159250, DfDependencyCollector.transformTime=499916}
[DEBUG] org.apache.maven.plugins:maven-compiler-plugin:jar:3.13.0
[DEBUG]    org.apache.maven.shared:maven-shared-utils:jar:3.4.2:compile
[DEBUG]       org.slf4j:slf4j-api:jar:1.7.36:compile
[DEBUG]       commons-io:commons-io:jar:2.11.0:compile
[DEBUG]    org.apache.maven.shared:maven-shared-incremental:jar:1.1:compile
[DEBUG]    org.codehaus.plexus:plexus-java:jar:1.2.0:compile
[DEBUG]       org.ow2.asm:asm:jar:9.6:compile
[DEBUG]       com.thoughtworks.qdox:qdox:jar:2.0.3:compile
[DEBUG]    org.codehaus.plexus:plexus-compiler-api:jar:2.15.0:compile
[DEBUG]    org.codehaus.plexus:plexus-compiler-manager:jar:2.15.0:compile
[DEBUG]       javax.inject:javax.inject:jar:1:compile
[DEBUG]       org.codehaus.plexus:plexus-xml:jar:3.0.0:compile (version managed from default)
[DEBUG]    org.codehaus.plexus:plexus-compiler-javac:jar:2.15.0:runtime
[DEBUG]    org.codehaus.plexus:plexus-utils:jar:4.0.0:compile
[DEBUG] Created new class realm plugin>org.apache.maven.plugins:maven-compiler-plugin:3.13.0
[DEBUG] Importing foreign packages into class realm plugin>org.apache.maven.plugins:maven-compiler-plugin:3.13.0
[DEBUG]   Imported:  < maven.api
[DEBUG] Populating class realm plugin>org.apache.maven.plugins:maven-compiler-plugin:3.13.0
[DEBUG]   Included: org.apache.maven.plugins:maven-compiler-plugin:jar:3.13.0
[DEBUG]   Included: org.apache.maven.shared:maven-shared-utils:jar:3.4.2
[DEBUG]   Included: commons-io:commons-io:jar:2.11.0
[DEBUG]   Included: org.apache.maven.shared:maven-shared-incremental:jar:1.1
[DEBUG]   Included: org.codehaus.plexus:plexus-java:jar:1.2.0
[DEBUG]   Included: org.ow2.asm:asm:jar:9.6
[DEBUG]   Included: com.thoughtworks.qdox:qdox:jar:2.0.3
[DEBUG]   Included: org.codehaus.plexus:plexus-compiler-api:jar:2.15.0
[DEBUG]   Included: org.codehaus.plexus:plexus-compiler-manager:jar:2.15.0
[DEBUG]   Included: org.codehaus.plexus:plexus-xml:jar:3.0.0
[DEBUG]   Included: org.codehaus.plexus:plexus-compiler-javac:jar:2.15.0
[DEBUG]   Included: org.codehaus.plexus:plexus-utils:jar:4.0.0
[DEBUG] Loading mojo org.apache.maven.plugins:maven-compiler-plugin:3.13.0:compile from plugin realm ClassRealm[plugin>org.apache.maven.plugins:maven-compiler-plugin:3.13.0, parent: jdk.internal.loader.ClassLoaders$AppClassLoader@7a8c5397]
[DEBUG] Configuring mojo execution 'org.apache.maven.plugins:maven-compiler-plugin:3.13.0:compile:default-compile' with basic configurator -->
[DEBUG]   (f) annotationProcessorPathsUseDepMgmt = false
[DEBUG]   (f) basedir = /Users/quimeymunoz/DSV/PROG2/prog2-inlupp-template/backend
[DEBUG]   (f) buildDirectory = /Users/quimeymunoz/DSV/PROG2/prog2-inlupp-template/backend/target
[DEBUG]   (f) compilePath = [/Users/quimeymunoz/DSV/PROG2/prog2-inlupp-template/backend/target/classes]
[DEBUG]   (f) compileSourceRoots = [/Users/quimeymunoz/DSV/PROG2/prog2-inlupp-template/backend/src/main/java]
[DEBUG]   (f) compilerId = javac
[DEBUG]   (f) createMissingPackageInfoClass = true
[DEBUG]   (f) debug = true
[DEBUG]   (f) debugFileName = javac
[DEBUG]   (f) enablePreview = false
[DEBUG]   (f) encoding = UTF-8
[DEBUG]   (f) failOnError = true
[DEBUG]   (f) failOnWarning = false
[DEBUG]   (f) fileExtensions = [jar, class]
[DEBUG]   (f) forceJavacCompilerUse = false
[DEBUG]   (f) forceLegacyJavacApi = false
[DEBUG]   (f) fork = false
[DEBUG]   (f) generatedSourcesDirectory = /Users/quimeymunoz/DSV/PROG2/prog2-inlupp-template/backend/target/generated-sources/annotations
[DEBUG]   (f) mojoExecution = org.apache.maven.plugins:maven-compiler-plugin:3.13.0:compile {execution: default-compile}
[DEBUG]   (f) optimize = false
[DEBUG]   (f) outputDirectory = /Users/quimeymunoz/DSV/PROG2/prog2-inlupp-template/backend/target/classes
[DEBUG]   (f) parameters = false
[DEBUG]   (f) project = MavenProject: se.su.inlupp:backend:1.0-SNAPSHOT @ /Users/quimeymunoz/DSV/PROG2/prog2-inlupp-template/backend/pom.xml
[DEBUG]   (f) projectArtifact = se.su.inlupp:backend:jar:1.0-SNAPSHOT
[DEBUG]   (s) release = 21
[DEBUG]   (f) session = org.apache.maven.execution.MavenSession@138caeca
[DEBUG]   (f) showCompilationChanges = false
[DEBUG]   (f) showDeprecation = false
[DEBUG]   (f) showWarnings = true
[DEBUG]   (f) skipMultiThreadWarning = false
[DEBUG]   (f) source = 1.8
[DEBUG]   (f) staleMillis = 0
[DEBUG]   (s) target = 1.8
[DEBUG]   (f) useIncrementalCompilation = true
[DEBUG]   (f) verbose = false
[DEBUG] -- end configuration --
[DEBUG] Using compiler 'javac'.
[DEBUG] Adding /Users/quimeymunoz/DSV/PROG2/prog2-inlupp-template/backend/target/generated-sources/annotations to compile source roots:
  /Users/quimeymunoz/DSV/PROG2/prog2-inlupp-template/backend/src/main/java
[DEBUG] New compile source roots:
  /Users/quimeymunoz/DSV/PROG2/prog2-inlupp-template/backend/src/main/java
  /Users/quimeymunoz/DSV/PROG2/prog2-inlupp-template/backend/target/generated-sources/annotations
[DEBUG] CompilerReuseStrategy: reuseCreated
[DEBUG] useIncrementalCompilation enabled
[INFO] 	Stale source detected: /Users/quimeymunoz/DSV/PROG2/prog2-inlupp-template/backend/src/main/java/se/su/inlupp/PathFinder.java
[INFO] 	Stale source detected: /Users/quimeymunoz/DSV/PROG2/prog2-inlupp-template/backend/src/main/java/se/su/inlupp/DFSPathFinder.java
[INFO] 	Stale source detected: /Users/quimeymunoz/DSV/PROG2/prog2-inlupp-template/backend/src/main/java/se/su/inlupp/BFSPathFinder.java
[INFO] 	Stale source detected: /Users/quimeymunoz/DSV/PROG2/prog2-inlupp-template/backend/src/main/java/se/su/inlupp/ListGraph.java
[INFO] 	Stale source detected: /Users/quimeymunoz/DSV/PROG2/prog2-inlupp-template/backend/src/main/java/se/su/inlupp/Edge.java
[INFO] 	Stale source detected: /Users/quimeymunoz/DSV/PROG2/prog2-inlupp-template/backend/src/main/java/se/su/inlupp/Path.java
[INFO] 	Stale source detected: /Users/quimeymunoz/DSV/PROG2/prog2-inlupp-template/backend/src/main/java/se/su/inlupp/Graph.java
[INFO] 	Stale source detected: /Users/quimeymunoz/DSV/PROG2/prog2-inlupp-template/backend/src/main/java/se/su/inlupp/MyPath.java
[INFO] 	Input tree files (+): /Users/quimeymunoz/DSV/PROG2/prog2-inlupp-template/backend/src/main/java/se/su/inlupp/BFSPathFinder.java
[INFO] 	Input tree files (+): /Users/quimeymunoz/DSV/PROG2/prog2-inlupp-template/backend/src/main/java/se/su/inlupp/DFSPathFinder.java
[INFO] 	Input tree files (+): /Users/quimeymunoz/DSV/PROG2/prog2-inlupp-template/backend/src/main/java/se/su/inlupp/Edge.java
[INFO] 	Input tree files (+): /Users/quimeymunoz/DSV/PROG2/prog2-inlupp-template/backend/src/main/java/se/su/inlupp/Graph.java
[INFO] 	Input tree files (+): /Users/quimeymunoz/DSV/PROG2/prog2-inlupp-template/backend/src/main/java/se/su/inlupp/ListGraph.java
[INFO] 	Input tree files (+): /Users/quimeymunoz/DSV/PROG2/prog2-inlupp-template/backend/src/main/java/se/su/inlupp/MyPath.java
[INFO] 	Input tree files (+): /Users/quimeymunoz/DSV/PROG2/prog2-inlupp-template/backend/src/main/java/se/su/inlupp/Path.java
[INFO] 	Input tree files (+): /Users/quimeymunoz/DSV/PROG2/prog2-inlupp-template/backend/src/main/java/se/su/inlupp/PathFinder.java
[INFO] Recompiling the module because of changed source code.
[DEBUG] Classpath:
[DEBUG]  /Users/quimeymunoz/DSV/PROG2/prog2-inlupp-template/backend/target/classes
[DEBUG] Source roots:
[DEBUG]  /Users/quimeymunoz/DSV/PROG2/prog2-inlupp-template/backend/src/main/java
[DEBUG]  /Users/quimeymunoz/DSV/PROG2/prog2-inlupp-template/backend/target/generated-sources/annotations
[DEBUG] Command line options:
[DEBUG] -d /Users/quimeymunoz/DSV/PROG2/prog2-inlupp-template/backend/target/classes -classpath /Users/quimeymunoz/DSV/PROG2/prog2-inlupp-template/backend/target/classes: -sourcepath /Users/quimeymunoz/DSV/PROG2/prog2-inlupp-template/backend/src/main/java:/Users/quimeymunoz/DSV/PROG2/prog2-inlupp-template/backend/target/generated-sources/annotations: -s /Users/quimeymunoz/DSV/PROG2/prog2-inlupp-template/backend/target/generated-sources/annotations -g --release 21 -encoding UTF-8 -XDuseUnsharedTable=true
[DEBUG] incrementalBuildHelper#beforeRebuildExecution
[INFO] Compiling 8 source files with javac [debug release 21] to target/classes
[DEBUG] incrementalBuildHelper#afterRebuildExecution
[INFO] 
[INFO] --- resources:3.3.1:testResources (default-testResources) @ backend ---
[DEBUG] Loading mojo org.apache.maven.plugins:maven-resources-plugin:3.3.1:testResources from plugin realm ClassRealm[plugin>org.apache.maven.plugins:maven-resources-plugin:3.3.1, parent: jdk.internal.loader.ClassLoaders$AppClassLoader@7a8c5397]
[DEBUG] Configuring mojo execution 'org.apache.maven.plugins:maven-resources-plugin:3.3.1:testResources:default-testResources' with basic configurator -->
[DEBUG]   (f) addDefaultExcludes = true
[DEBUG]   (f) buildFilters = []
[DEBUG]   (f) encoding = UTF-8
[DEBUG]   (f) escapeWindowsPaths = true
[DEBUG]   (f) fileNameFiltering = false
[DEBUG]   (s) includeEmptyDirs = false
[DEBUG]   (s) outputDirectory = /Users/quimeymunoz/DSV/PROG2/prog2-inlupp-template/backend/target/test-classes
[DEBUG]   (s) overwrite = false
[DEBUG]   (f) project = MavenProject: se.su.inlupp:backend:1.0-SNAPSHOT @ /Users/quimeymunoz/DSV/PROG2/prog2-inlupp-template/backend/pom.xml
[DEBUG]   (s) resources = [Resource {targetPath: null, filtering: false, FileSet {directory: /Users/quimeymunoz/DSV/PROG2/prog2-inlupp-template/backend/src/test/resources, PatternSet [includes: {}, excludes: {}]}}]
[DEBUG]   (f) session = org.apache.maven.execution.MavenSession@138caeca
[DEBUG]   (f) skip = true
[DEBUG]   (f) supportMultiLineFiltering = false
[DEBUG]   (f) useBuildFilters = true
[DEBUG]   (s) useDefaultDelimiters = true
[DEBUG] -- end configuration --
[INFO] Not copying test resources
[INFO] 
[INFO] --- compiler:3.13.0:testCompile (default-testCompile) @ backend ---
[DEBUG] Loading mojo org.apache.maven.plugins:maven-compiler-plugin:3.13.0:testCompile from plugin realm ClassRealm[plugin>org.apache.maven.plugins:maven-compiler-plugin:3.13.0, parent: jdk.internal.loader.ClassLoaders$AppClassLoader@7a8c5397]
[DEBUG] Configuring mojo execution 'org.apache.maven.plugins:maven-compiler-plugin:3.13.0:testCompile:default-testCompile' with basic configurator -->
[DEBUG]   (f) annotationProcessorPathsUseDepMgmt = false
[DEBUG]   (f) basedir = /Users/quimeymunoz/DSV/PROG2/prog2-inlupp-template/backend
[DEBUG]   (f) buildDirectory = /Users/quimeymunoz/DSV/PROG2/prog2-inlupp-template/backend/target
[DEBUG]   (f) compileSourceRoots = [/Users/quimeymunoz/DSV/PROG2/prog2-inlupp-template/backend/src/test/java]
[DEBUG]   (f) compilerId = javac
[DEBUG]   (f) createMissingPackageInfoClass = true
[DEBUG]   (f) debug = true
[DEBUG]   (f) debugFileName = javac-test
[DEBUG]   (f) enablePreview = false
[DEBUG]   (f) encoding = UTF-8
[DEBUG]   (f) failOnError = true
[DEBUG]   (f) failOnWarning = false
[DEBUG]   (f) fileExtensions = [jar, class]
[DEBUG]   (f) forceJavacCompilerUse = false
[DEBUG]   (f) forceLegacyJavacApi = false
[DEBUG]   (f) fork = false
[DEBUG]   (f) generatedTestSourcesDirectory = /Users/quimeymunoz/DSV/PROG2/prog2-inlupp-template/backend/target/generated-test-sources/test-annotations
[DEBUG]   (f) mojoExecution = org.apache.maven.plugins:maven-compiler-plugin:3.13.0:testCompile {execution: default-testCompile}
[DEBUG]   (f) optimize = false
[DEBUG]   (f) outputDirectory = /Users/quimeymunoz/DSV/PROG2/prog2-inlupp-template/backend/target/test-classes
[DEBUG]   (f) parameters = false
[DEBUG]   (f) project = MavenProject: se.su.inlupp:backend:1.0-SNAPSHOT @ /Users/quimeymunoz/DSV/PROG2/prog2-inlupp-template/backend/pom.xml
[DEBUG]   (s) release = 21
[DEBUG]   (f) session = org.apache.maven.execution.MavenSession@138caeca
[DEBUG]   (f) showCompilationChanges = false
[DEBUG]   (f) showDeprecation = false
[DEBUG]   (f) showWarnings = true
[DEBUG]   (f) skip = true
[DEBUG]   (f) skipMultiThreadWarning = false
[DEBUG]   (f) source = 1.8
[DEBUG]   (f) staleMillis = 0
[DEBUG]   (s) target = 1.8
[DEBUG]   (f) testPath = [/Users/quimeymunoz/DSV/PROG2/prog2-inlupp-template/backend/target/test-classes, /Users/quimeymunoz/DSV/PROG2/prog2-inlupp-template/backend/target/classes, /Users/quimeymunoz/.m2/repository/org/junit/jupiter/junit-jupiter-engine/5.11.0/junit-jupiter-engine-5.11.0.jar, /Users/quimeymunoz/.m2/repository/org/junit/platform/junit-platform-engine/1.11.0/junit-platform-engine-1.11.0.jar, /Users/quimeymunoz/.m2/repository/org/apiguardian/apiguardian-api/1.1.2/apiguardian-api-1.1.2.jar, /Users/quimeymunoz/.m2/repository/org/junit/jupiter/junit-jupiter-api/5.11.0/junit-jupiter-api-5.11.0.jar, /Users/quimeymunoz/.m2/repository/org/opentest4j/opentest4j/1.3.0/opentest4j-1.3.0.jar, /Users/quimeymunoz/.m2/repository/org/junit/platform/junit-platform-commons/1.11.0/junit-platform-commons-1.11.0.jar, /Users/quimeymunoz/.m2/repository/org/junit/jupiter/junit-jupiter-params/5.11.0/junit-jupiter-params-5.11.0.jar]
[DEBUG]   (f) useIncrementalCompilation = true
[DEBUG]   (f) useModulePath = true
[DEBUG]   (f) verbose = false
[DEBUG] -- end configuration --
[INFO] Not compiling test sources
[INFO] 
[INFO] --- surefire:3.1.2:test (default-test) @ backend ---
[DEBUG] Using mirror maven-default-http-blocker (http://0.0.0.0/) for jboss-public-repository-group (http://repository.jboss.org/nexus/content/groups/public).
[DEBUG] Dependency collection stats {ConflictMarker.analyzeTime=113458, ConflictMarker.markTime=121750, ConflictMarker.nodeCount=78, ConflictIdSorter.graphTime=116917, ConflictIdSorter.topsortTime=65875, ConflictIdSorter.conflictIdCount=39, ConflictIdSorter.conflictIdCycleCount=0, ConflictResolver.totalTime=1680500, ConflictResolver.conflictItemCount=76, DfDependencyCollector.collectTime=93795416, DfDependencyCollector.transformTime=2123459}
[DEBUG] org.apache.maven.plugins:maven-surefire-plugin:jar:3.1.2
[DEBUG]    org.apache.maven.surefire:maven-surefire-common:jar:3.1.2:compile
[DEBUG]       org.apache.maven.surefire:surefire-api:jar:3.1.2:compile
[DEBUG]          org.apache.maven.surefire:surefire-logger-api:jar:3.1.2:compile
[DEBUG]       org.apache.maven.surefire:surefire-extensions-api:jar:3.1.2:compile
[DEBUG]       org.apache.maven.surefire:surefire-booter:jar:3.1.2:compile
[DEBUG]          org.apache.maven.surefire:surefire-extensions-spi:jar:3.1.2:compile
[DEBUG]       org.eclipse.aether:aether-util:jar:1.0.0.v20140518:compile
[DEBUG]          org.eclipse.aether:aether-api:jar:1.0.0.v20140518:compile
[DEBUG]       org.apache.maven.shared:maven-common-artifact-filters:jar:3.1.1:compile (version managed from default) (exclusions managed from default)
[DEBUG]          org.apache.maven:maven-artifact:jar:3.2.5:provided (scope managed from default) (version managed from default)
[DEBUG]             org.codehaus.plexus:plexus-utils:jar:3.5.0:provided (version managed from default)
[DEBUG]          org.apache.maven:maven-core:jar:3.2.5:provided (scope managed from default) (version managed from default)
[DEBUG]             org.apache.maven:maven-settings:jar:3.2.5:provided (version managed from default)
[DEBUG]             org.apache.maven:maven-settings-builder:jar:3.2.5:provided
[DEBUG]             org.apache.maven:maven-repository-metadata:jar:3.2.5:provided
[DEBUG]             org.apache.maven:maven-model-builder:jar:3.2.5:provided
[DEBUG]             org.apache.maven:maven-aether-provider:jar:3.2.5:provided
[DEBUG]                org.eclipse.aether:aether-spi:jar:1.0.0.v20140518:provided
[DEBUG]             org.eclipse.aether:aether-impl:jar:1.0.0.v20140518:provided
[DEBUG]             org.eclipse.sisu:org.eclipse.sisu.plexus:jar:0.3.5:provided (version managed from default)
[DEBUG]                javax.annotation:javax.annotation-api:jar:1.2:provided
[DEBUG]                javax.enterprise:cdi-api:jar:1.2:provided
[DEBUG]                org.eclipse.sisu:org.eclipse.sisu.inject:jar:0.3.5:provided (version managed from default)
[DEBUG]             org.sonatype.sisu:sisu-guice:jar:no_aop:3.2.3:provided
[DEBUG]                javax.inject:javax.inject:jar:1:provided
[DEBUG]                aopalliance:aopalliance:jar:1.0:provided
[DEBUG]                com.google.guava:guava:jar:16.0.1:provided
[DEBUG]             org.codehaus.plexus:plexus-interpolation:jar:1.21:provided
[DEBUG]             org.codehaus.plexus:plexus-classworlds:jar:2.5.2:provided
[DEBUG]             org.codehaus.plexus:plexus-component-annotations:jar:1.5.5:provided
[DEBUG]             org.sonatype.plexus:plexus-sec-dispatcher:jar:1.3:provided
[DEBUG]                org.sonatype.plexus:plexus-cipher:jar:1.4:provided
[DEBUG]          org.apache.maven:maven-plugin-api:jar:3.2.5:provided (scope managed from default) (version managed from default)
[DEBUG]          commons-io:commons-io:jar:2.12.0:compile (version managed from default)
[DEBUG]       org.codehaus.plexus:plexus-java:jar:1.1.2:compile (version managed from default)
[DEBUG]          org.ow2.asm:asm:jar:9.4:compile
[DEBUG]          com.thoughtworks.qdox:qdox:jar:2.0.3:compile
[DEBUG]       org.apache.maven.surefire:surefire-shared-utils:jar:3.1.2:compile
[DEBUG] Created new class realm plugin>org.apache.maven.plugins:maven-surefire-plugin:3.1.2
[DEBUG] Importing foreign packages into class realm plugin>org.apache.maven.plugins:maven-surefire-plugin:3.1.2
[DEBUG]   Imported:  < maven.api
[DEBUG] Populating class realm plugin>org.apache.maven.plugins:maven-surefire-plugin:3.1.2
[DEBUG]   Included: org.apache.maven.plugins:maven-surefire-plugin:jar:3.1.2
[DEBUG]   Included: org.apache.maven.surefire:maven-surefire-common:jar:3.1.2
[DEBUG]   Included: org.apache.maven.surefire:surefire-api:jar:3.1.2
[DEBUG]   Included: org.apache.maven.surefire:surefire-logger-api:jar:3.1.2
[DEBUG]   Included: org.apache.maven.surefire:surefire-extensions-api:jar:3.1.2
[DEBUG]   Included: org.apache.maven.surefire:surefire-booter:jar:3.1.2
[DEBUG]   Included: org.apache.maven.surefire:surefire-extensions-spi:jar:3.1.2
[DEBUG]   Included: org.apache.maven.shared:maven-common-artifact-filters:jar:3.1.1
[DEBUG]   Included: commons-io:commons-io:jar:2.12.0
[DEBUG]   Included: org.codehaus.plexus:plexus-java:jar:1.1.2
[DEBUG]   Included: org.ow2.asm:asm:jar:9.4
[DEBUG]   Included: com.thoughtworks.qdox:qdox:jar:2.0.3
[DEBUG]   Included: org.apache.maven.surefire:surefire-shared-utils:jar:3.1.2
[DEBUG] Loading mojo org.apache.maven.plugins:maven-surefire-plugin:3.1.2:test from plugin realm ClassRealm[plugin>org.apache.maven.plugins:maven-surefire-plugin:3.1.2, parent: jdk.internal.loader.ClassLoaders$AppClassLoader@7a8c5397]
[DEBUG] Configuring mojo execution 'org.apache.maven.plugins:maven-surefire-plugin:3.1.2:test:default-test' with basic configurator -->
[DEBUG]   (s) additionalClasspathElements = []
[DEBUG]   (s) basedir = /Users/quimeymunoz/DSV/PROG2/prog2-inlupp-template/backend
[DEBUG]   (s) childDelegation = false
[DEBUG]   (f) classesDirectory = /Users/quimeymunoz/DSV/PROG2/prog2-inlupp-template/backend/target/classes
[DEBUG]   (s) classpathDependencyExcludes = []
[DEBUG]   (s) dependenciesToScan = []
[DEBUG]   (s) disableXmlReport = false
[DEBUG]   (s) enableAssertions = true
[DEBUG]   (s) excludeJUnit5Engines = []
[DEBUG]   (f) excludedEnvironmentVariables = []
[DEBUG]   (s) excludes = []
[DEBUG]   (s) failIfNoSpecifiedTests = true
[DEBUG]   (s) failIfNoTests = false
[DEBUG]   (s) failOnFlakeCount = 0
[DEBUG]   (f) forkCount = 1
[DEBUG]   (s) forkedProcessExitTimeoutInSeconds = 30
[DEBUG]   (s) includeJUnit5Engines = []
[DEBUG]   (s) includes = []
[DEBUG]   (s) junitArtifactName = junit:junit
[DEBUG]   (f) parallelMavenExecution = false
[DEBUG]   (s) parallelOptimized = true
[DEBUG]   (s) perCoreThreadCount = true
[DEBUG]   (s) pluginArtifactMap = {org.apache.maven.plugins:maven-surefire-plugin=org.apache.maven.plugins:maven-surefire-plugin:maven-plugin:3.1.2:, org.apache.maven.surefire:maven-surefire-common=org.apache.maven.surefire:maven-surefire-common:jar:3.1.2:compile, org.apache.maven.surefire:surefire-api=org.apache.maven.surefire:surefire-api:jar:3.1.2:compile, org.apache.maven.surefire:surefire-logger-api=org.apache.maven.surefire:surefire-logger-api:jar:3.1.2:compile, org.apache.maven.surefire:surefire-extensions-api=org.apache.maven.surefire:surefire-extensions-api:jar:3.1.2:compile, org.apache.maven.surefire:surefire-booter=org.apache.maven.surefire:surefire-booter:jar:3.1.2:compile, org.apache.maven.surefire:surefire-extensions-spi=org.apache.maven.surefire:surefire-extensions-spi:jar:3.1.2:compile, org.eclipse.aether:aether-util=org.eclipse.aether:aether-util:jar:1.0.0.v20140518:compile, org.eclipse.aether:aether-api=org.eclipse.aether:aether-api:jar:1.0.0.v20140518:compile, org.apache.maven.shared:maven-common-artifact-filters=org.apache.maven.shared:maven-common-artifact-filters:jar:3.1.1:compile, commons-io:commons-io=commons-io:commons-io:jar:2.12.0:compile, org.codehaus.plexus:plexus-java=org.codehaus.plexus:plexus-java:jar:1.1.2:compile, org.ow2.asm:asm=org.ow2.asm:asm:jar:9.4:compile, com.thoughtworks.qdox:qdox=com.thoughtworks.qdox:qdox:jar:2.0.3:compile, org.apache.maven.surefire:surefire-shared-utils=org.apache.maven.surefire:surefire-shared-utils:jar:3.1.2:compile}
[DEBUG]   (f) pluginDescriptor = Component Descriptor: role: 'org.apache.maven.plugin.Mojo', implementation: 'org.apache.maven.plugins.maven_surefire_plugin.HelpMojo', role hint: 'org.apache.maven.plugins:maven-surefire-plugin:3.1.2:help'
role: 'org.apache.maven.plugin.Mojo', implementation: 'org.apache.maven.plugin.surefire.SurefirePlugin', role hint: 'org.apache.maven.plugins:maven-surefire-plugin:3.1.2:test'
---
[DEBUG]   (s) printSummary = true
[DEBUG]   (s) project = MavenProject: se.su.inlupp:backend:1.0-SNAPSHOT @ /Users/quimeymunoz/DSV/PROG2/prog2-inlupp-template/backend/pom.xml
[DEBUG]   (s) projectArtifactMap = {org.junit.jupiter:junit-jupiter-engine=org.junit.jupiter:junit-jupiter-engine:jar:5.11.0:test, org.junit.platform:junit-platform-engine=org.junit.platform:junit-platform-engine:jar:1.11.0:test, org.apiguardian:apiguardian-api=org.apiguardian:apiguardian-api:jar:1.1.2:test, org.junit.jupiter:junit-jupiter-api=org.junit.jupiter:junit-jupiter-api:jar:5.11.0:test, org.opentest4j:opentest4j=org.opentest4j:opentest4j:jar:1.3.0:test, org.junit.platform:junit-platform-commons=org.junit.platform:junit-platform-commons:jar:1.11.0:test, org.junit.jupiter:junit-jupiter-params=org.junit.jupiter:junit-jupiter-params:jar:5.11.0:test}
[DEBUG]   (s) projectBuildDirectory = /Users/quimeymunoz/DSV/PROG2/prog2-inlupp-template/backend/target
[DEBUG]   (s) redirectTestOutputToFile = false
[DEBUG]   (s) reportFormat = brief
[DEBUG]   (s) reportsDirectory = /Users/quimeymunoz/DSV/PROG2/prog2-inlupp-template/backend/target/surefire-reports
[DEBUG]   (f) rerunFailingTestsCount = 0
[DEBUG]   (f) reuseForks = true
[DEBUG]   (s) runOrder = filesystem
[DEBUG]   (s) session = org.apache.maven.execution.MavenSession@138caeca
[DEBUG]   (f) shutdown = exit
[DEBUG]   (s) skip = true
[DEBUG]   (f) skipAfterFailureCount = 0
[DEBUG]   (s) skipTests = false
[DEBUG]   (s) suiteXmlFiles = []
[DEBUG]   (s) tempDir = surefire
[DEBUG]   (s) testClassesDirectory = /Users/quimeymunoz/DSV/PROG2/prog2-inlupp-template/backend/target/test-classes
[DEBUG]   (s) testFailureIgnore = false
[DEBUG]   (s) testNGArtifactName = org.testng:testng
[DEBUG]   (s) testSourceDirectory = /Users/quimeymunoz/DSV/PROG2/prog2-inlupp-template/backend/src/test/java
[DEBUG]   (s) threadCountClasses = 0
[DEBUG]   (s) threadCountMethods = 0
[DEBUG]   (s) threadCountSuites = 0
[DEBUG]   (s) trimStackTrace = false
[DEBUG]   (s) useFile = true
[DEBUG]   (s) useManifestOnlyJar = true
[DEBUG]   (f) useModulePath = false
[DEBUG]   (s) useSystemClassLoader = true
[DEBUG]   (s) useUnlimitedThreads = false
[DEBUG]   (s) workingDirectory = /Users/quimeymunoz/DSV/PROG2/prog2-inlupp-template/backend
[DEBUG] -- end configuration --
[DEBUG] Using JVM: /Library/Java/JavaVirtualMachines/jdk-25.jdk/Contents/Home/bin/java with Java version 25.0
[INFO] Tests are skipped.
[INFO] 
[INFO] --- jar:3.4.2:jar (default-jar) @ backend ---
[DEBUG] Dependency collection stats {ConflictMarker.analyzeTime=44250, ConflictMarker.markTime=22791, ConflictMarker.nodeCount=27, ConflictIdSorter.graphTime=24000, ConflictIdSorter.topsortTime=9291, ConflictIdSorter.conflictIdCount=16, ConflictIdSorter.conflictIdCycleCount=0, ConflictResolver.totalTime=233417, ConflictResolver.conflictItemCount=27, DfDependencyCollector.collectTime=26932541, DfDependencyCollector.transformTime=344625}
[DEBUG] org.apache.maven.plugins:maven-jar-plugin:jar:3.4.2
[DEBUG]    org.apache.maven.shared:file-management:jar:3.1.0:compile
[DEBUG]       org.codehaus.plexus:plexus-utils:jar:4.0.1:compile (version managed from default)
[DEBUG]       commons-io:commons-io:jar:2.16.1:compile (version managed from default)
[DEBUG]    org.apache.maven:maven-archiver:jar:3.6.2:compile
[DEBUG]       org.codehaus.plexus:plexus-interpolation:jar:1.27:compile
[DEBUG]    org.codehaus.plexus:plexus-archiver:jar:4.9.2:compile
[DEBUG]       org.codehaus.plexus:plexus-io:jar:3.4.2:compile
[DEBUG]       org.apache.commons:commons-compress:jar:1.26.1:compile
[DEBUG]          org.apache.commons:commons-lang3:jar:3.14.0:compile
[DEBUG]       commons-codec:commons-codec:jar:1.16.1:compile
[DEBUG]       org.iq80.snappy:snappy:jar:0.4:compile
[DEBUG]       org.tukaani:xz:jar:1.9:runtime
[DEBUG]       com.github.luben:zstd-jni:jar:1.5.5-11:runtime
[DEBUG]    javax.inject:javax.inject:jar:1:compile
[DEBUG]    org.slf4j:slf4j-api:jar:1.7.36:compile
[DEBUG] Created new class realm plugin>org.apache.maven.plugins:maven-jar-plugin:3.4.2
[DEBUG] Importing foreign packages into class realm plugin>org.apache.maven.plugins:maven-jar-plugin:3.4.2
[DEBUG]   Imported:  < maven.api
[DEBUG] Populating class realm plugin>org.apache.maven.plugins:maven-jar-plugin:3.4.2
[DEBUG]   Included: org.apache.maven.plugins:maven-jar-plugin:jar:3.4.2
[DEBUG]   Included: org.apache.maven.shared:file-management:jar:3.1.0
[DEBUG]   Included: org.codehaus.plexus:plexus-utils:jar:4.0.1
[DEBUG]   Included: commons-io:commons-io:jar:2.16.1
[DEBUG]   Included: org.apache.maven:maven-archiver:jar:3.6.2
[DEBUG]   Included: org.codehaus.plexus:plexus-interpolation:jar:1.27
[DEBUG]   Included: org.codehaus.plexus:plexus-archiver:jar:4.9.2
[DEBUG]   Included: org.codehaus.plexus:plexus-io:jar:3.4.2
[DEBUG]   Included: org.apache.commons:commons-compress:jar:1.26.1
[DEBUG]   Included: org.apache.commons:commons-lang3:jar:3.14.0
[DEBUG]   Included: commons-codec:commons-codec:jar:1.16.1
[DEBUG]   Included: org.iq80.snappy:snappy:jar:0.4
[DEBUG]   Included: org.tukaani:xz:jar:1.9
[DEBUG]   Included: com.github.luben:zstd-jni:jar:1.5.5-11
[DEBUG] Loading mojo org.apache.maven.plugins:maven-jar-plugin:3.4.2:jar from plugin realm ClassRealm[plugin>org.apache.maven.plugins:maven-jar-plugin:3.4.2, parent: jdk.internal.loader.ClassLoaders$AppClassLoader@7a8c5397]
[DEBUG] Configuring mojo execution 'org.apache.maven.plugins:maven-jar-plugin:3.4.2:jar:default-jar' with basic configurator -->
[DEBUG]   (f) addDefaultExcludes = true
[DEBUG]   (f) classesDirectory = /Users/quimeymunoz/DSV/PROG2/prog2-inlupp-template/backend/target/classes
[DEBUG]   (f) detectMultiReleaseJar = true
[DEBUG]   (f) finalName = backend-1.0-SNAPSHOT
[DEBUG]   (f) forceCreation = false
[DEBUG]   (f) outputDirectory = /Users/quimeymunoz/DSV/PROG2/prog2-inlupp-template/backend/target
[DEBUG]   (f) project = MavenProject: se.su.inlupp:backend:1.0-SNAPSHOT @ /Users/quimeymunoz/DSV/PROG2/prog2-inlupp-template/backend/pom.xml
[DEBUG]   (f) session = org.apache.maven.execution.MavenSession@138caeca
[DEBUG]   (f) skipIfEmpty = false
[DEBUG]   (f) useDefaultManifestFile = false
[DEBUG] -- end configuration --
[DEBUG] isUp2date: false (Destination /Users/quimeymunoz/DSV/PROG2/prog2-inlupp-template/backend/target/backend-1.0-SNAPSHOT.jar not found.)
[INFO] Building jar: /Users/quimeymunoz/DSV/PROG2/prog2-inlupp-template/backend/target/backend-1.0-SNAPSHOT.jar
[DEBUG] adding directory META-INF/
[DEBUG] adding entry META-INF/MANIFEST.MF
[DEBUG] adding directory se/
[DEBUG] adding directory se/su/
[DEBUG] adding directory se/su/inlupp/
[DEBUG] adding entry se/su/inlupp/Edge.class
[DEBUG] adding entry se/su/inlupp/DFSPathFinder.class
[DEBUG] adding entry se/su/inlupp/BFSPathFinder.class
[DEBUG] adding entry se/su/inlupp/Graph.class
[DEBUG] adding entry se/su/inlupp/Path.class
[DEBUG] adding entry se/su/inlupp/MyPath.class
[DEBUG] adding entry se/su/inlupp/ListGraph.class
[DEBUG] adding entry se/su/inlupp/PathFinder.class
[DEBUG] adding entry se/su/inlupp/ListGraph$ListEdge.class
[DEBUG] adding directory META-INF/maven/
[DEBUG] adding directory META-INF/maven/se.su.inlupp/
[DEBUG] adding directory META-INF/maven/se.su.inlupp/backend/
[DEBUG] adding entry META-INF/maven/se.su.inlupp/backend/pom.xml
[DEBUG] adding entry META-INF/maven/se.su.inlupp/backend/pom.properties
[INFO] 
[INFO] --------------------------< se.su.inlupp:gui >--------------------------
[INFO] Building gui 1.0-SNAPSHOT                                          [3/3]
[INFO]   from gui/pom.xml
[INFO] --------------------------------[ jar ]---------------------------------
[DEBUG] Lifecycle clean -> [pre-clean, clean, post-clean]
[DEBUG] Lifecycle default -> [validate, initialize, generate-sources, process-sources, generate-resources, process-resources, compile, process-classes, generate-test-sources, process-test-sources, generate-test-resources, process-test-resources, test-compile, process-test-classes, test, prepare-package, package, pre-integration-test, integration-test, post-integration-test, verify, install, deploy]
[DEBUG] Lifecycle site -> [pre-site, site, post-site, site-deploy]
[DEBUG] Lifecycle clean -> [pre-clean, clean, post-clean]
[DEBUG] Lifecycle default -> [validate, initialize, generate-sources, process-sources, generate-resources, process-resources, compile, process-classes, generate-test-sources, process-test-sources, generate-test-resources, process-test-resources, test-compile, process-test-classes, test, prepare-package, package, pre-integration-test, integration-test, post-integration-test, verify, install, deploy]
[DEBUG] Lifecycle site -> [pre-site, site, post-site, site-deploy]
[DEBUG] Lifecycle clean -> [pre-clean, clean, post-clean]
[DEBUG] Lifecycle default -> [validate, initialize, generate-sources, process-sources, generate-resources, process-resources, compile, process-classes, generate-test-sources, process-test-sources, generate-test-resources, process-test-resources, test-compile, process-test-classes, test, prepare-package, package, pre-integration-test, integration-test, post-integration-test, verify, install, deploy]
[DEBUG] Lifecycle site -> [pre-site, site, post-site, site-deploy]
[DEBUG] Lifecycle clean -> [pre-clean, clean, post-clean]
[DEBUG] Lifecycle default -> [validate, initialize, generate-sources, process-sources, generate-resources, process-resources, compile, process-classes, generate-test-sources, process-test-sources, generate-test-resources, process-test-resources, test-compile, process-test-classes, test, prepare-package, package, pre-integration-test, integration-test, post-integration-test, verify, install, deploy]
[DEBUG] Lifecycle site -> [pre-site, site, post-site, site-deploy]
[DEBUG] Lifecycle clean -> [pre-clean, clean, post-clean]
[DEBUG] Lifecycle default -> [validate, initialize, generate-sources, process-sources, generate-resources, process-resources, compile, process-classes, generate-test-sources, process-test-sources, generate-test-resources, process-test-resources, test-compile, process-test-classes, test, prepare-package, package, pre-integration-test, integration-test, post-integration-test, verify, install, deploy]
[DEBUG] Lifecycle site -> [pre-site, site, post-site, site-deploy]
[DEBUG] Lifecycle clean -> [pre-clean, clean, post-clean]
[DEBUG] Lifecycle default -> [validate, initialize, generate-sources, process-sources, generate-resources, process-resources, compile, process-classes, generate-test-sources, process-test-sources, generate-test-resources, process-test-resources, test-compile, process-test-classes, test, prepare-package, package, pre-integration-test, integration-test, post-integration-test, verify, install, deploy]
[DEBUG] Lifecycle site -> [pre-site, site, post-site, site-deploy]
[DEBUG] Lifecycle clean -> [pre-clean, clean, post-clean]
[DEBUG] Lifecycle default -> [validate, initialize, generate-sources, process-sources, generate-resources, process-resources, compile, process-classes, generate-test-sources, process-test-sources, generate-test-resources, process-test-resources, test-compile, process-test-classes, test, prepare-package, package, pre-integration-test, integration-test, post-integration-test, verify, install, deploy]
[DEBUG] Lifecycle site -> [pre-site, site, post-site, site-deploy]
[DEBUG] Lifecycle clean -> [pre-clean, clean, post-clean]
[DEBUG] Lifecycle default -> [validate, initialize, generate-sources, process-sources, generate-resources, process-resources, compile, process-classes, generate-test-sources, process-test-sources, generate-test-resources, process-test-resources, test-compile, process-test-classes, test, prepare-package, package, pre-integration-test, integration-test, post-integration-test, verify, install, deploy]
[DEBUG] Lifecycle site -> [pre-site, site, post-site, site-deploy]
[DEBUG] Lifecycle clean -> [pre-clean, clean, post-clean]
[DEBUG] Lifecycle default -> [validate, initialize, generate-sources, process-sources, generate-resources, process-resources, compile, process-classes, generate-test-sources, process-test-sources, generate-test-resources, process-test-resources, test-compile, process-test-classes, test, prepare-package, package, pre-integration-test, integration-test, post-integration-test, verify, install, deploy]
[DEBUG] Lifecycle site -> [pre-site, site, post-site, site-deploy]
[DEBUG] Lifecycle clean -> [pre-clean, clean, post-clean]
[DEBUG] Lifecycle default -> [validate, initialize, generate-sources, process-sources, generate-resources, process-resources, compile, process-classes, generate-test-sources, process-test-sources, generate-test-resources, process-test-resources, test-compile, process-test-classes, test, prepare-package, package, pre-integration-test, integration-test, post-integration-test, verify, install, deploy]
[DEBUG] Lifecycle site -> [pre-site, site, post-site, site-deploy]
[DEBUG] === PROJECT BUILD PLAN ================================================
[DEBUG] Project:       se.su.inlupp:gui:1.0-SNAPSHOT
[DEBUG] Dependencies (collect): []
[DEBUG] Dependencies (resolve): [compile, runtime, test]
[DEBUG] Repositories (dependencies): [central (https://repo.maven.apache.org/maven2, default, releases)]
[DEBUG] Repositories (plugins)     : [gluon-releases (https://nexus.gluonhq.com/nexus/content/repositories/releases/, default, releases+snapshots), central (https://repo.maven.apache.org/maven2, default, releases)]
[DEBUG] -----------------------------------------------------------------------
[DEBUG] Goal:          org.apache.maven.plugins:maven-clean-plugin:3.4.0:clean (default-clean)
[DEBUG] Style:         Regular
[DEBUG] Configuration: <?xml version="1.0" encoding="UTF-8"?>
<configuration>
  <directory default-value="${project.build.directory}"/>
  <excludeDefaultDirectories default-value="false">${maven.clean.excludeDefaultDirectories}</excludeDefaultDirectories>
  <failOnError default-value="true">${maven.clean.failOnError}</failOnError>
  <fast default-value="false">${maven.clean.fast}</fast>
  <fastDir>${maven.clean.fastDir}</fastDir>
  <fastMode default-value="background">${maven.clean.fastMode}</fastMode>
  <followSymLinks default-value="false">${maven.clean.followSymLinks}</followSymLinks>
  <outputDirectory default-value="${project.build.outputDirectory}"/>
  <reportDirectory default-value="${project.build.outputDirectory}"/>
  <retryOnError default-value="true">${maven.clean.retryOnError}</retryOnError>
  <session default-value="${session}"/>
  <skip default-value="false">${maven.clean.skip}</skip>
  <testOutputDirectory default-value="${project.build.testOutputDirectory}"/>
  <verbose>${maven.clean.verbose}</verbose>
</configuration>
[DEBUG] -----------------------------------------------------------------------
[DEBUG] Goal:          org.apache.maven.plugins:maven-resources-plugin:3.3.1:resources (default-resources)
[DEBUG] Style:         Regular
[DEBUG] Configuration: <?xml version="1.0" encoding="UTF-8"?>
<configuration>
  <addDefaultExcludes default-value="true"/>
  <buildFilters default-value="${project.build.filters}"/>
  <encoding default-value="${project.build.sourceEncoding}"/>
  <escapeWindowsPaths default-value="true"/>
  <fileNameFiltering default-value="false"/>
  <includeEmptyDirs default-value="false"/>
  <outputDirectory default-value="${project.build.outputDirectory}"/>
  <overwrite default-value="false"/>
  <project default-value="${project}"/>
  <resources default-value="${project.resources}"/>
  <session default-value="${session}"/>
  <skip default-value="false">${maven.resources.skip}</skip>
  <supportMultiLineFiltering default-value="false"/>
  <useBuildFilters default-value="true"/>
  <useDefaultDelimiters default-value="true"/>
</configuration>
[DEBUG] -----------------------------------------------------------------------
[DEBUG] Goal:          org.apache.maven.plugins:maven-compiler-plugin:3.13.0:compile (default-compile)
[DEBUG] Style:         Regular
[DEBUG] Configuration: <?xml version="1.0" encoding="UTF-8"?>
<configuration>
  <annotationProcessorPathsUseDepMgmt default-value="false"/>
  <basedir default-value="${basedir}"/>
  <buildDirectory default-value="${project.build.directory}"/>
  <compilePath default-value="${project.compileClasspathElements}"/>
  <compileSourceRoots default-value="${project.compileSourceRoots}"/>
  <compilerId default-value="javac">${maven.compiler.compilerId}</compilerId>
  <compilerReuseStrategy default-value="${reuseCreated}">${maven.compiler.compilerReuseStrategy}</compilerReuseStrategy>
  <compilerVersion>${maven.compiler.compilerVersion}</compilerVersion>
  <createMissingPackageInfoClass default-value="true">${maven.compiler.createMissingPackageInfoClass}</createMissingPackageInfoClass>
  <debug default-value="true">${maven.compiler.debug}</debug>
  <debugFileName default-value="javac"/>
  <debuglevel>${maven.compiler.debuglevel}</debuglevel>
  <enablePreview default-value="false">${maven.compiler.enablePreview}</enablePreview>
  <encoding default-value="${project.build.sourceEncoding}">${encoding}</encoding>
  <executable>${maven.compiler.executable}</executable>
  <failOnError default-value="true">${maven.compiler.failOnError}</failOnError>
  <failOnWarning default-value="false">${maven.compiler.failOnWarning}</failOnWarning>
  <fileExtensions default-value="class,jar"/>
  <forceJavacCompilerUse default-value="false">${maven.compiler.forceJavacCompilerUse}</forceJavacCompilerUse>
  <forceLegacyJavacApi default-value="false">${maven.compiler.forceLegacyJavacApi}</forceLegacyJavacApi>
  <fork default-value="false">${maven.compiler.fork}</fork>
  <generatedSourcesDirectory default-value="${project.build.directory}/generated-sources/annotations"/>
  <implicit>${maven.compiler.implicit}</implicit>
  <maxmem>${maven.compiler.maxmem}</maxmem>
  <meminitial>${maven.compiler.meminitial}</meminitial>
  <mojoExecution default-value="${mojoExecution}"/>
  <optimize default-value="false">${maven.compiler.optimize}</optimize>
  <outputDirectory default-value="${project.build.outputDirectory}">${maven.compiler.outputDirectory}</outputDirectory>
  <outputTimestamp default-value="${project.build.outputTimestamp}"/>
  <parameters default-value="false">${maven.compiler.parameters}</parameters>
  <proc>${maven.compiler.proc}</proc>
  <project default-value="${project}"/>
  <projectArtifact default-value="${project.artifact}"/>
  <release>${maven.compiler.release}</release>
  <session default-value="${session}"/>
  <showCompilationChanges default-value="false">${maven.compiler.showCompilationChanges}</showCompilationChanges>
  <showDeprecation default-value="false">${maven.compiler.showDeprecation}</showDeprecation>
  <showWarnings default-value="true">${maven.compiler.showWarnings}</showWarnings>
  <skipMain>${maven.main.skip}</skipMain>
  <skipMultiThreadWarning default-value="false">${maven.compiler.skipMultiThreadWarning}</skipMultiThreadWarning>
  <source default-value="1.8">${maven.compiler.source}</source>
  <staleMillis default-value="0">${lastModGranularityMs}</staleMillis>
  <target default-value="1.8">${maven.compiler.target}</target>
  <useIncrementalCompilation default-value="true">${maven.compiler.useIncrementalCompilation}</useIncrementalCompilation>
  <verbose default-value="false">${maven.compiler.verbose}</verbose>
</configuration>
[DEBUG] -----------------------------------------------------------------------
[DEBUG] Goal:          org.apache.maven.plugins:maven-resources-plugin:3.3.1:testResources (default-testResources)
[DEBUG] Style:         Regular
[DEBUG] Configuration: <?xml version="1.0" encoding="UTF-8"?>
<configuration>
  <addDefaultExcludes default-value="true"/>
  <buildFilters default-value="${project.build.filters}"/>
  <encoding default-value="${project.build.sourceEncoding}"/>
  <escapeWindowsPaths default-value="true"/>
  <fileNameFiltering default-value="false"/>
  <includeEmptyDirs default-value="false"/>
  <outputDirectory default-value="${project.build.testOutputDirectory}"/>
  <overwrite default-value="false"/>
  <project default-value="${project}"/>
  <resources default-value="${project.testResources}"/>
  <session default-value="${session}"/>
  <skip default-value="false">${maven.test.skip}</skip>
  <supportMultiLineFiltering default-value="false"/>
  <useBuildFilters default-value="true"/>
  <useDefaultDelimiters default-value="true"/>
</configuration>
[DEBUG] -----------------------------------------------------------------------
[DEBUG] Goal:          org.apache.maven.plugins:maven-compiler-plugin:3.13.0:testCompile (default-testCompile)
[DEBUG] Style:         Regular
[DEBUG] Configuration: <?xml version="1.0" encoding="UTF-8"?>
<configuration>
  <annotationProcessorPathsUseDepMgmt default-value="false"/>
  <basedir default-value="${basedir}"/>
  <buildDirectory default-value="${project.build.directory}"/>
  <compileSourceRoots default-value="${project.testCompileSourceRoots}"/>
  <compilerId default-value="javac">${maven.compiler.compilerId}</compilerId>
  <compilerReuseStrategy default-value="${reuseCreated}">${maven.compiler.compilerReuseStrategy}</compilerReuseStrategy>
  <compilerVersion>${maven.compiler.compilerVersion}</compilerVersion>
  <createMissingPackageInfoClass default-value="true">${maven.compiler.createMissingPackageInfoClass}</createMissingPackageInfoClass>
  <debug default-value="true">${maven.compiler.debug}</debug>
  <debugFileName default-value="javac-test"/>
  <debuglevel>${maven.compiler.debuglevel}</debuglevel>
  <enablePreview default-value="false">${maven.compiler.enablePreview}</enablePreview>
  <encoding default-value="${project.build.sourceEncoding}">${encoding}</encoding>
  <executable>${maven.compiler.executable}</executable>
  <failOnError default-value="true">${maven.compiler.failOnError}</failOnError>
  <failOnWarning default-value="false">${maven.compiler.failOnWarning}</failOnWarning>
  <fileExtensions default-value="class,jar"/>
  <forceJavacCompilerUse default-value="false">${maven.compiler.forceJavacCompilerUse}</forceJavacCompilerUse>
  <forceLegacyJavacApi default-value="false">${maven.compiler.forceLegacyJavacApi}</forceLegacyJavacApi>
  <fork default-value="false">${maven.compiler.fork}</fork>
  <generatedTestSourcesDirectory default-value="${project.build.directory}/generated-test-sources/test-annotations"/>
  <implicit>${maven.compiler.implicit}</implicit>
  <maxmem>${maven.compiler.maxmem}</maxmem>
  <meminitial>${maven.compiler.meminitial}</meminitial>
  <mojoExecution default-value="${mojoExecution}"/>
  <optimize default-value="false">${maven.compiler.optimize}</optimize>
  <outputDirectory default-value="${project.build.testOutputDirectory}"/>
  <outputTimestamp default-value="${project.build.outputTimestamp}"/>
  <parameters default-value="false">${maven.compiler.parameters}</parameters>
  <proc>${maven.compiler.proc}</proc>
  <project default-value="${project}"/>
  <release>${maven.compiler.release}</release>
  <session default-value="${session}"/>
  <showCompilationChanges default-value="false">${maven.compiler.showCompilationChanges}</showCompilationChanges>
  <showDeprecation default-value="false">${maven.compiler.showDeprecation}</showDeprecation>
  <showWarnings default-value="true">${maven.compiler.showWarnings}</showWarnings>
  <skip>${maven.test.skip}</skip>
  <skipMultiThreadWarning default-value="false">${maven.compiler.skipMultiThreadWarning}</skipMultiThreadWarning>
  <source default-value="1.8">${maven.compiler.source}</source>
  <staleMillis default-value="0">${lastModGranularityMs}</staleMillis>
  <target default-value="1.8">${maven.compiler.target}</target>
  <testPath default-value="${project.testClasspathElements}"/>
  <testRelease>${maven.compiler.testRelease}</testRelease>
  <testSource>${maven.compiler.testSource}</testSource>
  <testTarget>${maven.compiler.testTarget}</testTarget>
  <useIncrementalCompilation default-value="true">${maven.compiler.useIncrementalCompilation}</useIncrementalCompilation>
  <useModulePath default-value="true"/>
  <verbose default-value="false">${maven.compiler.verbose}</verbose>
</configuration>
[DEBUG] -----------------------------------------------------------------------
[DEBUG] Goal:          org.apache.maven.plugins:maven-surefire-plugin:3.1.2:test (default-test)
[DEBUG] Style:         Regular
[DEBUG] Configuration: <?xml version="1.0" encoding="UTF-8"?>
<configuration>
  <additionalClasspathElements>${maven.test.additionalClasspath}</additionalClasspathElements>
  <argLine>${argLine}</argLine>
  <basedir default-value="${basedir}"/>
  <childDelegation default-value="false">${childDelegation}</childDelegation>
  <classesDirectory default-value="${project.build.outputDirectory}"/>
  <classpathDependencyExcludes>${maven.test.dependency.excludes}</classpathDependencyExcludes>
  <debugForkedProcess>${maven.surefire.debug}</debugForkedProcess>
  <dependenciesToScan>${dependenciesToScan}</dependenciesToScan>
  <disableXmlReport default-value="false">${disableXmlReport}</disableXmlReport>
  <enableAssertions default-value="true">${enableAssertions}</enableAssertions>
  <enableProcessChecker>${surefire.enableProcessChecker}</enableProcessChecker>
  <encoding default-value="${project.reporting.outputEncoding}">${surefire.encoding}</encoding>
  <excludeJUnit5Engines>${surefire.excludeJUnit5Engines}</excludeJUnit5Engines>
  <excludedEnvironmentVariables>${surefire.excludedEnvironmentVariables}</excludedEnvironmentVariables>
  <excludedGroups>${excludedGroups}</excludedGroups>
  <excludes>${surefire.excludes}</excludes>
  <excludesFile>${surefire.excludesFile}</excludesFile>
  <failIfNoSpecifiedTests default-value="true">${surefire.failIfNoSpecifiedTests}</failIfNoSpecifiedTests>
  <failIfNoTests default-value="false">${failIfNoTests}</failIfNoTests>
  <failOnFlakeCount default-value="0">${surefire.failOnFlakeCount}</failOnFlakeCount>
  <forkCount default-value="1">${forkCount}</forkCount>
  <forkNode>${surefire.forkNode}</forkNode>
  <forkedProcessExitTimeoutInSeconds default-value="30">${surefire.exitTimeout}</forkedProcessExitTimeoutInSeconds>
  <forkedProcessTimeoutInSeconds>${surefire.timeout}</forkedProcessTimeoutInSeconds>
  <groups>${groups}</groups>
  <includeJUnit5Engines>${surefire.includeJUnit5Engines}</includeJUnit5Engines>
  <includes>${surefire.includes}</includes>
  <includesFile>${surefire.includesFile}</includesFile>
  <junitArtifactName default-value="junit:junit">${junitArtifactName}</junitArtifactName>
  <jvm>${jvm}</jvm>
  <objectFactory>${objectFactory}</objectFactory>
  <parallel>${parallel}</parallel>
  <parallelMavenExecution default-value="${session.parallel}"/>
  <parallelOptimized default-value="true">${parallelOptimized}</parallelOptimized>
  <parallelTestsTimeoutForcedInSeconds>${surefire.parallel.forcedTimeout}</parallelTestsTimeoutForcedInSeconds>
  <parallelTestsTimeoutInSeconds>${surefire.parallel.timeout}</parallelTestsTimeoutInSeconds>
  <perCoreThreadCount default-value="true">${perCoreThreadCount}</perCoreThreadCount>
  <pluginArtifactMap>${plugin.artifactMap}</pluginArtifactMap>
  <pluginDescriptor default-value="${plugin}"/>
  <printSummary default-value="true">${surefire.printSummary}</printSummary>
  <project default-value="${project}"/>
  <projectArtifactMap>${project.artifactMap}</projectArtifactMap>
  <projectBuildDirectory default-value="${project.build.directory}"/>
  <redirectTestOutputToFile default-value="false">${maven.test.redirectTestOutputToFile}</redirectTestOutputToFile>
  <reportFormat default-value="brief">${surefire.reportFormat}</reportFormat>
  <reportNameSuffix default-value="">${surefire.reportNameSuffix}</reportNameSuffix>
  <reportsDirectory default-value="${project.build.directory}/surefire-reports"/>
  <rerunFailingTestsCount default-value="0">${surefire.rerunFailingTestsCount}</rerunFailingTestsCount>
  <reuseForks default-value="true">${reuseForks}</reuseForks>
  <runOrder default-value="filesystem">${surefire.runOrder}</runOrder>
  <runOrderRandomSeed>${surefire.runOrder.random.seed}</runOrderRandomSeed>
  <session default-value="${session}"/>
  <shutdown default-value="exit">${surefire.shutdown}</shutdown>
  <skip default-value="false">${maven.test.skip}</skip>
  <skipAfterFailureCount default-value="0">${surefire.skipAfterFailureCount}</skipAfterFailureCount>
  <skipExec>${maven.test.skip.exec}</skipExec>
  <skipTests default-value="false">${skipTests}</skipTests>
  <suiteXmlFiles>${surefire.suiteXmlFiles}</suiteXmlFiles>
  <systemPropertiesFile>${surefire.systemPropertiesFile}</systemPropertiesFile>
  <tempDir default-value="surefire">${tempDir}</tempDir>
  <test>${test}</test>
  <testClassesDirectory default-value="${project.build.testOutputDirectory}"/>
  <testFailureIgnore default-value="false">${maven.test.failure.ignore}</testFailureIgnore>
  <testNGArtifactName default-value="org.testng:testng">${testNGArtifactName}</testNGArtifactName>
  <testSourceDirectory default-value="${project.build.testSourceDirectory}"/>
  <threadCount>${threadCount}</threadCount>
  <threadCountClasses default-value="0">${threadCountClasses}</threadCountClasses>
  <threadCountMethods default-value="0">${threadCountMethods}</threadCountMethods>
  <threadCountSuites default-value="0">${threadCountSuites}</threadCountSuites>
  <trimStackTrace default-value="false">${trimStackTrace}</trimStackTrace>
  <useFile default-value="true">${surefire.useFile}</useFile>
  <useManifestOnlyJar default-value="true">${surefire.useManifestOnlyJar}</useManifestOnlyJar>
  <useModulePath default-value="true">false</useModulePath>
  <useSystemClassLoader default-value="true">${surefire.useSystemClassLoader}</useSystemClassLoader>
  <useUnlimitedThreads default-value="false">${useUnlimitedThreads}</useUnlimitedThreads>
  <workingDirectory>${basedir}</workingDirectory>
</configuration>
[DEBUG] -----------------------------------------------------------------------
[DEBUG] Goal:          org.apache.maven.plugins:maven-jar-plugin:3.4.2:jar (default-jar)
[DEBUG] Style:         Regular
[DEBUG] Configuration: <?xml version="1.0" encoding="UTF-8"?>
<configuration>
  <addDefaultExcludes default-value="true"/>
  <classesDirectory default-value="${project.build.outputDirectory}"/>
  <detectMultiReleaseJar default-value="true">${maven.jar.detectMultiReleaseJar}</detectMultiReleaseJar>
  <finalName default-value="${project.build.finalName}"/>
  <forceCreation default-value="false">${maven.jar.forceCreation}</forceCreation>
  <outputDirectory default-value="${project.build.directory}"/>
  <outputTimestamp default-value="${project.build.outputTimestamp}"/>
  <project default-value="${project}"/>
  <session default-value="${session}"/>
  <skipIfEmpty default-value="false"/>
  <useDefaultManifestFile default-value="false">${jar.useDefaultManifestFile}</useDefaultManifestFile>
</configuration>
[DEBUG] --- init fork of se.su.inlupp:gui:1.0-SNAPSHOT for org.openjfx:javafx-maven-plugin:0.0.8:run (default) ---
[DEBUG] Dependencies (collect): []
[DEBUG] Dependencies (resolve): [compile]
[DEBUG] -----------------------------------------------------------------------
[DEBUG] Goal:          org.apache.maven.plugins:maven-resources-plugin:3.3.1:resources (default-resources)
[DEBUG] Style:         Regular
[DEBUG] Configuration: <?xml version="1.0" encoding="UTF-8"?>
<configuration>
  <addDefaultExcludes default-value="true"/>
  <buildFilters default-value="${project.build.filters}"/>
  <encoding default-value="${project.build.sourceEncoding}"/>
  <escapeWindowsPaths default-value="true"/>
  <fileNameFiltering default-value="false"/>
  <includeEmptyDirs default-value="false"/>
  <outputDirectory default-value="${project.build.outputDirectory}"/>
  <overwrite default-value="false"/>
  <project default-value="${project}"/>
  <resources default-value="${project.resources}"/>
  <session default-value="${session}"/>
  <skip default-value="false">${maven.resources.skip}</skip>
  <supportMultiLineFiltering default-value="false"/>
  <useBuildFilters default-value="true"/>
  <useDefaultDelimiters default-value="true"/>
</configuration>
[DEBUG] -----------------------------------------------------------------------
[DEBUG] Goal:          org.apache.maven.plugins:maven-compiler-plugin:3.13.0:compile (default-compile)
[DEBUG] Style:         Regular
[DEBUG] Configuration: <?xml version="1.0" encoding="UTF-8"?>
<configuration>
  <annotationProcessorPathsUseDepMgmt default-value="false"/>
  <basedir default-value="${basedir}"/>
  <buildDirectory default-value="${project.build.directory}"/>
  <compilePath default-value="${project.compileClasspathElements}"/>
  <compileSourceRoots default-value="${project.compileSourceRoots}"/>
  <compilerId default-value="javac">${maven.compiler.compilerId}</compilerId>
  <compilerReuseStrategy default-value="${reuseCreated}">${maven.compiler.compilerReuseStrategy}</compilerReuseStrategy>
  <compilerVersion>${maven.compiler.compilerVersion}</compilerVersion>
  <createMissingPackageInfoClass default-value="true">${maven.compiler.createMissingPackageInfoClass}</createMissingPackageInfoClass>
  <debug default-value="true">${maven.compiler.debug}</debug>
  <debugFileName default-value="javac"/>
  <debuglevel>${maven.compiler.debuglevel}</debuglevel>
  <enablePreview default-value="false">${maven.compiler.enablePreview}</enablePreview>
  <encoding default-value="${project.build.sourceEncoding}">${encoding}</encoding>
  <executable>${maven.compiler.executable}</executable>
  <failOnError default-value="true">${maven.compiler.failOnError}</failOnError>
  <failOnWarning default-value="false">${maven.compiler.failOnWarning}</failOnWarning>
  <fileExtensions default-value="class,jar"/>
  <forceJavacCompilerUse default-value="false">${maven.compiler.forceJavacCompilerUse}</forceJavacCompilerUse>
  <forceLegacyJavacApi default-value="false">${maven.compiler.forceLegacyJavacApi}</forceLegacyJavacApi>
  <fork default-value="false">${maven.compiler.fork}</fork>
  <generatedSourcesDirectory default-value="${project.build.directory}/generated-sources/annotations"/>
  <implicit>${maven.compiler.implicit}</implicit>
  <maxmem>${maven.compiler.maxmem}</maxmem>
  <meminitial>${maven.compiler.meminitial}</meminitial>
  <mojoExecution default-value="${mojoExecution}"/>
  <optimize default-value="false">${maven.compiler.optimize}</optimize>
  <outputDirectory default-value="${project.build.outputDirectory}">${maven.compiler.outputDirectory}</outputDirectory>
  <outputTimestamp default-value="${project.build.outputTimestamp}"/>
  <parameters default-value="false">${maven.compiler.parameters}</parameters>
  <proc>${maven.compiler.proc}</proc>
  <project default-value="${project}"/>
  <projectArtifact default-value="${project.artifact}"/>
  <release>${maven.compiler.release}</release>
  <session default-value="${session}"/>
  <showCompilationChanges default-value="false">${maven.compiler.showCompilationChanges}</showCompilationChanges>
  <showDeprecation default-value="false">${maven.compiler.showDeprecation}</showDeprecation>
  <showWarnings default-value="true">${maven.compiler.showWarnings}</showWarnings>
  <skipMain>${maven.main.skip}</skipMain>
  <skipMultiThreadWarning default-value="false">${maven.compiler.skipMultiThreadWarning}</skipMultiThreadWarning>
  <source default-value="1.8">${maven.compiler.source}</source>
  <staleMillis default-value="0">${lastModGranularityMs}</staleMillis>
  <target default-value="1.8">${maven.compiler.target}</target>
  <useIncrementalCompilation default-value="true">${maven.compiler.useIncrementalCompilation}</useIncrementalCompilation>
  <verbose default-value="false">${maven.compiler.verbose}</verbose>
</configuration>
[DEBUG] --- exit fork of se.su.inlupp:gui:1.0-SNAPSHOT for org.openjfx:javafx-maven-plugin:0.0.8:run (default) ---
[DEBUG] -----------------------------------------------------------------------
[DEBUG] Goal:          org.openjfx:javafx-maven-plugin:0.0.8:run (default)
[DEBUG] Style:         Regular
[DEBUG] Configuration: <?xml version="1.0" encoding="UTF-8"?>
<configuration>
  <async default-value="false">${javafx.async}</async>
  <asyncDestroyOnShutdown default-value="true">${javafx.asyncDestroyOnShutdown}</asyncDestroyOnShutdown>
  <basedir default-value="${basedir}"/>
  <builddir default-value="${project.build.directory}"/>
  <commandlineArgs>${javafx.args}</commandlineArgs>
  <compilePath default-value="${project.compileClasspathElements}"/>
  <executable default-value="java">${javafx.executable}</executable>
  <includePathExceptionsInClasspath default-value="false">${javafx.includePathExceptionsInClasspath}</includePathExceptionsInClasspath>
  <mainClass>se.su.inlupp.Gui</mainClass>
  <outputFile>${javafx.outputFile}</outputFile>
  <project default-value="${project}"/>
  <runtimePathOption>${javafx.runtimePathOption}</runtimePathOption>
  <session default-value="${session}"/>
  <skip default-value="false">${javafx.skip}</skip>
  <workingDirectory>${javafx.workingDirectory}</workingDirectory>
</configuration>
[DEBUG] =======================================================================
[DEBUG] Dependency collection stats {ConflictMarker.analyzeTime=51125, ConflictMarker.markTime=21208, ConflictMarker.nodeCount=33, ConflictIdSorter.graphTime=32667, ConflictIdSorter.topsortTime=46958, ConflictIdSorter.conflictIdCount=16, ConflictIdSorter.conflictIdCycleCount=4, ConflictResolver.totalTime=417916, ConflictResolver.conflictItemCount=27, DfDependencyCollector.collectTime=6232834, DfDependencyCollector.transformTime=593416}
[DEBUG] se.su.inlupp:gui:jar:1.0-SNAPSHOT
[DEBUG]    se.su.inlupp:backend:jar:1.0-SNAPSHOT:compile
[DEBUG]    org.openjfx:javafx-controls:jar:25:compile
[DEBUG]       org.openjfx:javafx-controls:jar:mac-aarch64:25:compile
[DEBUG]       org.openjfx:javafx-graphics:jar:25:compile
[DEBUG]          org.openjfx:javafx-graphics:jar:mac-aarch64:25:compile
[DEBUG]          org.openjfx:javafx-base:jar:25:compile
[DEBUG]             org.openjfx:javafx-base:jar:mac-aarch64:25:compile
[DEBUG]    org.openjfx:javafx-swing:jar:25:compile
[DEBUG]       org.openjfx:javafx-swing:jar:mac-aarch64:25:compile
[DEBUG]    org.junit.jupiter:junit-jupiter-engine:jar:5.11.0:test
[DEBUG]       org.junit.platform:junit-platform-engine:jar:1.11.0:test (version managed from 1.11.0)
[DEBUG]       org.apiguardian:apiguardian-api:jar:1.1.2:test
[DEBUG]    org.junit.jupiter:junit-jupiter-api:jar:5.11.0:test
[DEBUG]       org.opentest4j:opentest4j:jar:1.3.0:test
[DEBUG]       org.junit.platform:junit-platform-commons:jar:1.11.0:test (version managed from 1.11.0)
[DEBUG]    org.junit.jupiter:junit-jupiter-params:jar:5.11.0:test
[INFO] 
[INFO] --- clean:3.4.0:clean (default-clean) @ gui ---
[DEBUG] Dependency collection stats {ConflictMarker.analyzeTime=70625, ConflictMarker.markTime=11750, ConflictMarker.nodeCount=2, ConflictIdSorter.graphTime=24291, ConflictIdSorter.topsortTime=7000, ConflictIdSorter.conflictIdCount=2, ConflictIdSorter.conflictIdCycleCount=0, ConflictResolver.totalTime=52416, ConflictResolver.conflictItemCount=2, DfDependencyCollector.collectTime=1695917, DfDependencyCollector.transformTime=175250}
[DEBUG] org.apache.maven.plugins:maven-clean-plugin:jar:3.4.0
[DEBUG]    org.codehaus.plexus:plexus-utils:jar:4.0.1:compile
[DEBUG] Created new class realm plugin>org.apache.maven.plugins:maven-clean-plugin:3.4.0-425553015
[DEBUG] Importing foreign packages into class realm plugin>org.apache.maven.plugins:maven-clean-plugin:3.4.0-425553015
[DEBUG]   Imported:  < maven.api
[DEBUG] Populating class realm plugin>org.apache.maven.plugins:maven-clean-plugin:3.4.0-425553015
[DEBUG]   Included: org.apache.maven.plugins:maven-clean-plugin:jar:3.4.0
[DEBUG]   Included: org.codehaus.plexus:plexus-utils:jar:4.0.1
[DEBUG] Loading mojo org.apache.maven.plugins:maven-clean-plugin:3.4.0:clean from plugin realm ClassRealm[plugin>org.apache.maven.plugins:maven-clean-plugin:3.4.0-425553015, parent: jdk.internal.loader.ClassLoaders$AppClassLoader@7a8c5397]
[DEBUG] Configuring mojo execution 'org.apache.maven.plugins:maven-clean-plugin:3.4.0:clean:default-clean' with basic configurator -->
[DEBUG]   (f) directory = /Users/quimeymunoz/DSV/PROG2/prog2-inlupp-template/gui/target
[DEBUG]   (f) excludeDefaultDirectories = false
[DEBUG]   (f) failOnError = true
[DEBUG]   (f) fast = false
[DEBUG]   (f) fastMode = background
[DEBUG]   (f) followSymLinks = false
[DEBUG]   (f) outputDirectory = /Users/quimeymunoz/DSV/PROG2/prog2-inlupp-template/gui/target/classes
[DEBUG]   (f) reportDirectory = /Users/quimeymunoz/DSV/PROG2/prog2-inlupp-template/gui/target/classes
[DEBUG]   (f) retryOnError = true
[DEBUG]   (f) session = org.apache.maven.execution.MavenSession@138caeca
[DEBUG]   (f) skip = false
[DEBUG]   (f) testOutputDirectory = /Users/quimeymunoz/DSV/PROG2/prog2-inlupp-template/gui/target/test-classes
[DEBUG] -- end configuration --
[INFO] Deleting /Users/quimeymunoz/DSV/PROG2/prog2-inlupp-template/gui/target
[INFO] Deleting file /Users/quimeymunoz/DSV/PROG2/prog2-inlupp-template/gui/target/gui-1.0-SNAPSHOT.jar
[INFO] Deleting file /Users/quimeymunoz/DSV/PROG2/prog2-inlupp-template/gui/target/maven-archiver/pom.properties
[INFO] Deleting directory /Users/quimeymunoz/DSV/PROG2/prog2-inlupp-template/gui/target/maven-archiver
[INFO] Deleting file /Users/quimeymunoz/DSV/PROG2/prog2-inlupp-template/gui/target/maven-status/maven-compiler-plugin/compile/default-compile/createdFiles.lst
[INFO] Deleting file /Users/quimeymunoz/DSV/PROG2/prog2-inlupp-template/gui/target/maven-status/maven-compiler-plugin/compile/default-compile/inputFiles.lst
[INFO] Deleting directory /Users/quimeymunoz/DSV/PROG2/prog2-inlupp-template/gui/target/maven-status/maven-compiler-plugin/compile/default-compile
[INFO] Deleting directory /Users/quimeymunoz/DSV/PROG2/prog2-inlupp-template/gui/target/maven-status/maven-compiler-plugin/compile
[INFO] Deleting directory /Users/quimeymunoz/DSV/PROG2/prog2-inlupp-template/gui/target/maven-status/maven-compiler-plugin
[INFO] Deleting directory /Users/quimeymunoz/DSV/PROG2/prog2-inlupp-template/gui/target/maven-status
[INFO] Deleting file /Users/quimeymunoz/DSV/PROG2/prog2-inlupp-template/gui/target/classes/se/su/inlupp/Gui.class
[INFO] Deleting directory /Users/quimeymunoz/DSV/PROG2/prog2-inlupp-template/gui/target/classes/se/su/inlupp
[INFO] Deleting directory /Users/quimeymunoz/DSV/PROG2/prog2-inlupp-template/gui/target/classes/se/su
[INFO] Deleting directory /Users/quimeymunoz/DSV/PROG2/prog2-inlupp-template/gui/target/classes/se
[INFO] Deleting directory /Users/quimeymunoz/DSV/PROG2/prog2-inlupp-template/gui/target/classes
[INFO] Deleting directory /Users/quimeymunoz/DSV/PROG2/prog2-inlupp-template/gui/target/generated-sources/annotations
[INFO] Deleting directory /Users/quimeymunoz/DSV/PROG2/prog2-inlupp-template/gui/target/generated-sources
[INFO] Deleting directory /Users/quimeymunoz/DSV/PROG2/prog2-inlupp-template/gui/target
[DEBUG] Skipping non-existing directory /Users/quimeymunoz/DSV/PROG2/prog2-inlupp-template/gui/target/classes
[DEBUG] Skipping non-existing directory /Users/quimeymunoz/DSV/PROG2/prog2-inlupp-template/gui/target/test-classes
[DEBUG] Skipping non-existing directory /Users/quimeymunoz/DSV/PROG2/prog2-inlupp-template/gui/target/classes
[INFO] 
[INFO] --- resources:3.3.1:resources (default-resources) @ gui ---
[DEBUG] Dependency collection stats {ConflictMarker.analyzeTime=20500, ConflictMarker.markTime=12917, ConflictMarker.nodeCount=13, ConflictIdSorter.graphTime=12542, ConflictIdSorter.topsortTime=7458, ConflictIdSorter.conflictIdCount=9, ConflictIdSorter.conflictIdCycleCount=0, ConflictResolver.totalTime=89708, ConflictResolver.conflictItemCount=13, DfDependencyCollector.collectTime=1661458, DfDependencyCollector.transformTime=151208}
[DEBUG] org.apache.maven.plugins:maven-resources-plugin:jar:3.3.1
[DEBUG]    org.codehaus.plexus:plexus-interpolation:jar:1.26:runtime
[DEBUG]    org.codehaus.plexus:plexus-utils:jar:3.5.1:compile
[DEBUG]    org.apache.maven.shared:maven-filtering:jar:3.3.1:compile
[DEBUG]       javax.inject:javax.inject:jar:1:compile
[DEBUG]       org.slf4j:slf4j-api:jar:1.7.36:compile
[DEBUG]       org.sonatype.plexus:plexus-build-api:jar:0.0.7:compile
[DEBUG]    commons-io:commons-io:jar:2.11.0:compile
[DEBUG]    org.apache.commons:commons-lang3:jar:3.12.0:compile
[DEBUG] Created new class realm plugin>org.apache.maven.plugins:maven-resources-plugin:3.3.1--838159790
[DEBUG] Importing foreign packages into class realm plugin>org.apache.maven.plugins:maven-resources-plugin:3.3.1--838159790
[DEBUG]   Imported:  < maven.api
[DEBUG] Populating class realm plugin>org.apache.maven.plugins:maven-resources-plugin:3.3.1--838159790
[DEBUG]   Included: org.apache.maven.plugins:maven-resources-plugin:jar:3.3.1
[DEBUG]   Included: org.codehaus.plexus:plexus-interpolation:jar:1.26
[DEBUG]   Included: org.codehaus.plexus:plexus-utils:jar:3.5.1
[DEBUG]   Included: org.apache.maven.shared:maven-filtering:jar:3.3.1
[DEBUG]   Included: org.sonatype.plexus:plexus-build-api:jar:0.0.7
[DEBUG]   Included: commons-io:commons-io:jar:2.11.0
[DEBUG]   Included: org.apache.commons:commons-lang3:jar:3.12.0
[DEBUG] Loading mojo org.apache.maven.plugins:maven-resources-plugin:3.3.1:resources from plugin realm ClassRealm[plugin>org.apache.maven.plugins:maven-resources-plugin:3.3.1--838159790, parent: jdk.internal.loader.ClassLoaders$AppClassLoader@7a8c5397]
[DEBUG] Configuring mojo execution 'org.apache.maven.plugins:maven-resources-plugin:3.3.1:resources:default-resources' with basic configurator -->
[DEBUG]   (f) addDefaultExcludes = true
[DEBUG]   (f) buildFilters = []
[DEBUG]   (f) encoding = UTF-8
[DEBUG]   (f) escapeWindowsPaths = true
[DEBUG]   (f) fileNameFiltering = false
[DEBUG]   (s) includeEmptyDirs = false
[DEBUG]   (s) outputDirectory = /Users/quimeymunoz/DSV/PROG2/prog2-inlupp-template/gui/target/classes
[DEBUG]   (s) overwrite = false
[DEBUG]   (f) project = MavenProject: se.su.inlupp:gui:1.0-SNAPSHOT @ /Users/quimeymunoz/DSV/PROG2/prog2-inlupp-template/gui/pom.xml
[DEBUG]   (s) resources = [Resource {targetPath: null, filtering: false, FileSet {directory: /Users/quimeymunoz/DSV/PROG2/prog2-inlupp-template/gui/src/main/resources, PatternSet [includes: {}, excludes: {}]}}]
[DEBUG]   (f) session = org.apache.maven.execution.MavenSession@138caeca
[DEBUG]   (f) skip = false
[DEBUG]   (f) supportMultiLineFiltering = false
[DEBUG]   (f) useBuildFilters = true
[DEBUG]   (s) useDefaultDelimiters = true
[DEBUG] -- end configuration --
[DEBUG] properties used:
[DEBUG] apple.awt.application.name: Launcher
[DEBUG] classworlds.conf: /Users/quimeymunoz/.m2/wrapper/dists/apache-maven-3.9.6/a53741d1/bin/m2.conf
[DEBUG] env.COLORTERM: truecolor
[DEBUG] env.COMMAND_MODE: unix2003
[DEBUG] env.GIT_ASKPASS: /Applications/Visual Studio Code.app/Contents/Resources/app/extensions/git/dist/askpass.sh
[DEBUG] env.GIT_EDITOR: :
[DEBUG] env.GIT_MERGE_AUTOEDIT: no
[DEBUG] env.GIT_PAGER: cat
[DEBUG] env.GK_GL_ADDR: http://127.0.0.1:62074
[DEBUG] env.GK_GL_PATH: /var/folders/k8/h3jqtm314zxdpc48qz5xy3f40000gn/T/gitkraken/gitlens/gitlens-ipc-server-57954-62074.json
[DEBUG] env.HOME: /Users/quimeymunoz
[DEBUG] env.LANG: C.UTF-8
[DEBUG] env.LOCAL_GIT_DIRECTORY: /Applications/GitHub Desktop.app/Contents/Resources/app/git
[DEBUG] env.LOGNAME: quimeymunoz
[DEBUG] env.MAVEN_CMD_LINE_ARGS:  clean package -Dmaven.test.skip -X
[DEBUG] env.MAVEN_PROJECTBASEDIR: /Users/quimeymunoz/DSV/PROG2/prog2-inlupp-template
[DEBUG] env.MallocNanoZone: 0
[DEBUG] env.OLDPWD: /Users/quimeymunoz/DSV/PROG2/prog2-inlupp-template
[DEBUG] env.OSLogRateLimit: 64
[DEBUG] env.PATH: /Users/quimeymunoz/Library/Application Support/Code/User/globalStorage/github.copilot-chat/debugCommand:/Users/quimeymunoz/Library/Application Support/Code/User/globalStorage/github.copilot-chat/copilotCli:/usr/local/bin:/System/Cryptexes/App/usr/bin:/usr/bin:/bin:/usr/sbin:/sbin:/var/run/com.apple.security.cryptexd/codex.system/bootstrap/usr/local/bin:/var/run/com.apple.security.cryptexd/codex.system/bootstrap/usr/bin:/var/run/com.apple.security.cryptexd/codex.system/bootstrap/usr/appleinternal/bin:/opt/pkg/env/active/bin:/opt/pmk/env/global/bin:/Library/Apple/usr/bin:/Users/quimeymunoz/Library/Application Support/Code/User/globalStorage/github.copilot-chat/debugCommand:/Users/quimeymunoz/Library/Application Support/Code/User/globalStorage/github.copilot-chat/copilotCli:/Users/quimeymunoz/.vscode/extensions/vscjava.vscode-java-debug-0.59.0/bundled/scripts/noConfigScripts
[DEBUG] env.PWD: /Users/quimeymunoz/DSV/PROG2/prog2-inlupp-template
[DEBUG] env.SHELL: /bin/zsh
[DEBUG] env.SHLVL: 1
[DEBUG] env.SSH_AUTH_SOCK: /var/run/com.apple.launchd.i2PHuEtGpG/Listeners
[DEBUG] env.TERM: xterm-256color
[DEBUG] env.TERM_PROGRAM: vscode
[DEBUG] env.TERM_PROGRAM_VERSION: 1.120.0
[DEBUG] env.TMPDIR: /var/folders/k8/h3jqtm314zxdpc48qz5xy3f40000gn/T/
[DEBUG] env.USER: quimeymunoz
[DEBUG] env.USER_ZDOTDIR: /Users/quimeymunoz
[DEBUG] env.VSCODE_GIT_ASKPASS_EXTRA_ARGS: 
[DEBUG] env.VSCODE_GIT_ASKPASS_MAIN: /Applications/Visual Studio Code.app/Contents/Resources/app/extensions/git/dist/askpass-main.js
[DEBUG] env.VSCODE_GIT_ASKPASS_NODE: /Applications/Visual Studio Code.app/Contents/Frameworks/Code Helper (Plugin).app/Contents/MacOS/Code Helper (Plugin)
[DEBUG] env.VSCODE_GIT_IPC_HANDLE: /var/folders/k8/h3jqtm314zxdpc48qz5xy3f40000gn/T/vscode-git-13d005bb7d.sock
[DEBUG] env.VSCODE_INJECTION: 1
[DEBUG] env.VSCODE_JAVA_EXEC: /Library/Java/JavaVirtualMachines/jdk-25.jdk/Contents/Home/bin/java
[DEBUG] env.VSCODE_JDWP_ADAPTER_ENDPOINTS: /Users/quimeymunoz/.vscode/extensions/vscjava.vscode-java-debug-0.59.0/.noConfigDebugAdapterEndpoints/endpoint-b1997728689d2b0e.txt
[DEBUG] env.VSCODE_LOGIN_INITIALIZED: 1
[DEBUG] env.VSCODE_PROFILE_INITIALIZED: 1
[DEBUG] env.VSCODE_PYTHON_AUTOACTIVATE_GUARD: 1
[DEBUG] env.XPC_FLAGS: 0x0
[DEBUG] env.XPC_SERVICE_NAME: 0
[DEBUG] env.ZDOTDIR: /Users/quimeymunoz
[DEBUG] env.__CFBundleIdentifier: com.microsoft.VSCode
[DEBUG] env.__CF_USER_TEXT_ENCODING: 0x1F5:0x0:0x7
[DEBUG] file.encoding: UTF-8
[DEBUG] file.separator: /
[DEBUG] ftp.nonProxyHosts: local|*.local|169.254/16|*.169.254/16
[DEBUG] http.nonProxyHosts: local|*.local|169.254/16|*.169.254/16
[DEBUG] java.class.path: /Users/quimeymunoz/.m2/wrapper/dists/apache-maven-3.9.6/a53741d1/boot/plexus-classworlds-2.7.0.jar
[DEBUG] java.class.version: 69.0
[DEBUG] java.home: /Library/Java/JavaVirtualMachines/jdk-25.jdk/Contents/Home
[DEBUG] java.io.tmpdir: /var/folders/k8/h3jqtm314zxdpc48qz5xy3f40000gn/T/
[DEBUG] java.library.path: /Users/quimeymunoz/Library/Java/Extensions:/Library/Java/Extensions:/Network/Library/Java/Extensions:/System/Library/Java/Extensions:/usr/lib/java:.
[DEBUG] java.runtime.name: Java(TM) SE Runtime Environment
[DEBUG] java.runtime.version: 25.0.1+8-LTS-27
[DEBUG] java.specification.name: Java Platform API Specification
[DEBUG] java.specification.vendor: Oracle Corporation
[DEBUG] java.specification.version: 25
[DEBUG] java.vendor: Oracle Corporation
[DEBUG] java.vendor.url: https://java.oracle.com/
[DEBUG] java.vendor.url.bug: https://bugreport.java.com/bugreport/
[DEBUG] java.version: 25.0.1
[DEBUG] java.version.date: 2025-10-21
[DEBUG] java.vm.compressedOopsMode: Zero based
[DEBUG] java.vm.info: mixed mode, sharing
[DEBUG] java.vm.name: Java HotSpot(TM) 64-Bit Server VM
[DEBUG] java.vm.specification.name: Java Virtual Machine Specification
[DEBUG] java.vm.specification.vendor: Oracle Corporation
[DEBUG] java.vm.specification.version: 25
[DEBUG] java.vm.vendor: Oracle Corporation
[DEBUG] java.vm.version: 25.0.1+8-LTS-27
[DEBUG] javafx.version: 25
[DEBUG] jdk.debug: release
[DEBUG] library.jansi.path: /Users/quimeymunoz/.m2/wrapper/dists/apache-maven-3.9.6/a53741d1/lib/jansi-native
[DEBUG] line.separator: 

[DEBUG] mainClassName: se.su.inlupp.Gui
[DEBUG] maven.build.timestamp: 2026-05-21T07:22:44Z
[DEBUG] maven.build.version: Apache Maven 3.9.6 (bc0240f3c744dd6b6ec2920b3cd08dcc295161ae)
[DEBUG] maven.compiler.release: 21
[DEBUG] maven.conf: /Users/quimeymunoz/.m2/wrapper/dists/apache-maven-3.9.6/a53741d1/conf
[DEBUG] maven.home: /Users/quimeymunoz/.m2/wrapper/dists/apache-maven-3.9.6/a53741d1
[DEBUG] maven.multiModuleProjectDirectory: /Users/quimeymunoz/DSV/PROG2/prog2-inlupp-template
[DEBUG] maven.test.skip: true
[DEBUG] maven.version: 3.9.6
[DEBUG] native.encoding: UTF-8
[DEBUG] os.arch: aarch64
[DEBUG] os.name: Mac OS X
[DEBUG] os.version: 26.4.1
[DEBUG] path.separator: :
[DEBUG] project.baseUri: file:/Users/quimeymunoz/DSV/PROG2/prog2-inlupp-template/gui/
[DEBUG] project.build.sourceEncoding: UTF-8
[DEBUG] socksNonProxyHosts: local|*.local|169.254/16|*.169.254/16
[DEBUG] stderr.encoding: UTF-8
[DEBUG] stdin.encoding: UTF-8
[DEBUG] stdout.encoding: UTF-8
[DEBUG] sun.arch.data.model: 64
[DEBUG] sun.boot.library.path: /Library/Java/JavaVirtualMachines/jdk-25.jdk/Contents/Home/lib
[DEBUG] sun.cpu.endian: little
[DEBUG] sun.io.unicode.encoding: UnicodeBig
[DEBUG] sun.java.command: org.codehaus.plexus.classworlds.launcher.Launcher clean package -Dmaven.test.skip -X
[DEBUG] sun.java.launcher: SUN_STANDARD
[DEBUG] sun.jnu.encoding: UTF-8
[DEBUG] sun.management.compiler: HotSpot 64-Bit Tiered Compilers
[DEBUG] user.country: SE
[DEBUG] user.dir: /Users/quimeymunoz/DSV/PROG2/prog2-inlupp-template
[DEBUG] user.home: /Users/quimeymunoz
[DEBUG] user.language: sv
[DEBUG] user.name: quimeymunoz
[DEBUG] Using 'UTF-8' encoding to copy filtered resources.
[DEBUG] Using 'UTF-8' encoding to copy filtered properties files.
[DEBUG] resource with targetPath null
directory /Users/quimeymunoz/DSV/PROG2/prog2-inlupp-template/gui/src/main/resources
excludes []
includes []
[INFO] skip non existing resourceDirectory /Users/quimeymunoz/DSV/PROG2/prog2-inlupp-template/gui/src/main/resources
[DEBUG] no user filter components
[INFO] 
[INFO] --- compiler:3.13.0:compile (default-compile) @ gui ---
[DEBUG] Dependency collection stats {ConflictMarker.analyzeTime=18042, ConflictMarker.markTime=16625, ConflictMarker.nodeCount=22, ConflictIdSorter.graphTime=15250, ConflictIdSorter.topsortTime=9875, ConflictIdSorter.conflictIdCount=14, ConflictIdSorter.conflictIdCycleCount=0, ConflictResolver.totalTime=153292, ConflictResolver.conflictItemCount=22, DfDependencyCollector.collectTime=1929209, DfDependencyCollector.transformTime=222291}
[DEBUG] org.apache.maven.plugins:maven-compiler-plugin:jar:3.13.0
[DEBUG]    org.apache.maven.shared:maven-shared-utils:jar:3.4.2:compile
[DEBUG]       org.slf4j:slf4j-api:jar:1.7.36:compile
[DEBUG]       commons-io:commons-io:jar:2.11.0:compile
[DEBUG]    org.apache.maven.shared:maven-shared-incremental:jar:1.1:compile
[DEBUG]    org.codehaus.plexus:plexus-java:jar:1.2.0:compile
[DEBUG]       org.ow2.asm:asm:jar:9.6:compile
[DEBUG]       com.thoughtworks.qdox:qdox:jar:2.0.3:compile
[DEBUG]    org.codehaus.plexus:plexus-compiler-api:jar:2.15.0:compile
[DEBUG]    org.codehaus.plexus:plexus-compiler-manager:jar:2.15.0:compile
[DEBUG]       javax.inject:javax.inject:jar:1:compile
[DEBUG]       org.codehaus.plexus:plexus-xml:jar:3.0.0:compile (version managed from default)
[DEBUG]    org.codehaus.plexus:plexus-compiler-javac:jar:2.15.0:runtime
[DEBUG]    org.codehaus.plexus:plexus-utils:jar:4.0.0:compile
[DEBUG] Created new class realm plugin>org.apache.maven.plugins:maven-compiler-plugin:3.13.0-569035858
[DEBUG] Importing foreign packages into class realm plugin>org.apache.maven.plugins:maven-compiler-plugin:3.13.0-569035858
[DEBUG]   Imported:  < maven.api
[DEBUG] Populating class realm plugin>org.apache.maven.plugins:maven-compiler-plugin:3.13.0-569035858
[DEBUG]   Included: org.apache.maven.plugins:maven-compiler-plugin:jar:3.13.0
[DEBUG]   Included: org.apache.maven.shared:maven-shared-utils:jar:3.4.2
[DEBUG]   Included: commons-io:commons-io:jar:2.11.0
[DEBUG]   Included: org.apache.maven.shared:maven-shared-incremental:jar:1.1
[DEBUG]   Included: org.codehaus.plexus:plexus-java:jar:1.2.0
[DEBUG]   Included: org.ow2.asm:asm:jar:9.6
[DEBUG]   Included: com.thoughtworks.qdox:qdox:jar:2.0.3
[DEBUG]   Included: org.codehaus.plexus:plexus-compiler-api:jar:2.15.0
[DEBUG]   Included: org.codehaus.plexus:plexus-compiler-manager:jar:2.15.0
[DEBUG]   Included: org.codehaus.plexus:plexus-xml:jar:3.0.0
[DEBUG]   Included: org.codehaus.plexus:plexus-compiler-javac:jar:2.15.0
[DEBUG]   Included: org.codehaus.plexus:plexus-utils:jar:4.0.0
[DEBUG] Loading mojo org.apache.maven.plugins:maven-compiler-plugin:3.13.0:compile from plugin realm ClassRealm[plugin>org.apache.maven.plugins:maven-compiler-plugin:3.13.0-569035858, parent: jdk.internal.loader.ClassLoaders$AppClassLoader@7a8c5397]
[DEBUG] Configuring mojo execution 'org.apache.maven.plugins:maven-compiler-plugin:3.13.0:compile:default-compile' with basic configurator -->
[DEBUG]   (f) annotationProcessorPathsUseDepMgmt = false
[DEBUG]   (f) basedir = /Users/quimeymunoz/DSV/PROG2/prog2-inlupp-template/gui
[DEBUG]   (f) buildDirectory = /Users/quimeymunoz/DSV/PROG2/prog2-inlupp-template/gui/target
[DEBUG]   (f) compilePath = [/Users/quimeymunoz/DSV/PROG2/prog2-inlupp-template/gui/target/classes, /Users/quimeymunoz/DSV/PROG2/prog2-inlupp-template/backend/target/backend-1.0-SNAPSHOT.jar, /Users/quimeymunoz/.m2/repository/org/openjfx/javafx-controls/25/javafx-controls-25.jar, /Users/quimeymunoz/.m2/repository/org/openjfx/javafx-controls/25/javafx-controls-25-mac-aarch64.jar, /Users/quimeymunoz/.m2/repository/org/openjfx/javafx-graphics/25/javafx-graphics-25.jar, /Users/quimeymunoz/.m2/repository/org/openjfx/javafx-graphics/25/javafx-graphics-25-mac-aarch64.jar, /Users/quimeymunoz/.m2/repository/org/openjfx/javafx-base/25/javafx-base-25.jar, /Users/quimeymunoz/.m2/repository/org/openjfx/javafx-base/25/javafx-base-25-mac-aarch64.jar, /Users/quimeymunoz/.m2/repository/org/openjfx/javafx-swing/25/javafx-swing-25.jar, /Users/quimeymunoz/.m2/repository/org/openjfx/javafx-swing/25/javafx-swing-25-mac-aarch64.jar]
[DEBUG]   (f) compileSourceRoots = [/Users/quimeymunoz/DSV/PROG2/prog2-inlupp-template/gui/src/main/java]
[DEBUG]   (f) compilerId = javac
[DEBUG]   (f) createMissingPackageInfoClass = true
[DEBUG]   (f) debug = true
[DEBUG]   (f) debugFileName = javac
[DEBUG]   (f) enablePreview = false
[DEBUG]   (f) encoding = UTF-8
[DEBUG]   (f) failOnError = true
[DEBUG]   (f) failOnWarning = false
[DEBUG]   (f) fileExtensions = [jar, class]
[DEBUG]   (f) forceJavacCompilerUse = false
[DEBUG]   (f) forceLegacyJavacApi = false
[DEBUG]   (f) fork = false
[DEBUG]   (f) generatedSourcesDirectory = /Users/quimeymunoz/DSV/PROG2/prog2-inlupp-template/gui/target/generated-sources/annotations
[DEBUG]   (f) mojoExecution = org.apache.maven.plugins:maven-compiler-plugin:3.13.0:compile {execution: default-compile}
[DEBUG]   (f) optimize = false
[DEBUG]   (f) outputDirectory = /Users/quimeymunoz/DSV/PROG2/prog2-inlupp-template/gui/target/classes
[DEBUG]   (f) parameters = false
[DEBUG]   (f) project = MavenProject: se.su.inlupp:gui:1.0-SNAPSHOT @ /Users/quimeymunoz/DSV/PROG2/prog2-inlupp-template/gui/pom.xml
[DEBUG]   (f) projectArtifact = se.su.inlupp:gui:jar:1.0-SNAPSHOT
[DEBUG]   (s) release = 21
[DEBUG]   (f) session = org.apache.maven.execution.MavenSession@138caeca
[DEBUG]   (f) showCompilationChanges = false
[DEBUG]   (f) showDeprecation = false
[DEBUG]   (f) showWarnings = true
[DEBUG]   (f) skipMultiThreadWarning = false
[DEBUG]   (f) source = 1.8
[DEBUG]   (f) staleMillis = 0
[DEBUG]   (s) target = 1.8
[DEBUG]   (f) useIncrementalCompilation = true
[DEBUG]   (f) verbose = false
[DEBUG] -- end configuration --
[DEBUG] Using compiler 'javac'.
[DEBUG] Adding /Users/quimeymunoz/DSV/PROG2/prog2-inlupp-template/gui/target/generated-sources/annotations to compile source roots:
  /Users/quimeymunoz/DSV/PROG2/prog2-inlupp-template/gui/src/main/java
[DEBUG] New compile source roots:
  /Users/quimeymunoz/DSV/PROG2/prog2-inlupp-template/gui/src/main/java
  /Users/quimeymunoz/DSV/PROG2/prog2-inlupp-template/gui/target/generated-sources/annotations
[DEBUG] CompilerReuseStrategy: reuseCreated
[DEBUG] useIncrementalCompilation enabled
[INFO] 	New dependency detected: /Users/quimeymunoz/DSV/PROG2/prog2-inlupp-template/backend/target/backend-1.0-SNAPSHOT.jar
[INFO] 	Stale source detected: /Users/quimeymunoz/DSV/PROG2/prog2-inlupp-template/gui/src/main/java/se/su/inlupp/Gui.java
[INFO] 	Input tree files (+): /Users/quimeymunoz/DSV/PROG2/prog2-inlupp-template/gui/src/main/java/se/su/inlupp/Gui.java
[INFO] Recompiling the module because of changed dependency.
[DEBUG] Classpath:
[DEBUG]  /Users/quimeymunoz/DSV/PROG2/prog2-inlupp-template/gui/target/classes
[DEBUG]  /Users/quimeymunoz/DSV/PROG2/prog2-inlupp-template/backend/target/backend-1.0-SNAPSHOT.jar
[DEBUG]  /Users/quimeymunoz/.m2/repository/org/openjfx/javafx-controls/25/javafx-controls-25.jar
[DEBUG]  /Users/quimeymunoz/.m2/repository/org/openjfx/javafx-controls/25/javafx-controls-25-mac-aarch64.jar
[DEBUG]  /Users/quimeymunoz/.m2/repository/org/openjfx/javafx-graphics/25/javafx-graphics-25.jar
[DEBUG]  /Users/quimeymunoz/.m2/repository/org/openjfx/javafx-graphics/25/javafx-graphics-25-mac-aarch64.jar
[DEBUG]  /Users/quimeymunoz/.m2/repository/org/openjfx/javafx-base/25/javafx-base-25.jar
[DEBUG]  /Users/quimeymunoz/.m2/repository/org/openjfx/javafx-base/25/javafx-base-25-mac-aarch64.jar
[DEBUG]  /Users/quimeymunoz/.m2/repository/org/openjfx/javafx-swing/25/javafx-swing-25.jar
[DEBUG]  /Users/quimeymunoz/.m2/repository/org/openjfx/javafx-swing/25/javafx-swing-25-mac-aarch64.jar
[DEBUG] Source roots:
[DEBUG]  /Users/quimeymunoz/DSV/PROG2/prog2-inlupp-template/gui/src/main/java
[DEBUG]  /Users/quimeymunoz/DSV/PROG2/prog2-inlupp-template/gui/target/generated-sources/annotations
[DEBUG] Command line options:
[DEBUG] -d /Users/quimeymunoz/DSV/PROG2/prog2-inlupp-template/gui/target/classes -classpath /Users/quimeymunoz/DSV/PROG2/prog2-inlupp-template/gui/target/classes:/Users/quimeymunoz/DSV/PROG2/prog2-inlupp-template/backend/target/backend-1.0-SNAPSHOT.jar:/Users/quimeymunoz/.m2/repository/org/openjfx/javafx-controls/25/javafx-controls-25.jar:/Users/quimeymunoz/.m2/repository/org/openjfx/javafx-controls/25/javafx-controls-25-mac-aarch64.jar:/Users/quimeymunoz/.m2/repository/org/openjfx/javafx-graphics/25/javafx-graphics-25.jar:/Users/quimeymunoz/.m2/repository/org/openjfx/javafx-graphics/25/javafx-graphics-25-mac-aarch64.jar:/Users/quimeymunoz/.m2/repository/org/openjfx/javafx-base/25/javafx-base-25.jar:/Users/quimeymunoz/.m2/repository/org/openjfx/javafx-base/25/javafx-base-25-mac-aarch64.jar:/Users/quimeymunoz/.m2/repository/org/openjfx/javafx-swing/25/javafx-swing-25.jar:/Users/quimeymunoz/.m2/repository/org/openjfx/javafx-swing/25/javafx-swing-25-mac-aarch64.jar: -sourcepath /Users/quimeymunoz/DSV/PROG2/prog2-inlupp-template/gui/src/main/java:/Users/quimeymunoz/DSV/PROG2/prog2-inlupp-template/gui/target/generated-sources/annotations: -s /Users/quimeymunoz/DSV/PROG2/prog2-inlupp-template/gui/target/generated-sources/annotations -g --release 21 -encoding UTF-8 -XDuseUnsharedTable=true
[DEBUG] incrementalBuildHelper#beforeRebuildExecution
[INFO] Compiling 1 source file with javac [debug release 21] to target/classes
[DEBUG] incrementalBuildHelper#afterRebuildExecution
[INFO] 
[INFO] --- resources:3.3.1:testResources (default-testResources) @ gui ---
[DEBUG] Loading mojo org.apache.maven.plugins:maven-resources-plugin:3.3.1:testResources from plugin realm ClassRealm[plugin>org.apache.maven.plugins:maven-resources-plugin:3.3.1--838159790, parent: jdk.internal.loader.ClassLoaders$AppClassLoader@7a8c5397]
[DEBUG] Configuring mojo execution 'org.apache.maven.plugins:maven-resources-plugin:3.3.1:testResources:default-testResources' with basic configurator -->
[DEBUG]   (f) addDefaultExcludes = true
[DEBUG]   (f) buildFilters = []
[DEBUG]   (f) encoding = UTF-8
[DEBUG]   (f) escapeWindowsPaths = true
[DEBUG]   (f) fileNameFiltering = false
[DEBUG]   (s) includeEmptyDirs = false
[DEBUG]   (s) outputDirectory = /Users/quimeymunoz/DSV/PROG2/prog2-inlupp-template/gui/target/test-classes
[DEBUG]   (s) overwrite = false
[DEBUG]   (f) project = MavenProject: se.su.inlupp:gui:1.0-SNAPSHOT @ /Users/quimeymunoz/DSV/PROG2/prog2-inlupp-template/gui/pom.xml
[DEBUG]   (s) resources = [Resource {targetPath: null, filtering: false, FileSet {directory: /Users/quimeymunoz/DSV/PROG2/prog2-inlupp-template/gui/src/test/resources, PatternSet [includes: {}, excludes: {}]}}]
[DEBUG]   (f) session = org.apache.maven.execution.MavenSession@138caeca
[DEBUG]   (f) skip = true
[DEBUG]   (f) supportMultiLineFiltering = false
[DEBUG]   (f) useBuildFilters = true
[DEBUG]   (s) useDefaultDelimiters = true
[DEBUG] -- end configuration --
[INFO] Not copying test resources
[INFO] 
[INFO] --- compiler:3.13.0:testCompile (default-testCompile) @ gui ---
[DEBUG] Loading mojo org.apache.maven.plugins:maven-compiler-plugin:3.13.0:testCompile from plugin realm ClassRealm[plugin>org.apache.maven.plugins:maven-compiler-plugin:3.13.0-569035858, parent: jdk.internal.loader.ClassLoaders$AppClassLoader@7a8c5397]
[DEBUG] Configuring mojo execution 'org.apache.maven.plugins:maven-compiler-plugin:3.13.0:testCompile:default-testCompile' with basic configurator -->
[DEBUG]   (f) annotationProcessorPathsUseDepMgmt = false
[DEBUG]   (f) basedir = /Users/quimeymunoz/DSV/PROG2/prog2-inlupp-template/gui
[DEBUG]   (f) buildDirectory = /Users/quimeymunoz/DSV/PROG2/prog2-inlupp-template/gui/target
[DEBUG]   (f) compileSourceRoots = [/Users/quimeymunoz/DSV/PROG2/prog2-inlupp-template/gui/src/test/java]
[DEBUG]   (f) compilerId = javac
[DEBUG]   (f) createMissingPackageInfoClass = true
[DEBUG]   (f) debug = true
[DEBUG]   (f) debugFileName = javac-test
[DEBUG]   (f) enablePreview = false
[DEBUG]   (f) encoding = UTF-8
[DEBUG]   (f) failOnError = true
[DEBUG]   (f) failOnWarning = false
[DEBUG]   (f) fileExtensions = [jar, class]
[DEBUG]   (f) forceJavacCompilerUse = false
[DEBUG]   (f) forceLegacyJavacApi = false
[DEBUG]   (f) fork = false
[DEBUG]   (f) generatedTestSourcesDirectory = /Users/quimeymunoz/DSV/PROG2/prog2-inlupp-template/gui/target/generated-test-sources/test-annotations
[DEBUG]   (f) mojoExecution = org.apache.maven.plugins:maven-compiler-plugin:3.13.0:testCompile {execution: default-testCompile}
[DEBUG]   (f) optimize = false
[DEBUG]   (f) outputDirectory = /Users/quimeymunoz/DSV/PROG2/prog2-inlupp-template/gui/target/test-classes
[DEBUG]   (f) parameters = false
[DEBUG]   (f) project = MavenProject: se.su.inlupp:gui:1.0-SNAPSHOT @ /Users/quimeymunoz/DSV/PROG2/prog2-inlupp-template/gui/pom.xml
[DEBUG]   (s) release = 21
[DEBUG]   (f) session = org.apache.maven.execution.MavenSession@138caeca
[DEBUG]   (f) showCompilationChanges = false
[DEBUG]   (f) showDeprecation = false
[DEBUG]   (f) showWarnings = true
[DEBUG]   (f) skip = true
[DEBUG]   (f) skipMultiThreadWarning = false
[DEBUG]   (f) source = 1.8
[DEBUG]   (f) staleMillis = 0
[DEBUG]   (s) target = 1.8
[DEBUG]   (f) testPath = [/Users/quimeymunoz/DSV/PROG2/prog2-inlupp-template/gui/target/test-classes, /Users/quimeymunoz/DSV/PROG2/prog2-inlupp-template/gui/target/classes, /Users/quimeymunoz/DSV/PROG2/prog2-inlupp-template/backend/target/backend-1.0-SNAPSHOT.jar, /Users/quimeymunoz/.m2/repository/org/openjfx/javafx-controls/25/javafx-controls-25.jar, /Users/quimeymunoz/.m2/repository/org/openjfx/javafx-controls/25/javafx-controls-25-mac-aarch64.jar, /Users/quimeymunoz/.m2/repository/org/openjfx/javafx-graphics/25/javafx-graphics-25.jar, /Users/quimeymunoz/.m2/repository/org/openjfx/javafx-graphics/25/javafx-graphics-25-mac-aarch64.jar, /Users/quimeymunoz/.m2/repository/org/openjfx/javafx-base/25/javafx-base-25.jar, /Users/quimeymunoz/.m2/repository/org/openjfx/javafx-base/25/javafx-base-25-mac-aarch64.jar, /Users/quimeymunoz/.m2/repository/org/openjfx/javafx-swing/25/javafx-swing-25.jar, /Users/quimeymunoz/.m2/repository/org/openjfx/javafx-swing/25/javafx-swing-25-mac-aarch64.jar, /Users/quimeymunoz/.m2/repository/org/junit/jupiter/junit-jupiter-engine/5.11.0/junit-jupiter-engine-5.11.0.jar, /Users/quimeymunoz/.m2/repository/org/junit/platform/junit-platform-engine/1.11.0/junit-platform-engine-1.11.0.jar, /Users/quimeymunoz/.m2/repository/org/apiguardian/apiguardian-api/1.1.2/apiguardian-api-1.1.2.jar, /Users/quimeymunoz/.m2/repository/org/junit/jupiter/junit-jupiter-api/5.11.0/junit-jupiter-api-5.11.0.jar, /Users/quimeymunoz/.m2/repository/org/opentest4j/opentest4j/1.3.0/opentest4j-1.3.0.jar, /Users/quimeymunoz/.m2/repository/org/junit/platform/junit-platform-commons/1.11.0/junit-platform-commons-1.11.0.jar, /Users/quimeymunoz/.m2/repository/org/junit/jupiter/junit-jupiter-params/5.11.0/junit-jupiter-params-5.11.0.jar]
[DEBUG]   (f) useIncrementalCompilation = true
[DEBUG]   (f) useModulePath = true
[DEBUG]   (f) verbose = false
[DEBUG] -- end configuration --
[INFO] Not compiling test sources
[INFO] 
[INFO] --- surefire:3.1.2:test (default-test) @ gui ---
[DEBUG] Dependency collection stats {ConflictMarker.analyzeTime=86000, ConflictMarker.markTime=41083, ConflictMarker.nodeCount=78, ConflictIdSorter.graphTime=47792, ConflictIdSorter.topsortTime=22708, ConflictIdSorter.conflictIdCount=39, ConflictIdSorter.conflictIdCycleCount=0, ConflictResolver.totalTime=752167, ConflictResolver.conflictItemCount=76, DfDependencyCollector.collectTime=4005708, DfDependencyCollector.transformTime=969709}
[DEBUG] org.apache.maven.plugins:maven-surefire-plugin:jar:3.1.2
[DEBUG]    org.apache.maven.surefire:maven-surefire-common:jar:3.1.2:compile
[DEBUG]       org.apache.maven.surefire:surefire-api:jar:3.1.2:compile
[DEBUG]          org.apache.maven.surefire:surefire-logger-api:jar:3.1.2:compile
[DEBUG]       org.apache.maven.surefire:surefire-extensions-api:jar:3.1.2:compile
[DEBUG]       org.apache.maven.surefire:surefire-booter:jar:3.1.2:compile
[DEBUG]          org.apache.maven.surefire:surefire-extensions-spi:jar:3.1.2:compile
[DEBUG]       org.eclipse.aether:aether-util:jar:1.0.0.v20140518:compile
[DEBUG]          org.eclipse.aether:aether-api:jar:1.0.0.v20140518:compile
[DEBUG]       org.apache.maven.shared:maven-common-artifact-filters:jar:3.1.1:compile (version managed from default) (exclusions managed from default)
[DEBUG]          org.apache.maven:maven-artifact:jar:3.2.5:provided (scope managed from default) (version managed from default)
[DEBUG]             org.codehaus.plexus:plexus-utils:jar:3.5.0:provided (version managed from default)
[DEBUG]          org.apache.maven:maven-core:jar:3.2.5:provided (scope managed from default) (version managed from default)
[DEBUG]             org.apache.maven:maven-settings:jar:3.2.5:provided (version managed from default)
[DEBUG]             org.apache.maven:maven-settings-builder:jar:3.2.5:provided
[DEBUG]             org.apache.maven:maven-repository-metadata:jar:3.2.5:provided
[DEBUG]             org.apache.maven:maven-model-builder:jar:3.2.5:provided
[DEBUG]             org.apache.maven:maven-aether-provider:jar:3.2.5:provided
[DEBUG]                org.eclipse.aether:aether-spi:jar:1.0.0.v20140518:provided
[DEBUG]             org.eclipse.aether:aether-impl:jar:1.0.0.v20140518:provided
[DEBUG]             org.eclipse.sisu:org.eclipse.sisu.plexus:jar:0.3.5:provided (version managed from default)
[DEBUG]                javax.annotation:javax.annotation-api:jar:1.2:provided
[DEBUG]                javax.enterprise:cdi-api:jar:1.2:provided
[DEBUG]                org.eclipse.sisu:org.eclipse.sisu.inject:jar:0.3.5:provided (version managed from default)
[DEBUG]             org.sonatype.sisu:sisu-guice:jar:no_aop:3.2.3:provided
[DEBUG]                javax.inject:javax.inject:jar:1:provided
[DEBUG]                aopalliance:aopalliance:jar:1.0:provided
[DEBUG]                com.google.guava:guava:jar:16.0.1:provided
[DEBUG]             org.codehaus.plexus:plexus-interpolation:jar:1.21:provided
[DEBUG]             org.codehaus.plexus:plexus-classworlds:jar:2.5.2:provided
[DEBUG]             org.codehaus.plexus:plexus-component-annotations:jar:1.5.5:provided
[DEBUG]             org.sonatype.plexus:plexus-sec-dispatcher:jar:1.3:provided
[DEBUG]                org.sonatype.plexus:plexus-cipher:jar:1.4:provided
[DEBUG]          org.apache.maven:maven-plugin-api:jar:3.2.5:provided (scope managed from default) (version managed from default)
[DEBUG]          commons-io:commons-io:jar:2.12.0:compile (version managed from default)
[DEBUG]       org.codehaus.plexus:plexus-java:jar:1.1.2:compile (version managed from default)
[DEBUG]          org.ow2.asm:asm:jar:9.4:compile
[DEBUG]          com.thoughtworks.qdox:qdox:jar:2.0.3:compile
[DEBUG]       org.apache.maven.surefire:surefire-shared-utils:jar:3.1.2:compile
[DEBUG] Created new class realm plugin>org.apache.maven.plugins:maven-surefire-plugin:3.1.2--1246174120
[DEBUG] Importing foreign packages into class realm plugin>org.apache.maven.plugins:maven-surefire-plugin:3.1.2--1246174120
[DEBUG]   Imported:  < maven.api
[DEBUG] Populating class realm plugin>org.apache.maven.plugins:maven-surefire-plugin:3.1.2--1246174120
[DEBUG]   Included: org.apache.maven.plugins:maven-surefire-plugin:jar:3.1.2
[DEBUG]   Included: org.apache.maven.surefire:maven-surefire-common:jar:3.1.2
[DEBUG]   Included: org.apache.maven.surefire:surefire-api:jar:3.1.2
[DEBUG]   Included: org.apache.maven.surefire:surefire-logger-api:jar:3.1.2
[DEBUG]   Included: org.apache.maven.surefire:surefire-extensions-api:jar:3.1.2
[DEBUG]   Included: org.apache.maven.surefire:surefire-booter:jar:3.1.2
[DEBUG]   Included: org.apache.maven.surefire:surefire-extensions-spi:jar:3.1.2
[DEBUG]   Included: org.apache.maven.shared:maven-common-artifact-filters:jar:3.1.1
[DEBUG]   Included: commons-io:commons-io:jar:2.12.0
[DEBUG]   Included: org.codehaus.plexus:plexus-java:jar:1.1.2
[DEBUG]   Included: org.ow2.asm:asm:jar:9.4
[DEBUG]   Included: com.thoughtworks.qdox:qdox:jar:2.0.3
[DEBUG]   Included: org.apache.maven.surefire:surefire-shared-utils:jar:3.1.2
[DEBUG] Loading mojo org.apache.maven.plugins:maven-surefire-plugin:3.1.2:test from plugin realm ClassRealm[plugin>org.apache.maven.plugins:maven-surefire-plugin:3.1.2--1246174120, parent: jdk.internal.loader.ClassLoaders$AppClassLoader@7a8c5397]
[DEBUG] Configuring mojo execution 'org.apache.maven.plugins:maven-surefire-plugin:3.1.2:test:default-test' with basic configurator -->
[DEBUG]   (s) additionalClasspathElements = []
[DEBUG]   (s) basedir = /Users/quimeymunoz/DSV/PROG2/prog2-inlupp-template/gui
[DEBUG]   (s) childDelegation = false
[DEBUG]   (f) classesDirectory = /Users/quimeymunoz/DSV/PROG2/prog2-inlupp-template/gui/target/classes
[DEBUG]   (s) classpathDependencyExcludes = []
[DEBUG]   (s) dependenciesToScan = []
[DEBUG]   (s) disableXmlReport = false
[DEBUG]   (s) enableAssertions = true
[DEBUG]   (s) excludeJUnit5Engines = []
[DEBUG]   (f) excludedEnvironmentVariables = []
[DEBUG]   (s) excludes = []
[DEBUG]   (s) failIfNoSpecifiedTests = true
[DEBUG]   (s) failIfNoTests = false
[DEBUG]   (s) failOnFlakeCount = 0
[DEBUG]   (f) forkCount = 1
[DEBUG]   (s) forkedProcessExitTimeoutInSeconds = 30
[DEBUG]   (s) includeJUnit5Engines = []
[DEBUG]   (s) includes = []
[DEBUG]   (s) junitArtifactName = junit:junit
[DEBUG]   (f) parallelMavenExecution = false
[DEBUG]   (s) parallelOptimized = true
[DEBUG]   (s) perCoreThreadCount = true
[DEBUG]   (s) pluginArtifactMap = {org.apache.maven.plugins:maven-surefire-plugin=org.apache.maven.plugins:maven-surefire-plugin:maven-plugin:3.1.2:, org.apache.maven.surefire:maven-surefire-common=org.apache.maven.surefire:maven-surefire-common:jar:3.1.2:compile, org.apache.maven.surefire:surefire-api=org.apache.maven.surefire:surefire-api:jar:3.1.2:compile, org.apache.maven.surefire:surefire-logger-api=org.apache.maven.surefire:surefire-logger-api:jar:3.1.2:compile, org.apache.maven.surefire:surefire-extensions-api=org.apache.maven.surefire:surefire-extensions-api:jar:3.1.2:compile, org.apache.maven.surefire:surefire-booter=org.apache.maven.surefire:surefire-booter:jar:3.1.2:compile, org.apache.maven.surefire:surefire-extensions-spi=org.apache.maven.surefire:surefire-extensions-spi:jar:3.1.2:compile, org.eclipse.aether:aether-util=org.eclipse.aether:aether-util:jar:1.0.0.v20140518:compile, org.eclipse.aether:aether-api=org.eclipse.aether:aether-api:jar:1.0.0.v20140518:compile, org.apache.maven.shared:maven-common-artifact-filters=org.apache.maven.shared:maven-common-artifact-filters:jar:3.1.1:compile, commons-io:commons-io=commons-io:commons-io:jar:2.12.0:compile, org.codehaus.plexus:plexus-java=org.codehaus.plexus:plexus-java:jar:1.1.2:compile, org.ow2.asm:asm=org.ow2.asm:asm:jar:9.4:compile, com.thoughtworks.qdox:qdox=com.thoughtworks.qdox:qdox:jar:2.0.3:compile, org.apache.maven.surefire:surefire-shared-utils=org.apache.maven.surefire:surefire-shared-utils:jar:3.1.2:compile}
[DEBUG]   (f) pluginDescriptor = Component Descriptor: role: 'org.apache.maven.plugin.Mojo', implementation: 'org.apache.maven.plugins.maven_surefire_plugin.HelpMojo', role hint: 'org.apache.maven.plugins:maven-surefire-plugin:3.1.2:help'
role: 'org.apache.maven.plugin.Mojo', implementation: 'org.apache.maven.plugin.surefire.SurefirePlugin', role hint: 'org.apache.maven.plugins:maven-surefire-plugin:3.1.2:test'
---
[DEBUG]   (s) printSummary = true
[DEBUG]   (s) project = MavenProject: se.su.inlupp:gui:1.0-SNAPSHOT @ /Users/quimeymunoz/DSV/PROG2/prog2-inlupp-template/gui/pom.xml
[DEBUG]   (s) projectArtifactMap = {se.su.inlupp:backend=se.su.inlupp:backend:jar:1.0-SNAPSHOT:compile, org.openjfx:javafx-controls=org.openjfx:javafx-controls:jar:mac-aarch64:25:compile, org.openjfx:javafx-graphics=org.openjfx:javafx-graphics:jar:mac-aarch64:25:compile, org.openjfx:javafx-base=org.openjfx:javafx-base:jar:mac-aarch64:25:compile, org.openjfx:javafx-swing=org.openjfx:javafx-swing:jar:mac-aarch64:25:compile, org.junit.jupiter:junit-jupiter-engine=org.junit.jupiter:junit-jupiter-engine:jar:5.11.0:test, org.junit.platform:junit-platform-engine=org.junit.platform:junit-platform-engine:jar:1.11.0:test, org.apiguardian:apiguardian-api=org.apiguardian:apiguardian-api:jar:1.1.2:test, org.junit.jupiter:junit-jupiter-api=org.junit.jupiter:junit-jupiter-api:jar:5.11.0:test, org.opentest4j:opentest4j=org.opentest4j:opentest4j:jar:1.3.0:test, org.junit.platform:junit-platform-commons=org.junit.platform:junit-platform-commons:jar:1.11.0:test, org.junit.jupiter:junit-jupiter-params=org.junit.jupiter:junit-jupiter-params:jar:5.11.0:test}
[DEBUG]   (s) projectBuildDirectory = /Users/quimeymunoz/DSV/PROG2/prog2-inlupp-template/gui/target
[DEBUG]   (s) redirectTestOutputToFile = false
[DEBUG]   (s) reportFormat = brief
[DEBUG]   (s) reportsDirectory = /Users/quimeymunoz/DSV/PROG2/prog2-inlupp-template/gui/target/surefire-reports
[DEBUG]   (f) rerunFailingTestsCount = 0
[DEBUG]   (f) reuseForks = true
[DEBUG]   (s) runOrder = filesystem
[DEBUG]   (s) session = org.apache.maven.execution.MavenSession@138caeca
[DEBUG]   (f) shutdown = exit
[DEBUG]   (s) skip = true
[DEBUG]   (f) skipAfterFailureCount = 0
[DEBUG]   (s) skipTests = false
[DEBUG]   (s) suiteXmlFiles = []
[DEBUG]   (s) tempDir = surefire
[DEBUG]   (s) testClassesDirectory = /Users/quimeymunoz/DSV/PROG2/prog2-inlupp-template/gui/target/test-classes
[DEBUG]   (s) testFailureIgnore = false
[DEBUG]   (s) testNGArtifactName = org.testng:testng
[DEBUG]   (s) testSourceDirectory = /Users/quimeymunoz/DSV/PROG2/prog2-inlupp-template/gui/src/test/java
[DEBUG]   (s) threadCountClasses = 0
[DEBUG]   (s) threadCountMethods = 0
[DEBUG]   (s) threadCountSuites = 0
[DEBUG]   (s) trimStackTrace = false
[DEBUG]   (s) useFile = true
[DEBUG]   (s) useManifestOnlyJar = true
[DEBUG]   (f) useModulePath = false
[DEBUG]   (s) useSystemClassLoader = true
[DEBUG]   (s) useUnlimitedThreads = false
[DEBUG]   (s) workingDirectory = /Users/quimeymunoz/DSV/PROG2/prog2-inlupp-template/gui
[DEBUG] -- end configuration --
[DEBUG] Using JVM: /Library/Java/JavaVirtualMachines/jdk-25.jdk/Contents/Home/bin/java with Java version 25.0
[INFO] Tests are skipped.
[INFO] 
[INFO] --- jar:3.4.2:jar (default-jar) @ gui ---
[DEBUG] Dependency collection stats {ConflictMarker.analyzeTime=26208, ConflictMarker.markTime=19875, ConflictMarker.nodeCount=27, ConflictIdSorter.graphTime=26041, ConflictIdSorter.topsortTime=10000, ConflictIdSorter.conflictIdCount=16, ConflictIdSorter.conflictIdCycleCount=0, ConflictResolver.totalTime=199709, ConflictResolver.conflictItemCount=27, DfDependencyCollector.collectTime=2235000, DfDependencyCollector.transformTime=293250}
[DEBUG] org.apache.maven.plugins:maven-jar-plugin:jar:3.4.2
[DEBUG]    org.apache.maven.shared:file-management:jar:3.1.0:compile
[DEBUG]       org.codehaus.plexus:plexus-utils:jar:4.0.1:compile (version managed from default)
[DEBUG]       commons-io:commons-io:jar:2.16.1:compile (version managed from default)
[DEBUG]    org.apache.maven:maven-archiver:jar:3.6.2:compile
[DEBUG]       org.codehaus.plexus:plexus-interpolation:jar:1.27:compile
[DEBUG]    org.codehaus.plexus:plexus-archiver:jar:4.9.2:compile
[DEBUG]       org.codehaus.plexus:plexus-io:jar:3.4.2:compile
[DEBUG]       org.apache.commons:commons-compress:jar:1.26.1:compile
[DEBUG]          org.apache.commons:commons-lang3:jar:3.14.0:compile
[DEBUG]       commons-codec:commons-codec:jar:1.16.1:compile
[DEBUG]       org.iq80.snappy:snappy:jar:0.4:compile
[DEBUG]       org.tukaani:xz:jar:1.9:runtime
[DEBUG]       com.github.luben:zstd-jni:jar:1.5.5-11:runtime
[DEBUG]    javax.inject:javax.inject:jar:1:compile
[DEBUG]    org.slf4j:slf4j-api:jar:1.7.36:compile
[DEBUG] Created new class realm plugin>org.apache.maven.plugins:maven-jar-plugin:3.4.2-500112271
[DEBUG] Importing foreign packages into class realm plugin>org.apache.maven.plugins:maven-jar-plugin:3.4.2-500112271
[DEBUG]   Imported:  < maven.api
[DEBUG] Populating class realm plugin>org.apache.maven.plugins:maven-jar-plugin:3.4.2-500112271
[DEBUG]   Included: org.apache.maven.plugins:maven-jar-plugin:jar:3.4.2
[DEBUG]   Included: org.apache.maven.shared:file-management:jar:3.1.0
[DEBUG]   Included: org.codehaus.plexus:plexus-utils:jar:4.0.1
[DEBUG]   Included: commons-io:commons-io:jar:2.16.1
[DEBUG]   Included: org.apache.maven:maven-archiver:jar:3.6.2
[DEBUG]   Included: org.codehaus.plexus:plexus-interpolation:jar:1.27
[DEBUG]   Included: org.codehaus.plexus:plexus-archiver:jar:4.9.2
[DEBUG]   Included: org.codehaus.plexus:plexus-io:jar:3.4.2
[DEBUG]   Included: org.apache.commons:commons-compress:jar:1.26.1
[DEBUG]   Included: org.apache.commons:commons-lang3:jar:3.14.0
[DEBUG]   Included: commons-codec:commons-codec:jar:1.16.1
[DEBUG]   Included: org.iq80.snappy:snappy:jar:0.4
[DEBUG]   Included: org.tukaani:xz:jar:1.9
[DEBUG]   Included: com.github.luben:zstd-jni:jar:1.5.5-11
[DEBUG] Loading mojo org.apache.maven.plugins:maven-jar-plugin:3.4.2:jar from plugin realm ClassRealm[plugin>org.apache.maven.plugins:maven-jar-plugin:3.4.2-500112271, parent: jdk.internal.loader.ClassLoaders$AppClassLoader@7a8c5397]
[DEBUG] Configuring mojo execution 'org.apache.maven.plugins:maven-jar-plugin:3.4.2:jar:default-jar' with basic configurator -->
[DEBUG]   (f) addDefaultExcludes = true
[DEBUG]   (f) classesDirectory = /Users/quimeymunoz/DSV/PROG2/prog2-inlupp-template/gui/target/classes
[DEBUG]   (f) detectMultiReleaseJar = true
[DEBUG]   (f) finalName = gui-1.0-SNAPSHOT
[DEBUG]   (f) forceCreation = false
[DEBUG]   (f) outputDirectory = /Users/quimeymunoz/DSV/PROG2/prog2-inlupp-template/gui/target
[DEBUG]   (f) project = MavenProject: se.su.inlupp:gui:1.0-SNAPSHOT @ /Users/quimeymunoz/DSV/PROG2/prog2-inlupp-template/gui/pom.xml
[DEBUG]   (f) session = org.apache.maven.execution.MavenSession@138caeca
[DEBUG]   (f) skipIfEmpty = false
[DEBUG]   (f) useDefaultManifestFile = false
[DEBUG] -- end configuration --
[DEBUG] isUp2date: false (Destination /Users/quimeymunoz/DSV/PROG2/prog2-inlupp-template/gui/target/gui-1.0-SNAPSHOT.jar not found.)
[INFO] Building jar: /Users/quimeymunoz/DSV/PROG2/prog2-inlupp-template/gui/target/gui-1.0-SNAPSHOT.jar
[DEBUG] adding directory META-INF/
[DEBUG] adding entry META-INF/MANIFEST.MF
[DEBUG] adding directory se/
[DEBUG] adding directory se/su/
[DEBUG] adding directory se/su/inlupp/
[DEBUG] adding entry se/su/inlupp/Gui.class
[DEBUG] adding directory META-INF/maven/
[DEBUG] adding directory META-INF/maven/se.su.inlupp/
[DEBUG] adding directory META-INF/maven/se.su.inlupp/gui/
[DEBUG] adding entry META-INF/maven/se.su.inlupp/gui/pom.xml
[DEBUG] adding entry META-INF/maven/se.su.inlupp/gui/pom.properties
[INFO] 
[INFO] >>> javafx:0.0.8:run (default) > process-classes @ gui >>>
[DEBUG] Dependency collection stats {ConflictMarker.analyzeTime=48750, ConflictMarker.markTime=16500, ConflictMarker.nodeCount=33, ConflictIdSorter.graphTime=33167, ConflictIdSorter.topsortTime=33542, ConflictIdSorter.conflictIdCount=16, ConflictIdSorter.conflictIdCycleCount=4, ConflictResolver.totalTime=204708, ConflictResolver.conflictItemCount=27, DfDependencyCollector.collectTime=396291, DfDependencyCollector.transformTime=350750}
[DEBUG] se.su.inlupp:gui:jar:1.0-SNAPSHOT
[DEBUG]    se.su.inlupp:backend:jar:1.0-SNAPSHOT:compile
[DEBUG]    org.openjfx:javafx-controls:jar:25:compile
[DEBUG]       org.openjfx:javafx-controls:jar:mac-aarch64:25:compile
[DEBUG]       org.openjfx:javafx-graphics:jar:25:compile
[DEBUG]          org.openjfx:javafx-graphics:jar:mac-aarch64:25:compile
[DEBUG]          org.openjfx:javafx-base:jar:25:compile
[DEBUG]             org.openjfx:javafx-base:jar:mac-aarch64:25:compile
[DEBUG]    org.openjfx:javafx-swing:jar:25:compile
[DEBUG]       org.openjfx:javafx-swing:jar:mac-aarch64:25:compile
[DEBUG]    org.junit.jupiter:junit-jupiter-engine:jar:5.11.0:test
[DEBUG]       org.junit.platform:junit-platform-engine:jar:1.11.0:test (version managed from 1.11.0)
[DEBUG]       org.apiguardian:apiguardian-api:jar:1.1.2:test
[DEBUG]    org.junit.jupiter:junit-jupiter-api:jar:5.11.0:test
[DEBUG]       org.opentest4j:opentest4j:jar:1.3.0:test
[DEBUG]       org.junit.platform:junit-platform-commons:jar:1.11.0:test (version managed from 1.11.0)
[DEBUG]    org.junit.jupiter:junit-jupiter-params:jar:5.11.0:test
[INFO] 
[INFO] --- resources:3.3.1:resources (default-resources) @ gui ---
[DEBUG] Loading mojo org.apache.maven.plugins:maven-resources-plugin:3.3.1:resources from plugin realm ClassRealm[plugin>org.apache.maven.plugins:maven-resources-plugin:3.3.1--838159790, parent: jdk.internal.loader.ClassLoaders$AppClassLoader@7a8c5397]
[DEBUG] Configuring mojo execution 'org.apache.maven.plugins:maven-resources-plugin:3.3.1:resources:default-resources' with basic configurator -->
[DEBUG]   (f) addDefaultExcludes = true
[DEBUG]   (f) buildFilters = []
[DEBUG]   (f) encoding = UTF-8
[DEBUG]   (f) escapeWindowsPaths = true
[DEBUG]   (f) fileNameFiltering = false
[DEBUG]   (s) includeEmptyDirs = false
[DEBUG]   (s) outputDirectory = /Users/quimeymunoz/DSV/PROG2/prog2-inlupp-template/gui/target/classes
[DEBUG]   (s) overwrite = false
[DEBUG]   (f) project = MavenProject: se.su.inlupp:gui:1.0-SNAPSHOT @ /Users/quimeymunoz/DSV/PROG2/prog2-inlupp-template/gui/pom.xml
[DEBUG]   (s) resources = [Resource {targetPath: null, filtering: false, FileSet {directory: /Users/quimeymunoz/DSV/PROG2/prog2-inlupp-template/gui/src/main/resources, PatternSet [includes: {}, excludes: {}]}}]
[DEBUG]   (f) session = org.apache.maven.execution.MavenSession@138caeca
[DEBUG]   (f) skip = false
[DEBUG]   (f) supportMultiLineFiltering = false
[DEBUG]   (f) useBuildFilters = true
[DEBUG]   (s) useDefaultDelimiters = true
[DEBUG] -- end configuration --
[DEBUG] properties used:
[DEBUG] apple.awt.application.name: Launcher
[DEBUG] classworlds.conf: /Users/quimeymunoz/.m2/wrapper/dists/apache-maven-3.9.6/a53741d1/bin/m2.conf
[DEBUG] env.COLORTERM: truecolor
[DEBUG] env.COMMAND_MODE: unix2003
[DEBUG] env.GIT_ASKPASS: /Applications/Visual Studio Code.app/Contents/Resources/app/extensions/git/dist/askpass.sh
[DEBUG] env.GIT_EDITOR: :
[DEBUG] env.GIT_MERGE_AUTOEDIT: no
[DEBUG] env.GIT_PAGER: cat
[DEBUG] env.GK_GL_ADDR: http://127.0.0.1:62074
[DEBUG] env.GK_GL_PATH: /var/folders/k8/h3jqtm314zxdpc48qz5xy3f40000gn/T/gitkraken/gitlens/gitlens-ipc-server-57954-62074.json
[DEBUG] env.HOME: /Users/quimeymunoz
[DEBUG] env.LANG: C.UTF-8
[DEBUG] env.LOCAL_GIT_DIRECTORY: /Applications/GitHub Desktop.app/Contents/Resources/app/git
[DEBUG] env.LOGNAME: quimeymunoz
[DEBUG] env.MAVEN_CMD_LINE_ARGS:  clean package -Dmaven.test.skip -X
[DEBUG] env.MAVEN_PROJECTBASEDIR: /Users/quimeymunoz/DSV/PROG2/prog2-inlupp-template
[DEBUG] env.MallocNanoZone: 0
[DEBUG] env.OLDPWD: /Users/quimeymunoz/DSV/PROG2/prog2-inlupp-template
[DEBUG] env.OSLogRateLimit: 64
[DEBUG] env.PATH: /Users/quimeymunoz/Library/Application Support/Code/User/globalStorage/github.copilot-chat/debugCommand:/Users/quimeymunoz/Library/Application Support/Code/User/globalStorage/github.copilot-chat/copilotCli:/usr/local/bin:/System/Cryptexes/App/usr/bin:/usr/bin:/bin:/usr/sbin:/sbin:/var/run/com.apple.security.cryptexd/codex.system/bootstrap/usr/local/bin:/var/run/com.apple.security.cryptexd/codex.system/bootstrap/usr/bin:/var/run/com.apple.security.cryptexd/codex.system/bootstrap/usr/appleinternal/bin:/opt/pkg/env/active/bin:/opt/pmk/env/global/bin:/Library/Apple/usr/bin:/Users/quimeymunoz/Library/Application Support/Code/User/globalStorage/github.copilot-chat/debugCommand:/Users/quimeymunoz/Library/Application Support/Code/User/globalStorage/github.copilot-chat/copilotCli:/Users/quimeymunoz/.vscode/extensions/vscjava.vscode-java-debug-0.59.0/bundled/scripts/noConfigScripts
[DEBUG] env.PWD: /Users/quimeymunoz/DSV/PROG2/prog2-inlupp-template
[DEBUG] env.SHELL: /bin/zsh
[DEBUG] env.SHLVL: 1
[DEBUG] env.SSH_AUTH_SOCK: /var/run/com.apple.launchd.i2PHuEtGpG/Listeners
[DEBUG] env.TERM: xterm-256color
[DEBUG] env.TERM_PROGRAM: vscode
[DEBUG] env.TERM_PROGRAM_VERSION: 1.120.0
[DEBUG] env.TMPDIR: /var/folders/k8/h3jqtm314zxdpc48qz5xy3f40000gn/T/
[DEBUG] env.USER: quimeymunoz
[DEBUG] env.USER_ZDOTDIR: /Users/quimeymunoz
[DEBUG] env.VSCODE_GIT_ASKPASS_EXTRA_ARGS: 
[DEBUG] env.VSCODE_GIT_ASKPASS_MAIN: /Applications/Visual Studio Code.app/Contents/Resources/app/extensions/git/dist/askpass-main.js
[DEBUG] env.VSCODE_GIT_ASKPASS_NODE: /Applications/Visual Studio Code.app/Contents/Frameworks/Code Helper (Plugin).app/Contents/MacOS/Code Helper (Plugin)
[DEBUG] env.VSCODE_GIT_IPC_HANDLE: /var/folders/k8/h3jqtm314zxdpc48qz5xy3f40000gn/T/vscode-git-13d005bb7d.sock
[DEBUG] env.VSCODE_INJECTION: 1
[DEBUG] env.VSCODE_JAVA_EXEC: /Library/Java/JavaVirtualMachines/jdk-25.jdk/Contents/Home/bin/java
[DEBUG] env.VSCODE_JDWP_ADAPTER_ENDPOINTS: /Users/quimeymunoz/.vscode/extensions/vscjava.vscode-java-debug-0.59.0/.noConfigDebugAdapterEndpoints/endpoint-b1997728689d2b0e.txt
[DEBUG] env.VSCODE_LOGIN_INITIALIZED: 1
[DEBUG] env.VSCODE_PROFILE_INITIALIZED: 1
[DEBUG] env.VSCODE_PYTHON_AUTOACTIVATE_GUARD: 1
[DEBUG] env.XPC_FLAGS: 0x0
[DEBUG] env.XPC_SERVICE_NAME: 0
[DEBUG] env.ZDOTDIR: /Users/quimeymunoz
[DEBUG] env.__CFBundleIdentifier: com.microsoft.VSCode
[DEBUG] env.__CF_USER_TEXT_ENCODING: 0x1F5:0x0:0x7
[DEBUG] file.encoding: UTF-8
[DEBUG] file.separator: /
[DEBUG] ftp.nonProxyHosts: local|*.local|169.254/16|*.169.254/16
[DEBUG] http.nonProxyHosts: local|*.local|169.254/16|*.169.254/16
[DEBUG] java.class.path: /Users/quimeymunoz/.m2/wrapper/dists/apache-maven-3.9.6/a53741d1/boot/plexus-classworlds-2.7.0.jar
[DEBUG] java.class.version: 69.0
[DEBUG] java.home: /Library/Java/JavaVirtualMachines/jdk-25.jdk/Contents/Home
[DEBUG] java.io.tmpdir: /var/folders/k8/h3jqtm314zxdpc48qz5xy3f40000gn/T/
[DEBUG] java.library.path: /Users/quimeymunoz/Library/Java/Extensions:/Library/Java/Extensions:/Network/Library/Java/Extensions:/System/Library/Java/Extensions:/usr/lib/java:.
[DEBUG] java.runtime.name: Java(TM) SE Runtime Environment
[DEBUG] java.runtime.version: 25.0.1+8-LTS-27
[DEBUG] java.specification.name: Java Platform API Specification
[DEBUG] java.specification.vendor: Oracle Corporation
[DEBUG] java.specification.version: 25
[DEBUG] java.vendor: Oracle Corporation
[DEBUG] java.vendor.url: https://java.oracle.com/
[DEBUG] java.vendor.url.bug: https://bugreport.java.com/bugreport/
[DEBUG] java.version: 25.0.1
[DEBUG] java.version.date: 2025-10-21
[DEBUG] java.vm.compressedOopsMode: Zero based
[DEBUG] java.vm.info: mixed mode, sharing
[DEBUG] java.vm.name: Java HotSpot(TM) 64-Bit Server VM
[DEBUG] java.vm.specification.name: Java Virtual Machine Specification
[DEBUG] java.vm.specification.vendor: Oracle Corporation
[DEBUG] java.vm.specification.version: 25
[DEBUG] java.vm.vendor: Oracle Corporation
[DEBUG] java.vm.version: 25.0.1+8-LTS-27
[DEBUG] javafx.version: 25
[DEBUG] jdk.debug: release
[DEBUG] library.jansi.path: /Users/quimeymunoz/.m2/wrapper/dists/apache-maven-3.9.6/a53741d1/lib/jansi-native
[DEBUG] line.separator: 

[DEBUG] mainClassName: se.su.inlupp.Gui
[DEBUG] maven.build.timestamp: 2026-05-21T07:22:44Z
[DEBUG] maven.build.version: Apache Maven 3.9.6 (bc0240f3c744dd6b6ec2920b3cd08dcc295161ae)
[DEBUG] maven.compiler.release: 21
[DEBUG] maven.conf: /Users/quimeymunoz/.m2/wrapper/dists/apache-maven-3.9.6/a53741d1/conf
[DEBUG] maven.home: /Users/quimeymunoz/.m2/wrapper/dists/apache-maven-3.9.6/a53741d1
[DEBUG] maven.multiModuleProjectDirectory: /Users/quimeymunoz/DSV/PROG2/prog2-inlupp-template
[DEBUG] maven.test.skip: true
[DEBUG] maven.version: 3.9.6
[DEBUG] native.encoding: UTF-8
[DEBUG] os.arch: aarch64
[DEBUG] os.name: Mac OS X
[DEBUG] os.version: 26.4.1
[DEBUG] path.separator: :
[DEBUG] project.baseUri: file:/Users/quimeymunoz/DSV/PROG2/prog2-inlupp-template/gui/
[DEBUG] project.build.sourceEncoding: UTF-8
[DEBUG] socksNonProxyHosts: local|*.local|169.254/16|*.169.254/16
[DEBUG] stderr.encoding: UTF-8
[DEBUG] stdin.encoding: UTF-8
[DEBUG] stdout.encoding: UTF-8
[DEBUG] sun.arch.data.model: 64
[DEBUG] sun.boot.library.path: /Library/Java/JavaVirtualMachines/jdk-25.jdk/Contents/Home/lib
[DEBUG] sun.cpu.endian: little
[DEBUG] sun.io.unicode.encoding: UnicodeBig
[DEBUG] sun.java.command: org.codehaus.plexus.classworlds.launcher.Launcher clean package -Dmaven.test.skip -X
[DEBUG] sun.java.launcher: SUN_STANDARD
[DEBUG] sun.jnu.encoding: UTF-8
[DEBUG] sun.management.compiler: HotSpot 64-Bit Tiered Compilers
[DEBUG] user.country: SE
[DEBUG] user.dir: /Users/quimeymunoz/DSV/PROG2/prog2-inlupp-template
[DEBUG] user.home: /Users/quimeymunoz
[DEBUG] user.language: sv
[DEBUG] user.name: quimeymunoz
[DEBUG] Using 'UTF-8' encoding to copy filtered resources.
[DEBUG] Using 'UTF-8' encoding to copy filtered properties files.
[DEBUG] resource with targetPath null
directory /Users/quimeymunoz/DSV/PROG2/prog2-inlupp-template/gui/src/main/resources
excludes []
includes []
[INFO] skip non existing resourceDirectory /Users/quimeymunoz/DSV/PROG2/prog2-inlupp-template/gui/src/main/resources
[DEBUG] no user filter components
[INFO] 
[INFO] --- compiler:3.13.0:compile (default-compile) @ gui ---
[DEBUG] Loading mojo org.apache.maven.plugins:maven-compiler-plugin:3.13.0:compile from plugin realm ClassRealm[plugin>org.apache.maven.plugins:maven-compiler-plugin:3.13.0-569035858, parent: jdk.internal.loader.ClassLoaders$AppClassLoader@7a8c5397]
[DEBUG] Configuring mojo execution 'org.apache.maven.plugins:maven-compiler-plugin:3.13.0:compile:default-compile' with basic configurator -->
[DEBUG]   (f) annotationProcessorPathsUseDepMgmt = false
[DEBUG]   (f) basedir = /Users/quimeymunoz/DSV/PROG2/prog2-inlupp-template/gui
[DEBUG]   (f) buildDirectory = /Users/quimeymunoz/DSV/PROG2/prog2-inlupp-template/gui/target
[DEBUG]   (f) compilePath = [/Users/quimeymunoz/DSV/PROG2/prog2-inlupp-template/gui/target/classes, /Users/quimeymunoz/DSV/PROG2/prog2-inlupp-template/backend/target/backend-1.0-SNAPSHOT.jar, /Users/quimeymunoz/.m2/repository/org/openjfx/javafx-controls/25/javafx-controls-25.jar, /Users/quimeymunoz/.m2/repository/org/openjfx/javafx-controls/25/javafx-controls-25-mac-aarch64.jar, /Users/quimeymunoz/.m2/repository/org/openjfx/javafx-graphics/25/javafx-graphics-25.jar, /Users/quimeymunoz/.m2/repository/org/openjfx/javafx-graphics/25/javafx-graphics-25-mac-aarch64.jar, /Users/quimeymunoz/.m2/repository/org/openjfx/javafx-base/25/javafx-base-25.jar, /Users/quimeymunoz/.m2/repository/org/openjfx/javafx-base/25/javafx-base-25-mac-aarch64.jar, /Users/quimeymunoz/.m2/repository/org/openjfx/javafx-swing/25/javafx-swing-25.jar, /Users/quimeymunoz/.m2/repository/org/openjfx/javafx-swing/25/javafx-swing-25-mac-aarch64.jar]
[DEBUG]   (f) compileSourceRoots = [/Users/quimeymunoz/DSV/PROG2/prog2-inlupp-template/gui/src/main/java, /Users/quimeymunoz/DSV/PROG2/prog2-inlupp-template/gui/target/generated-sources/annotations]
[DEBUG]   (f) compilerId = javac
[DEBUG]   (f) createMissingPackageInfoClass = true
[DEBUG]   (f) debug = true
[DEBUG]   (f) debugFileName = javac
[DEBUG]   (f) enablePreview = false
[DEBUG]   (f) encoding = UTF-8
[DEBUG]   (f) failOnError = true
[DEBUG]   (f) failOnWarning = false
[DEBUG]   (f) fileExtensions = [jar, class]
[DEBUG]   (f) forceJavacCompilerUse = false
[DEBUG]   (f) forceLegacyJavacApi = false
[DEBUG]   (f) fork = false
[DEBUG]   (f) generatedSourcesDirectory = /Users/quimeymunoz/DSV/PROG2/prog2-inlupp-template/gui/target/generated-sources/annotations
[DEBUG]   (f) mojoExecution = org.apache.maven.plugins:maven-compiler-plugin:3.13.0:compile {execution: default-compile}
[DEBUG]   (f) optimize = false
[DEBUG]   (f) outputDirectory = /Users/quimeymunoz/DSV/PROG2/prog2-inlupp-template/gui/target/classes
[DEBUG]   (f) parameters = false
[DEBUG]   (f) project = MavenProject: se.su.inlupp:gui:1.0-SNAPSHOT @ /Users/quimeymunoz/DSV/PROG2/prog2-inlupp-template/gui/pom.xml
[DEBUG]   (f) projectArtifact = se.su.inlupp:gui:jar:1.0-SNAPSHOT
[DEBUG]   (s) release = 21
[DEBUG]   (f) session = org.apache.maven.execution.MavenSession@138caeca
[DEBUG]   (f) showCompilationChanges = false
[DEBUG]   (f) showDeprecation = false
[DEBUG]   (f) showWarnings = true
[DEBUG]   (f) skipMultiThreadWarning = false
[DEBUG]   (f) source = 1.8
[DEBUG]   (f) staleMillis = 0
[DEBUG]   (s) target = 1.8
[DEBUG]   (f) useIncrementalCompilation = true
[DEBUG]   (f) verbose = false
[DEBUG] -- end configuration --
[DEBUG] Using compiler 'javac'.
[DEBUG] Adding /Users/quimeymunoz/DSV/PROG2/prog2-inlupp-template/gui/target/generated-sources/annotations to compile source roots:
  /Users/quimeymunoz/DSV/PROG2/prog2-inlupp-template/gui/src/main/java
  /Users/quimeymunoz/DSV/PROG2/prog2-inlupp-template/gui/target/generated-sources/annotations
[DEBUG] New compile source roots:
  /Users/quimeymunoz/DSV/PROG2/prog2-inlupp-template/gui/src/main/java
  /Users/quimeymunoz/DSV/PROG2/prog2-inlupp-template/gui/target/generated-sources/annotations
[DEBUG] CompilerReuseStrategy: reuseCreated
[DEBUG] useIncrementalCompilation enabled
[INFO] 	New dependency detected: /Users/quimeymunoz/DSV/PROG2/prog2-inlupp-template/backend/target/backend-1.0-SNAPSHOT.jar
[INFO] Recompiling the module because of changed dependency.
[DEBUG] Classpath:
[DEBUG]  /Users/quimeymunoz/DSV/PROG2/prog2-inlupp-template/gui/target/classes
[DEBUG]  /Users/quimeymunoz/DSV/PROG2/prog2-inlupp-template/backend/target/backend-1.0-SNAPSHOT.jar
[DEBUG]  /Users/quimeymunoz/.m2/repository/org/openjfx/javafx-controls/25/javafx-controls-25.jar
[DEBUG]  /Users/quimeymunoz/.m2/repository/org/openjfx/javafx-controls/25/javafx-controls-25-mac-aarch64.jar
[DEBUG]  /Users/quimeymunoz/.m2/repository/org/openjfx/javafx-graphics/25/javafx-graphics-25.jar
[DEBUG]  /Users/quimeymunoz/.m2/repository/org/openjfx/javafx-graphics/25/javafx-graphics-25-mac-aarch64.jar
[DEBUG]  /Users/quimeymunoz/.m2/repository/org/openjfx/javafx-base/25/javafx-base-25.jar
[DEBUG]  /Users/quimeymunoz/.m2/repository/org/openjfx/javafx-base/25/javafx-base-25-mac-aarch64.jar
[DEBUG]  /Users/quimeymunoz/.m2/repository/org/openjfx/javafx-swing/25/javafx-swing-25.jar
[DEBUG]  /Users/quimeymunoz/.m2/repository/org/openjfx/javafx-swing/25/javafx-swing-25-mac-aarch64.jar
[DEBUG] Source roots:
[DEBUG]  /Users/quimeymunoz/DSV/PROG2/prog2-inlupp-template/gui/src/main/java
[DEBUG]  /Users/quimeymunoz/DSV/PROG2/prog2-inlupp-template/gui/target/generated-sources/annotations
[DEBUG] Command line options:
[DEBUG] -d /Users/quimeymunoz/DSV/PROG2/prog2-inlupp-template/gui/target/classes -classpath /Users/quimeymunoz/DSV/PROG2/prog2-inlupp-template/gui/target/classes:/Users/quimeymunoz/DSV/PROG2/prog2-inlupp-template/backend/target/backend-1.0-SNAPSHOT.jar:/Users/quimeymunoz/.m2/repository/org/openjfx/javafx-controls/25/javafx-controls-25.jar:/Users/quimeymunoz/.m2/repository/org/openjfx/javafx-controls/25/javafx-controls-25-mac-aarch64.jar:/Users/quimeymunoz/.m2/repository/org/openjfx/javafx-graphics/25/javafx-graphics-25.jar:/Users/quimeymunoz/.m2/repository/org/openjfx/javafx-graphics/25/javafx-graphics-25-mac-aarch64.jar:/Users/quimeymunoz/.m2/repository/org/openjfx/javafx-base/25/javafx-base-25.jar:/Users/quimeymunoz/.m2/repository/org/openjfx/javafx-base/25/javafx-base-25-mac-aarch64.jar:/Users/quimeymunoz/.m2/repository/org/openjfx/javafx-swing/25/javafx-swing-25.jar:/Users/quimeymunoz/.m2/repository/org/openjfx/javafx-swing/25/javafx-swing-25-mac-aarch64.jar: -sourcepath /Users/quimeymunoz/DSV/PROG2/prog2-inlupp-template/gui/src/main/java:/Users/quimeymunoz/DSV/PROG2/prog2-inlupp-template/gui/target/generated-sources/annotations:/Users/quimeymunoz/DSV/PROG2/prog2-inlupp-template/gui/target/generated-sources/annotations: -s /Users/quimeymunoz/DSV/PROG2/prog2-inlupp-template/gui/target/generated-sources/annotations -g --release 21 -encoding UTF-8 -XDuseUnsharedTable=true
[DEBUG] incrementalBuildHelper#beforeRebuildExecution
[INFO] Compiling 1 source file with javac [debug release 21] to target/classes
[DEBUG] incrementalBuildHelper#afterRebuildExecution
[WARNING] Overwriting artifact's file from /Users/quimeymunoz/DSV/PROG2/prog2-inlupp-template/gui/target/gui-1.0-SNAPSHOT.jar to /Users/quimeymunoz/DSV/PROG2/prog2-inlupp-template/gui/target/classes
[INFO] 
[INFO] <<< javafx:0.0.8:run (default) < process-classes @ gui <<<
[INFO] 
[INFO] 
[INFO] --- javafx:0.0.8:run (default) @ gui ---
[DEBUG] Using mirror maven-default-http-blocker (http://0.0.0.0/) for repository.jboss.org (http://repository.jboss.org/maven2).
[DEBUG] Using mirror maven-default-http-blocker (http://0.0.0.0/) for snapshots.jboss.org (http://snapshots.jboss.org/maven2).
[DEBUG] Using mirror maven-default-http-blocker (http://0.0.0.0/) for oss.sonatype.org/jboss-snapshots (http://oss.sonatype.org/content/repositories/jboss-snapshots).
[DEBUG] Using mirror maven-default-http-blocker (http://0.0.0.0/) for ow2-snapshot (http://repository.ow2.org/nexus/content/repositories/snapshots).
[DEBUG] Using mirror maven-default-http-blocker (http://0.0.0.0/) for codehaus.snapshots (http://snapshots.repository.codehaus.org).
[DEBUG] Using mirror maven-default-http-blocker (http://0.0.0.0/) for codehaus-snapshots (http://nexus.codehaus.org/snapshots/).
[DEBUG] Dependency collection stats {ConflictMarker.analyzeTime=70458, ConflictMarker.markTime=37083, ConflictMarker.nodeCount=96, ConflictIdSorter.graphTime=36500, ConflictIdSorter.topsortTime=26792, ConflictIdSorter.conflictIdCount=48, ConflictIdSorter.conflictIdCycleCount=0, ConflictResolver.totalTime=1921125, ConflictResolver.conflictItemCount=94, DfDependencyCollector.collectTime=68621709, DfDependencyCollector.transformTime=2124916}
[DEBUG] org.openjfx:javafx-maven-plugin:jar:0.0.8
[DEBUG]    org.apache.maven:maven-plugin-api:jar:3.6.0:compile
[DEBUG]       org.apache.maven:maven-model:jar:3.6.0:compile
[DEBUG]       org.apache.maven:maven-artifact:jar:3.6.0:compile
[DEBUG]       org.eclipse.sisu:org.eclipse.sisu.plexus:jar:0.3.3:compile
[DEBUG]          javax.enterprise:cdi-api:jar:1.0:compile
[DEBUG]             javax.annotation:jsr250-api:jar:1.0:compile
[DEBUG]       org.codehaus.plexus:plexus-utils:jar:3.1.0:compile
[DEBUG]       org.codehaus.plexus:plexus-classworlds:jar:2.5.2:compile
[DEBUG]    org.codehaus.plexus:plexus-java:jar:0.9.11:compile
[DEBUG]       org.ow2.asm:asm:jar:7.0-beta:compile
[DEBUG]       com.thoughtworks.qdox:qdox:jar:2.0-M9:compile
[DEBUG]    org.codehaus.plexus:plexus-archiver:jar:3.6.0:compile
[DEBUG]       org.codehaus.plexus:plexus-io:jar:3.0.1:compile
[DEBUG]          commons-io:commons-io:jar:2.6:compile
[DEBUG]       org.apache.commons:commons-compress:jar:1.16.1:compile
[DEBUG]          org.objenesis:objenesis:jar:2.6:compile
[DEBUG]       org.iq80.snappy:snappy:jar:0.4:compile
[DEBUG]       org.tukaani:xz:jar:1.8:runtime
[DEBUG]    org.apache.commons:commons-exec:jar:1.3:compile
[DEBUG]    org.apache.maven:maven-core:jar:3.6.0:compile
[DEBUG]       org.apache.maven:maven-settings:jar:3.6.0:compile
[DEBUG]       org.apache.maven:maven-settings-builder:jar:3.6.0:compile
[DEBUG]          org.codehaus.plexus:plexus-interpolation:jar:1.25:compile
[DEBUG]          org.sonatype.plexus:plexus-sec-dispatcher:jar:1.4:compile
[DEBUG]             org.sonatype.plexus:plexus-cipher:jar:1.4:compile
[DEBUG]       org.apache.maven:maven-builder-support:jar:3.6.0:compile
[DEBUG]       org.apache.maven:maven-repository-metadata:jar:3.6.0:compile
[DEBUG]       org.apache.maven:maven-model-builder:jar:3.6.0:compile
[DEBUG]       org.apache.maven:maven-resolver-provider:jar:3.6.0:compile
[DEBUG]          org.slf4j:slf4j-api:jar:1.7.25:compile
[DEBUG]       org.apache.maven.resolver:maven-resolver-impl:jar:1.3.1:compile
[DEBUG]       org.apache.maven.resolver:maven-resolver-api:jar:1.3.1:compile
[DEBUG]       org.apache.maven.resolver:maven-resolver-spi:jar:1.3.1:compile
[DEBUG]       org.apache.maven.resolver:maven-resolver-util:jar:1.3.1:compile
[DEBUG]       org.apache.maven.shared:maven-shared-utils:jar:3.2.1:compile
[DEBUG]       org.eclipse.sisu:org.eclipse.sisu.inject:jar:0.3.3:compile
[DEBUG]       com.google.inject:guice:jar:no_aop:4.2.1:compile
[DEBUG]          aopalliance:aopalliance:jar:1.0:compile
[DEBUG]          com.google.guava:guava:jar:25.1-android:compile
[DEBUG]             com.google.code.findbugs:jsr305:jar:3.0.2:compile
[DEBUG]             org.checkerframework:checker-compat-qual:jar:2.0.0:compile
[DEBUG]             com.google.errorprone:error_prone_annotations:jar:2.1.3:compile
[DEBUG]             com.google.j2objc:j2objc-annotations:jar:1.1:compile
[DEBUG]             org.codehaus.mojo:animal-sniffer-annotations:jar:1.14:compile
[DEBUG]       javax.inject:javax.inject:jar:1:compile
[DEBUG]       org.codehaus.plexus:plexus-component-annotations:jar:1.7.1:compile
[DEBUG]       org.apache.commons:commons-lang3:jar:3.8.1:compile
[DEBUG] Created new class realm plugin>org.openjfx:javafx-maven-plugin:0.0.8
[DEBUG] Importing foreign packages into class realm plugin>org.openjfx:javafx-maven-plugin:0.0.8
[DEBUG]   Imported:  < maven.api
[DEBUG] Populating class realm plugin>org.openjfx:javafx-maven-plugin:0.0.8
[DEBUG]   Included: org.openjfx:javafx-maven-plugin:jar:0.0.8
[DEBUG]   Included: javax.enterprise:cdi-api:jar:1.0
[DEBUG]   Included: javax.annotation:jsr250-api:jar:1.0
[DEBUG]   Included: org.codehaus.plexus:plexus-utils:jar:3.1.0
[DEBUG]   Included: org.codehaus.plexus:plexus-java:jar:0.9.11
[DEBUG]   Included: org.ow2.asm:asm:jar:7.0-beta
[DEBUG]   Included: com.thoughtworks.qdox:qdox:jar:2.0-M9
[DEBUG]   Included: org.codehaus.plexus:plexus-archiver:jar:3.6.0
[DEBUG]   Included: org.codehaus.plexus:plexus-io:jar:3.0.1
[DEBUG]   Included: commons-io:commons-io:jar:2.6
[DEBUG]   Included: org.apache.commons:commons-compress:jar:1.16.1
[DEBUG]   Included: org.objenesis:objenesis:jar:2.6
[DEBUG]   Included: org.iq80.snappy:snappy:jar:0.4
[DEBUG]   Included: org.tukaani:xz:jar:1.8
[DEBUG]   Included: org.apache.commons:commons-exec:jar:1.3
[DEBUG]   Included: org.codehaus.plexus:plexus-interpolation:jar:1.25
[DEBUG]   Included: org.sonatype.plexus:plexus-sec-dispatcher:jar:1.4
[DEBUG]   Included: org.sonatype.plexus:plexus-cipher:jar:1.4
[DEBUG]   Included: org.apache.maven:maven-builder-support:jar:3.6.0
[DEBUG]   Included: org.apache.maven.shared:maven-shared-utils:jar:3.2.1
[DEBUG]   Included: org.eclipse.sisu:org.eclipse.sisu.inject:jar:0.3.3
[DEBUG]   Included: com.google.inject:guice:jar:no_aop:4.2.1
[DEBUG]   Included: aopalliance:aopalliance:jar:1.0
[DEBUG]   Included: com.google.guava:guava:jar:25.1-android
[DEBUG]   Included: com.google.code.findbugs:jsr305:jar:3.0.2
[DEBUG]   Included: org.checkerframework:checker-compat-qual:jar:2.0.0
[DEBUG]   Included: com.google.errorprone:error_prone_annotations:jar:2.1.3
[DEBUG]   Included: com.google.j2objc:j2objc-annotations:jar:1.1
[DEBUG]   Included: org.codehaus.mojo:animal-sniffer-annotations:jar:1.14
[DEBUG]   Included: org.codehaus.plexus:plexus-component-annotations:jar:1.7.1
[DEBUG]   Included: org.apache.commons:commons-lang3:jar:3.8.1
[DEBUG] Loading mojo org.openjfx:javafx-maven-plugin:0.0.8:run from plugin realm ClassRealm[plugin>org.openjfx:javafx-maven-plugin:0.0.8, parent: jdk.internal.loader.ClassLoaders$AppClassLoader@7a8c5397]
[DEBUG] Configuring mojo execution 'org.openjfx:javafx-maven-plugin:0.0.8:run:default' with basic configurator -->
[DEBUG]   (f) async = false
[DEBUG]   (f) asyncDestroyOnShutdown = true
[DEBUG]   (f) basedir = /Users/quimeymunoz/DSV/PROG2/prog2-inlupp-template/gui
[DEBUG]   (f) builddir = /Users/quimeymunoz/DSV/PROG2/prog2-inlupp-template/gui/target
[DEBUG]   (f) compilePath = [/Users/quimeymunoz/DSV/PROG2/prog2-inlupp-template/gui/target/classes, /Users/quimeymunoz/DSV/PROG2/prog2-inlupp-template/backend/target/backend-1.0-SNAPSHOT.jar, /Users/quimeymunoz/.m2/repository/org/openjfx/javafx-controls/25/javafx-controls-25.jar, /Users/quimeymunoz/.m2/repository/org/openjfx/javafx-controls/25/javafx-controls-25-mac-aarch64.jar, /Users/quimeymunoz/.m2/repository/org/openjfx/javafx-graphics/25/javafx-graphics-25.jar, /Users/quimeymunoz/.m2/repository/org/openjfx/javafx-graphics/25/javafx-graphics-25-mac-aarch64.jar, /Users/quimeymunoz/.m2/repository/org/openjfx/javafx-base/25/javafx-base-25.jar, /Users/quimeymunoz/.m2/repository/org/openjfx/javafx-base/25/javafx-base-25-mac-aarch64.jar, /Users/quimeymunoz/.m2/repository/org/openjfx/javafx-swing/25/javafx-swing-25.jar, /Users/quimeymunoz/.m2/repository/org/openjfx/javafx-swing/25/javafx-swing-25-mac-aarch64.jar]
[DEBUG]   (f) executable = java
[DEBUG]   (f) includePathExceptionsInClasspath = false
[DEBUG]   (f) mainClass = se.su.inlupp.Gui
[DEBUG]   (f) project = MavenProject: se.su.inlupp:gui:1.0-SNAPSHOT @ /Users/quimeymunoz/DSV/PROG2/prog2-inlupp-template/gui/pom.xml
[DEBUG]   (f) session = org.apache.maven.execution.MavenSession@138caeca
[DEBUG]   (f) skip = false
[DEBUG] -- end configuration --
[DEBUG] Executable [java]
[DEBUG] Total dependencyArtifacts: 10
[DEBUG] module descriptor path: null
[DEBUG] Classpath:2
[DEBUG]  /Users/quimeymunoz/DSV/PROG2/prog2-inlupp-template/gui/target/classes
[DEBUG]  /Users/quimeymunoz/DSV/PROG2/prog2-inlupp-template/backend/target/backend-1.0-SNAPSHOT.jar
[DEBUG] Modulepath: 8
[DEBUG]  /Users/quimeymunoz/.m2/repository/org/openjfx/javafx-base/25/javafx-base-25-mac-aarch64.jar
[DEBUG]  /Users/quimeymunoz/.m2/repository/org/openjfx/javafx-base/25/javafx-base-25.jar
[DEBUG]  /Users/quimeymunoz/.m2/repository/org/openjfx/javafx-controls/25/javafx-controls-25-mac-aarch64.jar
[DEBUG]  /Users/quimeymunoz/.m2/repository/org/openjfx/javafx-controls/25/javafx-controls-25.jar
[DEBUG]  /Users/quimeymunoz/.m2/repository/org/openjfx/javafx-graphics/25/javafx-graphics-25-mac-aarch64.jar
[DEBUG]  /Users/quimeymunoz/.m2/repository/org/openjfx/javafx-graphics/25/javafx-graphics-25.jar
[DEBUG]  /Users/quimeymunoz/.m2/repository/org/openjfx/javafx-swing/25/javafx-swing-25-mac-aarch64.jar
[DEBUG]  /Users/quimeymunoz/.m2/repository/org/openjfx/javafx-swing/25/javafx-swing-25.jar
[DEBUG] pathElements: 10
[DEBUG]  /Users/quimeymunoz/DSV/PROG2/prog2-inlupp-template/gui/target/classes :: null
[DEBUG]  /Users/quimeymunoz/.m2/repository/org/openjfx/javafx-base/25/javafx-base-25-mac-aarch64.jar :: javafx.base
[DEBUG]  /Users/quimeymunoz/.m2/repository/org/openjfx/javafx-base/25/javafx-base-25.jar :: javafx.baseEmpty
[DEBUG]  /Users/quimeymunoz/.m2/repository/org/openjfx/javafx-controls/25/javafx-controls-25-mac-aarch64.jar :: javafx.controls
[DEBUG]  /Users/quimeymunoz/.m2/repository/org/openjfx/javafx-controls/25/javafx-controls-25.jar :: javafx.controlsEmpty
[DEBUG]  /Users/quimeymunoz/.m2/repository/org/openjfx/javafx-graphics/25/javafx-graphics-25-mac-aarch64.jar :: javafx.graphics
[DEBUG]  /Users/quimeymunoz/.m2/repository/org/openjfx/javafx-graphics/25/javafx-graphics-25.jar :: javafx.graphicsEmpty
[DEBUG]  /Users/quimeymunoz/.m2/repository/org/openjfx/javafx-swing/25/javafx-swing-25-mac-aarch64.jar :: javafx.swing
[DEBUG]  /Users/quimeymunoz/.m2/repository/org/openjfx/javafx-swing/25/javafx-swing-25.jar :: javafx.swingEmpty
[DEBUG]  /Users/quimeymunoz/DSV/PROG2/prog2-inlupp-template/backend/target/backend-1.0-SNAPSHOT.jar :: backend
[DEBUG] Executing command line: [java, --module-path, /Users/quimeymunoz/.m2/repository/org/openjfx/javafx-base/25/javafx-base-25-mac-aarch64.jar:/Users/quimeymunoz/.m2/repository/org/openjfx/javafx-base/25/javafx-base-25.jar:/Users/quimeymunoz/.m2/repository/org/openjfx/javafx-controls/25/javafx-controls-25-mac-aarch64.jar:/Users/quimeymunoz/.m2/repository/org/openjfx/javafx-controls/25/javafx-controls-25.jar:/Users/quimeymunoz/.m2/repository/org/openjfx/javafx-graphics/25/javafx-graphics-25-mac-aarch64.jar:/Users/quimeymunoz/.m2/repository/org/openjfx/javafx-graphics/25/javafx-graphics-25.jar:/Users/quimeymunoz/.m2/repository/org/openjfx/javafx-swing/25/javafx-swing-25-mac-aarch64.jar:/Users/quimeymunoz/.m2/repository/org/openjfx/javafx-swing/25/javafx-swing-25.jar, --add-modules, javafx.base,javafx.controls,javafx.graphics,javafx.swing, -classpath, /Users/quimeymunoz/DSV/PROG2/prog2-inlupp-template/gui/target/classes:/Users/quimeymunoz/DSV/PROG2/prog2-inlupp-template/backend/target/backend-1.0-SNAPSHOT.jar, se.su.inlupp.Gui]
WARNING: A restricted method in java.lang.System has been called
WARNING: java.lang.System::load has been called by com.sun.glass.utils.NativeLibLoader in module javafx.graphics (file:/Users/quimeymunoz/.m2/repository/org/openjfx/javafx-graphics/25/javafx-graphics-25-mac-aarch64.jar)
WARNING: Use --enable-native-access=javafx.graphics to avoid a warning for callers in this module
WARNING: Restricted methods will be blocked in a future release unless native access is enabled

Exception in Application start method
java.lang.reflect.InvocationTargetException
	at java.base/jdk.internal.reflect.DirectMethodHandleAccessor.invoke(DirectMethodHandleAccessor.java:119)
	at java.base/java.lang.reflect.Method.invoke(Method.java:565)
	at javafx.graphics@25/com.sun.javafx.application.LauncherImpl.launchApplicationWithArgs(LauncherImpl.java:470)
	at javafx.graphics@25/com.sun.javafx.application.LauncherImpl.launchApplication(LauncherImpl.java:370)
	at java.base/jdk.internal.reflect.DirectMethodHandleAccessor.invoke(DirectMethodHandleAccessor.java:104)
	at java.base/java.lang.reflect.Method.invoke(Method.java:565)
	at java.base/sun.launcher.LauncherHelper$FXHelper.main(LauncherHelper.java:1171)
Caused by: java.lang.RuntimeException: Exception in Application start method
	at javafx.graphics@25/com.sun.javafx.application.LauncherImpl.launchApplication1(LauncherImpl.java:899)
	at javafx.graphics@25/com.sun.javafx.application.LauncherImpl.lambda$launchApplication$0(LauncherImpl.java:202)
	at java.base/java.lang.Thread.run(Thread.java:1474)
Caused by: java.lang.NullPointerException: Cannot load from double array because "pos" is null
	at se.su.inlupp.Gui.start(Gui.java:61)
	at javafx.graphics@25/com.sun.javafx.application.LauncherImpl.lambda$launchApplication1$4(LauncherImpl.java:845)
	at javafx.graphics@25/com.sun.javafx.application.PlatformImpl.lambda$runAndWait$0(PlatformImpl.java:449)
	at javafx.graphics@25/com.sun.javafx.application.PlatformImpl.lambda$runLater$0(PlatformImpl.java:424)
	at javafx.graphics@25/com.sun.glass.ui.InvokeLaterDispatcher$Future.run(InvokeLaterDispatcher.java:95)
Exception running application se.su.inlupp.Gui
[ERROR] Command execution failed.
org.apache.commons.exec.ExecuteException: Process exited with an error: 1 (Exit value: 1)
    at org.apache.commons.exec.DefaultExecutor.executeInternal (DefaultExecutor.java:404)
    at org.apache.commons.exec.DefaultExecutor.execute (DefaultExecutor.java:166)
    at org.openjfx.JavaFXBaseMojo.executeCommandLine (JavaFXBaseMojo.java:567)
    at org.openjfx.JavaFXBaseMojo.executeCommandLine (JavaFXBaseMojo.java:434)
    at org.openjfx.JavaFXRunMojo.execute (JavaFXRunMojo.java:105)
    at org.apache.maven.plugin.DefaultBuildPluginManager.executeMojo (DefaultBuildPluginManager.java:126)
    at org.apache.maven.lifecycle.internal.MojoExecutor.doExecute2 (MojoExecutor.java:328)
    at org.apache.maven.lifecycle.internal.MojoExecutor.doExecute (MojoExecutor.java:316)
    at org.apache.maven.lifecycle.internal.MojoExecutor.execute (MojoExecutor.java:212)
    at org.apache.maven.lifecycle.internal.MojoExecutor.execute (MojoExecutor.java:174)
    at org.apache.maven.lifecycle.internal.MojoExecutor.access$000 (MojoExecutor.java:75)
    at org.apache.maven.lifecycle.internal.MojoExecutor$1.run (MojoExecutor.java:162)
    at org.apache.maven.plugin.DefaultMojosExecutionStrategy.execute (DefaultMojosExecutionStrategy.java:39)
    at org.apache.maven.lifecycle.internal.MojoExecutor.execute (MojoExecutor.java:159)
    at org.apache.maven.lifecycle.internal.LifecycleModuleBuilder.buildProject (LifecycleModuleBuilder.java:105)
    at org.apache.maven.lifecycle.internal.LifecycleModuleBuilder.buildProject (LifecycleModuleBuilder.java:73)
    at org.apache.maven.lifecycle.internal.builder.singlethreaded.SingleThreadedBuilder.build (SingleThreadedBuilder.java:53)
    at org.apache.maven.lifecycle.internal.LifecycleStarter.execute (LifecycleStarter.java:118)
    at org.apache.maven.DefaultMaven.doExecute (DefaultMaven.java:261)
    at org.apache.maven.DefaultMaven.doExecute (DefaultMaven.java:173)
    at org.apache.maven.DefaultMaven.execute (DefaultMaven.java:101)
    at org.apache.maven.cli.MavenCli.execute (MavenCli.java:906)
    at org.apache.maven.cli.MavenCli.doMain (MavenCli.java:283)
    at org.apache.maven.cli.MavenCli.main (MavenCli.java:206)
    at jdk.internal.reflect.DirectMethodHandleAccessor.invoke (DirectMethodHandleAccessor.java:104)
    at java.lang.reflect.Method.invoke (Method.java:565)
    at org.codehaus.plexus.classworlds.launcher.Launcher.launchEnhanced (Launcher.java:283)
    at org.codehaus.plexus.classworlds.launcher.Launcher.launch (Launcher.java:226)
    at org.codehaus.plexus.classworlds.launcher.Launcher.mainWithExitCode (Launcher.java:407)
    at org.codehaus.plexus.classworlds.launcher.Launcher.main (Launcher.java:348)
org.apache.commons.exec.ExecuteException: Process exited with an error: 1 (Exit value: 1)
	at org.apache.commons.exec.DefaultExecutor.executeInternal(DefaultExecutor.java:404)
	at org.apache.commons.exec.DefaultExecutor.execute(DefaultExecutor.java:166)
	at org.openjfx.JavaFXBaseMojo.executeCommandLine(JavaFXBaseMojo.java:567)
	at org.openjfx.JavaFXBaseMojo.executeCommandLine(JavaFXBaseMojo.java:434)
	at org.openjfx.JavaFXRunMojo.execute(JavaFXRunMojo.java:105)
	at org.apache.maven.plugin.DefaultBuildPluginManager.executeMojo(DefaultBuildPluginManager.java:126)
	at org.apache.maven.lifecycle.internal.MojoExecutor.doExecute2(MojoExecutor.java:328)
	at org.apache.maven.lifecycle.internal.MojoExecutor.doExecute(MojoExecutor.java:316)
	at org.apache.maven.lifecycle.internal.MojoExecutor.execute(MojoExecutor.java:212)
	at org.apache.maven.lifecycle.internal.MojoExecutor.execute(MojoExecutor.java:174)
	at org.apache.maven.lifecycle.internal.MojoExecutor.access$000(MojoExecutor.java:75)
	at org.apache.maven.lifecycle.internal.MojoExecutor$1.run(MojoExecutor.java:162)
	at org.apache.maven.plugin.DefaultMojosExecutionStrategy.execute(DefaultMojosExecutionStrategy.java:39)
	at org.apache.maven.lifecycle.internal.MojoExecutor.execute(MojoExecutor.java:159)
	at org.apache.maven.lifecycle.internal.LifecycleModuleBuilder.buildProject(LifecycleModuleBuilder.java:105)
	at org.apache.maven.lifecycle.internal.LifecycleModuleBuilder.buildProject(LifecycleModuleBuilder.java:73)
	at org.apache.maven.lifecycle.internal.builder.singlethreaded.SingleThreadedBuilder.build(SingleThreadedBuilder.java:53)
	at org.apache.maven.lifecycle.internal.LifecycleStarter.execute(LifecycleStarter.java:118)
	at org.apache.maven.DefaultMaven.doExecute(DefaultMaven.java:261)
	at org.apache.maven.DefaultMaven.doExecute(DefaultMaven.java:173)
	at org.apache.maven.DefaultMaven.execute(DefaultMaven.java:101)
	at org.apache.maven.cli.MavenCli.execute(MavenCli.java:906)
	at org.apache.maven.cli.MavenCli.doMain(MavenCli.java:283)
	at org.apache.maven.cli.MavenCli.main(MavenCli.java:206)
	at java.base/jdk.internal.reflect.DirectMethodHandleAccessor.invoke(DirectMethodHandleAccessor.java:104)
	at java.base/java.lang.reflect.Method.invoke(Method.java:565)
	at org.codehaus.plexus.classworlds.launcher.Launcher.launchEnhanced(Launcher.java:283)
	at org.codehaus.plexus.classworlds.launcher.Launcher.launch(Launcher.java:226)
	at org.codehaus.plexus.classworlds.launcher.Launcher.mainWithExitCode(Launcher.java:407)
	at org.codehaus.plexus.classworlds.launcher.Launcher.main(Launcher.java:348)
[INFO] ------------------------------------------------------------------------
[INFO] Reactor Summary for inlupp 1.0-SNAPSHOT:
[INFO] 
[INFO] inlupp ............................................. SUCCESS [  0.061 s]
[INFO] backend ............................................ SUCCESS [  0.851 s]
[INFO] gui ................................................ FAILURE [  1.688 s]
[INFO] ------------------------------------------------------------------------
[INFO] BUILD FAILURE
[INFO] ------------------------------------------------------------------------
[INFO] Total time:  2.662 s
[INFO] Finished at: 2026-05-21T09:22:45+02:00
[INFO] ------------------------------------------------------------------------
[ERROR] Failed to execute goal org.openjfx:javafx-maven-plugin:0.0.8:run (default) on project gui: Error: Command execution failed. Process exited with an error: 1 (Exit value: 1) -> [Help 1]
org.apache.maven.lifecycle.LifecycleExecutionException: Failed to execute goal org.openjfx:javafx-maven-plugin:0.0.8:run (default) on project gui: Error
    at org.apache.maven.lifecycle.internal.MojoExecutor.doExecute2 (MojoExecutor.java:333)
    at org.apache.maven.lifecycle.internal.MojoExecutor.doExecute (MojoExecutor.java:316)
    at org.apache.maven.lifecycle.internal.MojoExecutor.execute (MojoExecutor.java:212)
    at org.apache.maven.lifecycle.internal.MojoExecutor.execute (MojoExecutor.java:174)
    at org.apache.maven.lifecycle.internal.MojoExecutor.access$000 (MojoExecutor.java:75)
    at org.apache.maven.lifecycle.internal.MojoExecutor$1.run (MojoExecutor.java:162)
    at org.apache.maven.plugin.DefaultMojosExecutionStrategy.execute (DefaultMojosExecutionStrategy.java:39)
    at org.apache.maven.lifecycle.internal.MojoExecutor.execute (MojoExecutor.java:159)
    at org.apache.maven.lifecycle.internal.LifecycleModuleBuilder.buildProject (LifecycleModuleBuilder.java:105)
    at org.apache.maven.lifecycle.internal.LifecycleModuleBuilder.buildProject (LifecycleModuleBuilder.java:73)
    at org.apache.maven.lifecycle.internal.builder.singlethreaded.SingleThreadedBuilder.build (SingleThreadedBuilder.java:53)
    at org.apache.maven.lifecycle.internal.LifecycleStarter.execute (LifecycleStarter.java:118)
    at org.apache.maven.DefaultMaven.doExecute (DefaultMaven.java:261)
    at org.apache.maven.DefaultMaven.doExecute (DefaultMaven.java:173)
    at org.apache.maven.DefaultMaven.execute (DefaultMaven.java:101)
    at org.apache.maven.cli.MavenCli.execute (MavenCli.java:906)
    at org.apache.maven.cli.MavenCli.doMain (MavenCli.java:283)
    at org.apache.maven.cli.MavenCli.main (MavenCli.java:206)
    at jdk.internal.reflect.DirectMethodHandleAccessor.invoke (DirectMethodHandleAccessor.java:104)
    at java.lang.reflect.Method.invoke (Method.java:565)
    at org.codehaus.plexus.classworlds.launcher.Launcher.launchEnhanced (Launcher.java:283)
    at org.codehaus.plexus.classworlds.launcher.Launcher.launch (Launcher.java:226)
    at org.codehaus.plexus.classworlds.launcher.Launcher.mainWithExitCode (Launcher.java:407)
    at org.codehaus.plexus.classworlds.launcher.Launcher.main (Launcher.java:348)
Caused by: org.apache.maven.plugin.MojoExecutionException: Error
    at org.openjfx.JavaFXRunMojo.execute (JavaFXRunMojo.java:122)
    at org.apache.maven.plugin.DefaultBuildPluginManager.executeMojo (DefaultBuildPluginManager.java:126)
    at org.apache.maven.lifecycle.internal.MojoExecutor.doExecute2 (MojoExecutor.java:328)
    at org.apache.maven.lifecycle.internal.MojoExecutor.doExecute (MojoExecutor.java:316)
    at org.apache.maven.lifecycle.internal.MojoExecutor.execute (MojoExecutor.java:212)
    at org.apache.maven.lifecycle.internal.MojoExecutor.execute (MojoExecutor.java:174)
    at org.apache.maven.lifecycle.internal.MojoExecutor.access$000 (MojoExecutor.java:75)
    at org.apache.maven.lifecycle.internal.MojoExecutor$1.run (MojoExecutor.java:162)
    at org.apache.maven.plugin.DefaultMojosExecutionStrategy.execute (DefaultMojosExecutionStrategy.java:39)
    at org.apache.maven.lifecycle.internal.MojoExecutor.execute (MojoExecutor.java:159)
    at org.apache.maven.lifecycle.internal.LifecycleModuleBuilder.buildProject (LifecycleModuleBuilder.java:105)
    at org.apache.maven.lifecycle.internal.LifecycleModuleBuilder.buildProject (LifecycleModuleBuilder.java:73)
    at org.apache.maven.lifecycle.internal.builder.singlethreaded.SingleThreadedBuilder.build (SingleThreadedBuilder.java:53)
    at org.apache.maven.lifecycle.internal.LifecycleStarter.execute (LifecycleStarter.java:118)
    at org.apache.maven.DefaultMaven.doExecute (DefaultMaven.java:261)
    at org.apache.maven.DefaultMaven.doExecute (DefaultMaven.java:173)
    at org.apache.maven.DefaultMaven.execute (DefaultMaven.java:101)
    at org.apache.maven.cli.MavenCli.execute (MavenCli.java:906)
    at org.apache.maven.cli.MavenCli.doMain (MavenCli.java:283)
    at org.apache.maven.cli.MavenCli.main (MavenCli.java:206)
    at jdk.internal.reflect.DirectMethodHandleAccessor.invoke (DirectMethodHandleAccessor.java:104)
    at java.lang.reflect.Method.invoke (Method.java:565)
    at org.codehaus.plexus.classworlds.launcher.Launcher.launchEnhanced (Launcher.java:283)
    at org.codehaus.plexus.classworlds.launcher.Launcher.launch (Launcher.java:226)
    at org.codehaus.plexus.classworlds.launcher.Launcher.mainWithExitCode (Launcher.java:407)
    at org.codehaus.plexus.classworlds.launcher.Launcher.main (Launcher.java:348)
Caused by: org.apache.maven.plugin.MojoExecutionException: Command execution failed.
    at org.openjfx.JavaFXRunMojo.execute (JavaFXRunMojo.java:116)
    at org.apache.maven.plugin.DefaultBuildPluginManager.executeMojo (DefaultBuildPluginManager.java:126)
    at org.apache.maven.lifecycle.internal.MojoExecutor.doExecute2 (MojoExecutor.java:328)
    at org.apache.maven.lifecycle.internal.MojoExecutor.doExecute (MojoExecutor.java:316)
    at org.apache.maven.lifecycle.internal.MojoExecutor.execute (MojoExecutor.java:212)
    at org.apache.maven.lifecycle.internal.MojoExecutor.execute (MojoExecutor.java:174)
    at org.apache.maven.lifecycle.internal.MojoExecutor.access$000 (MojoExecutor.java:75)
    at org.apache.maven.lifecycle.internal.MojoExecutor$1.run (MojoExecutor.java:162)
    at org.apache.maven.plugin.DefaultMojosExecutionStrategy.execute (DefaultMojosExecutionStrategy.java:39)
    at org.apache.maven.lifecycle.internal.MojoExecutor.execute (MojoExecutor.java:159)
    at org.apache.maven.lifecycle.internal.LifecycleModuleBuilder.buildProject (LifecycleModuleBuilder.java:105)
    at org.apache.maven.lifecycle.internal.LifecycleModuleBuilder.buildProject (LifecycleModuleBuilder.java:73)
    at org.apache.maven.lifecycle.internal.builder.singlethreaded.SingleThreadedBuilder.build (SingleThreadedBuilder.java:53)
    at org.apache.maven.lifecycle.internal.LifecycleStarter.execute (LifecycleStarter.java:118)
    at org.apache.maven.DefaultMaven.doExecute (DefaultMaven.java:261)
    at org.apache.maven.DefaultMaven.doExecute (DefaultMaven.java:173)
    at org.apache.maven.DefaultMaven.execute (DefaultMaven.java:101)
    at org.apache.maven.cli.MavenCli.execute (MavenCli.java:906)
    at org.apache.maven.cli.MavenCli.doMain (MavenCli.java:283)
    at org.apache.maven.cli.MavenCli.main (MavenCli.java:206)
    at jdk.internal.reflect.DirectMethodHandleAccessor.invoke (DirectMethodHandleAccessor.java:104)
    at java.lang.reflect.Method.invoke (Method.java:565)
    at org.codehaus.plexus.classworlds.launcher.Launcher.launchEnhanced (Launcher.java:283)
    at org.codehaus.plexus.classworlds.launcher.Launcher.launch (Launcher.java:226)
    at org.codehaus.plexus.classworlds.launcher.Launcher.mainWithExitCode (Launcher.java:407)
    at org.codehaus.plexus.classworlds.launcher.Launcher.main (Launcher.java:348)
Caused by: org.apache.commons.exec.ExecuteException: Process exited with an error: 1 (Exit value: 1)
    at org.apache.commons.exec.DefaultExecutor.executeInternal (DefaultExecutor.java:404)
    at org.apache.commons.exec.DefaultExecutor.execute (DefaultExecutor.java:166)
    at org.openjfx.JavaFXBaseMojo.executeCommandLine (JavaFXBaseMojo.java:567)
    at org.openjfx.JavaFXBaseMojo.executeCommandLine (JavaFXBaseMojo.java:434)
    at org.openjfx.JavaFXRunMojo.execute (JavaFXRunMojo.java:105)
    at org.apache.maven.plugin.DefaultBuildPluginManager.executeMojo (DefaultBuildPluginManager.java:126)
    at org.apache.maven.lifecycle.internal.MojoExecutor.doExecute2 (MojoExecutor.java:328)
    at org.apache.maven.lifecycle.internal.MojoExecutor.doExecute (MojoExecutor.java:316)
    at org.apache.maven.lifecycle.internal.MojoExecutor.execute (MojoExecutor.java:212)
    at org.apache.maven.lifecycle.internal.MojoExecutor.execute (MojoExecutor.java:174)
    at org.apache.maven.lifecycle.internal.MojoExecutor.access$000 (MojoExecutor.java:75)
    at org.apache.maven.lifecycle.internal.MojoExecutor$1.run (MojoExecutor.java:162)
    at org.apache.maven.plugin.DefaultMojosExecutionStrategy.execute (DefaultMojosExecutionStrategy.java:39)
    at org.apache.maven.lifecycle.internal.MojoExecutor.execute (MojoExecutor.java:159)
    at org.apache.maven.lifecycle.internal.LifecycleModuleBuilder.buildProject (LifecycleModuleBuilder.java:105)
    at org.apache.maven.lifecycle.internal.LifecycleModuleBuilder.buildProject (LifecycleModuleBuilder.java:73)
    at org.apache.maven.lifecycle.internal.builder.singlethreaded.SingleThreadedBuilder.build (SingleThreadedBuilder.java:53)
    at org.apache.maven.lifecycle.internal.LifecycleStarter.execute (LifecycleStarter.java:118)
    at org.apache.maven.DefaultMaven.doExecute (DefaultMaven.java:261)
    at org.apache.maven.DefaultMaven.doExecute (DefaultMaven.java:173)
    at org.apache.maven.DefaultMaven.execute (DefaultMaven.java:101)
    at org.apache.maven.cli.MavenCli.execute (MavenCli.java:906)
    at org.apache.maven.cli.MavenCli.doMain (MavenCli.java:283)
    at org.apache.maven.cli.MavenCli.main (MavenCli.java:206)
    at jdk.internal.reflect.DirectMethodHandleAccessor.invoke (DirectMethodHandleAccessor.java:104)
    at java.lang.reflect.Method.invoke (Method.java:565)
    at org.codehaus.plexus.classworlds.launcher.Launcher.launchEnhanced (Launcher.java:283)
    at org.codehaus.plexus.classworlds.launcher.Launcher.launch (Launcher.java:226)
    at org.codehaus.plexus.classworlds.launcher.Launcher.mainWithExitCode (Launcher.java:407)
    at org.codehaus.plexus.classworlds.launcher.Launcher.main (Launcher.java:348)
[ERROR] 
[ERROR] 
[ERROR] For more information about the errors and possible solutions, please read the following articles:
[ERROR] [Help 1] http://cwiki.apache.org/confluence/display/MAVEN/MojoExecutionException
[ERROR] 
[ERROR] After correcting the problems, you can resume the build with the command
[ERROR]   mvn <args> -rf :gui
[DEBUG] Shutting down adapter factory; available factories [file-lock, rwlock-local, semaphore-local, noop]; available name mappers [discriminating, file-gav, file-hgav, file-static, gav, static]
[DEBUG] Shutting down 'file-lock' factory
[DEBUG] Shutting down 'rwlock-local' factory
[DEBUG] Shutting down 'semaphore-local' factory
[DEBUG] Shutting down 'noop' factory
